Jun  2 08:49:54 tera sendmail[17304]: t52CnfmN017304: from=<condorito@uca.edu.py>, size=1977, class=0, nrcpts=1, msgid=<89733C58B86C42B16D6821999DC18A14@suoqe>, proto=ESMTP, daemon=TLSMTA, relay=24-247-202-23.dhcp.bycy.mi.charter.com [24.247.202.23]
Jun  2 08:50:03 tera sendmail[17788]: AUTH=server, relay=[38.81.103.222], authid=condorito@uca.edu.py, mech=LOGIN, bits=0
Jun  2 08:50:04 tera sendmail[17721]: AUTH=server, relay=177-131-160-157.corp.sumicity.net.br [177.131.160.157] (may be forged), authid=condorito@uca.edu.py, mech=LOGIN, bits=0
Jun  2 08:50:07 tera sendmail[17788]: t52Cnsx0017788: from=<condorito@uca.edu.py>, size=2049, class=0, nrcpts=1, msgid=<23D998BAA377599A46430AB7D3D16C32@enkazu>, proto=ESMTP, daemon=TLSMTA, relay=[38.81.103.222]
Jun  2 08:50:11 tera sendmail[17721]: t52CntN3017721: from=<condorito@uca.edu.py>, size=2016, class=0, nrcpts=1, msgid=<7E84CBBD7FAB8576AAAFE65E5AB28B92@jykcjrj>, proto=ESMTP, daemon=TLSMTA, relay=177-131-160-157.corp.sumicity.net.br [177.131.160.157] (may be forged)
Jun  2 08:50:11 tera sendmail[18534]: t52Co4Hp018138: to=<condorito@uca.edu.py>, delay=00:00:04, xdelay=00:00:00, mailer=local, pri=34562, dsn=2.0.0, stat=Sent
Jun  2 08:50:13 tera sendmail[18648]: t52Co7Ko018120: to=<condorito@uca.edu.py>, delay=00:00:06, xdelay=00:00:01, mailer=local, pri=35450, dsn=2.0.0, stat=Sent
Jun  2 08:50:20 tera sendmail[18372]: AUTH=server, relay=severenchuk-196.dataline.net.ua [5.53.118.196] (may be forged), authid=condorito@uca.edu.py, mech=LOGIN, bits=0
Jun  2 08:50:26 tera sendmail[18372]: t52CoCkS018372: from=<condorito@uca.edu.py>, size=1816, class=0, nrcpts=1, msgid=<FE04457B9F4B65A67A7F368BEF36FA1D@zlqhxx>, proto=ESMTP, daemon=TLSMTA, relay=severenchuk-196.dataline.net.ua [5.53.118.196] (may be forged)
Jun  2 08:50:44 tera sendmail[19064]: AUTH=server, relay=matter.hope.volia.net [93.73.194.136], authid=condorito@uca.edu.py, mech=LOGIN, bits=0
Jun  2 08:50:45 tera sendmail[19096]: AUTH=server, relay=ip-176-193-110-199.bb.netbynet.ru [176.193.110.199] (may be forged), authid=condorito@uca.edu.py, mech=LOGIN, bits=0
Jun  2 08:50:47 tera sendmail[19064]: t52CoVVk019064: from=<condorito@uca.edu.py>, size=0, class=0, nrcpts=0, proto=ESMTP, daemon=TLSMTA, relay=matter.hope.volia.net [93.73.194.136]
Jun  2 08:50:48 tera sendmail[19216]: AUTH=server, relay=188-180-237-70-static.dk.customer.tdc.net [188.180.237.70], authid=condorito@uca.edu.py, mech=LOGIN, bits=0
Jun  2 08:50:50 tera sendmail[19096]: t52CoXaX019096: from=<condorito@uca.edu.py>, size=0, class=0, nrcpts=0, proto=ESMTP, daemon=TLSMTA, relay=ip-176-193-110-199.bb.netbynet.ru [176.193.110.199] (may be forged)
Jun  2 08:50:55 tera sendmail[19216]: t52CoaPe019216: from=<condorito@uca.edu.py>, size=1844, class=0, nrcpts=1, msgid=<09F3B2B95480AE6DB1B4FD4024D12FA6@bfhaafy>, proto=ESMTP, daemon=TLSMTA, relay=188-180-237-70-static.dk.customer.tdc.net [188.180.237.70]
Jun  2 08:51:09 tera sendmail[20285]: AUTH=server, relay=37.61.250.125.dyn.nubbitel.es [37.61.250.125] (may be forged), authid=condorito@uca.edu.py, mech=LOGIN, bits=0
Jun  2 08:51:15 tera sendmail[20285]: t52Cp1XZ020285: from=<condorito@uca.edu.py>, size=2080, class=0, nrcpts=1, msgid=<D12B6A06B0644A89555019A4C044A4FE@eiyy>, proto=ESMTP, daemon=TLSMTA, relay=37.61.250.125.dyn.nubbitel.es [37.61.250.125] (may be forged)
Jun  2 08:51:17 tera sendmail[20448]: AUTH=server, relay=[202.155.196.22], authid=condorito@uca.edu.py, mech=LOGIN, bits=0
Jun  2 08:51:24 tera sendmail[20776]: AUTH=server, relay=[138.75.159.97], authid=condorito@uca.edu.py, mech=LOGIN, bits=0
Jun  2 08:51:26 tera sendmail[20448]: t52Cp3gP020448: from=<condorito@uca.edu.py>, size=1874, class=0, nrcpts=1, msgid=<976D2C3D07D3FD3EE2E7AE1377869E84@aijavar>, proto=ESMTP, daemon=TLSMTA, relay=[202.155.196.22]
Jun  2 08:51:26 tera sendmail[21252]: t52CpJqP020933: to=<condorito@uca.edu.py>, delay=00:00:03, xdelay=00:00:00, mailer=local, pri=34877, dsn=2.0.0, stat=Sent
Jun  2 08:51:31 tera sendmail[20776]: t52CpEH0020776: from=<condorito@uca.edu.py>, size=1849, class=0, nrcpts=1, msgid=<F9034DECA6725CAF73763F8783C9B562@umkrdlf>, proto=ESMTP, daemon=TLSMTA, relay=[138.75.159.97]
Jun  2 08:51:36 tera sendmail[21500]: t52CpXYo021390: to=<condorito@uca.edu.py>, delay=00:00:02, xdelay=00:00:01, mailer=local, pri=34366, dsn=2.0.0, stat=Sent
Jun  2 08:51:39 tera sendmail[21700]: t52CpXPK021409: to=<condorito@uca.edu.py>, delay=00:00:05, xdelay=00:00:02, mailer=local, pri=36203, dsn=2.0.0, stat=Sent
Jun  2 08:51:39 tera sendmail[21297]: AUTH=server, relay=pool-109-191-66-74.is74.ru [109.191.66.74], authid=condorito@uca.edu.py, mech=LOGIN, bits=0
Jun  2 08:51:42 tera sendmail[21297]: t52CpXiU021297: from=<condorito@uca.edu.py>, size=0, class=0, nrcpts=0, proto=ESMTP, daemon=TLSMTA, relay=pool-109-191-66-74.is74.ru [109.191.66.74]
Jun  2 08:51:48 tera sendmail[21641]: AUTH=server, relay=[69.63.233.227], authid=condorito@uca.edu.py, mech=LOGIN, bits=0
Jun  2 08:51:50 tera sendmail[22498]: t52CpiTl021913: to=<condorito@uca.edu.py>, delay=00:00:02, xdelay=00:00:00, mailer=local, pri=34706, dsn=2.0.0, stat=Sent
Jun  2 08:51:51 tera sendmail[21641]: t52Cpdqo021641: from=<condorito@uca.edu.py>, size=1819, class=0, nrcpts=1, msgid=<E41E5F2FB96D43805C5910ADC920779F@tklx>, proto=ESMTP, daemon=TLSMTA, relay=[69.63.233.227]
Jun  2 08:51:53 tera sendmail[21865]: AUTH=server, relay=host-109-204-139-9.tp-fne.tampereenpuhelin.net [109.204.139.9], authid=condorito@uca.edu.py, mech=LOGIN, bits=0
Jun  2 08:51:58 tera sendmail[21865]: t52Cpmh1021865: from=<condorito@uca.edu.py>, size=2210, class=0, nrcpts=1, msgid=<A55F11918A5E70835F5A13ABAFE91FF1@mbybzra>, proto=ESMTP, daemon=TLSMTA, relay=host-109-204-139-9.tp-fne.tampereenpuhelin.net [109.204.139.9]
Jun  2 08:52:00 tera sendmail[22398]: AUTH=server, relay=client-135-92.speedy-net.bg [78.159.135.92], authid=condorito@uca.edu.py, mech=LOGIN, bits=0
Jun  2 08:52:01 tera sendmail[22657]: AUTH=server, relay=162-178-128-083.dynamic.caiway.nl [83.128.178.162], authid=condorito@uca.edu.py, mech=LOGIN, bits=0
Jun  2 08:52:02 tera sendmail[22533]: AUTH=server, relay=64-126-67-122.dyn.everestkc.net [64.126.67.122], authid=condorito@uca.edu.py, mech=LOGIN, bits=0
Jun  2 08:52:04 tera sendmail[22398]: t52CpppF022398: from=<condorito@uca.edu.py>, size=0, class=0, nrcpts=0, proto=ESMTP, daemon=TLSMTA, relay=client-135-92.speedy-net.bg [78.159.135.92]
Jun  2 08:52:04 tera sendmail[22657]: t52Cpv2m022657: from=<condorito@uca.edu.py>, size=2041, class=0, nrcpts=1, msgid=<619BDA99A0745A99454009B4D07AC68C@dnjvvlj>, proto=ESMTP, daemon=TLSMTA, relay=162-178-128-083.dynamic.caiway.nl [83.128.178.162]
Jun  2 08:52:08 tera sendmail[22533]: t52Cpsp5022533: from=<condorito@uca.edu.py>, size=2121, class=0, nrcpts=1, msgid=<CE347AE767B39D6EB2B7FE4642297417@bnyjh>, proto=ESMTP, daemon=TLSMTA, relay=64-126-67-122.dyn.everestkc.net [64.126.67.122]
Jun  2 08:52:16 tera sendmail[23058]: AUTH=server, relay=[92.247.87.146], authid=condorito@uca.edu.py, mech=LOGIN, bits=0
Jun  2 08:52:18 tera sendmail[23079]: AUTH=server, relay=94.41.37.115.dynamic.ufanet.ru [94.41.37.115], authid=condorito@uca.edu.py, mech=LOGIN, bits=0
Jun  2 08:52:19 tera sendmail[23467]: t52CqDct023179: to=<condorito@uca.edu.py>, delay=00:00:04, xdelay=00:00:01, mailer=local, pri=34569, dsn=2.0.0, stat=Sent
Jun  2 08:52:19 tera sendmail[23406]: t52CqBo5023126: to=<condorito@uca.edu.py>, delay=00:00:05, xdelay=00:00:01, mailer=local, pri=35439, dsn=2.0.0, stat=Sent
Jun  2 08:52:22 tera sendmail[23058]: t52CqAXh023058: from=<condorito@uca.edu.py>, size=1816, class=0, nrcpts=1, msgid=<2BD190C08D5977B4686D2499FD36BB73@kcmx>, proto=ESMTP, daemon=TLSMTA, relay=[92.247.87.146]
Jun  2 08:52:24 tera sendmail[23079]: t52CqA9q023079: from=<condorito@uca.edu.py>, size=2000, class=0, nrcpts=1, msgid=<7983CD4CFF2B05F62A2F66DEDA9408B0@xzmop>, proto=ESMTP, daemon=TLSMTA, relay=94.41.37.115.dynamic.ufanet.ru [94.41.37.115]
Jun  2 08:52:32 tera sendmail[23607]: AUTH=server, relay=173-18-113-56.client.mchsi.com [173.18.113.56], authid=condorito@uca.edu.py, mech=LOGIN, bits=0
Jun  2 08:52:36 tera sendmail[23971]: t52CqVu1023787: to=<condorito@uca.edu.py>, delay=00:00:02, xdelay=00:00:01, mailer=local, pri=35793, dsn=2.0.0, stat=Sent
Jun  2 08:52:37 tera sendmail[23689]: AUTH=server, relay=[83.222.85.172], authid=condorito@uca.edu.py, mech=LOGIN, bits=0
Jun  2 08:52:41 tera sendmail[24118]: t52CqaVl023988: to=<condorito@uca.edu.py>, delay=00:00:02, xdelay=00:00:00, mailer=local, pri=35645, dsn=2.0.0, stat=Sent
Jun  2 08:52:41 tera sendmail[23704]: AUTH=server, relay=host-46-50-185-224.bbcustomer.zsttk.net [46.50.185.224], authid=condorito@uca.edu.py, mech=LOGIN, bits=0
Jun  2 08:52:41 tera sendmail[23689]: t52CqRME023689: from=<condorito@uca.edu.py>, size=0, class=0, nrcpts=0, proto=ESMTP, daemon=TLSMTA, relay=[83.222.85.172]
Jun  2 08:52:45 tera sendmail[23704]: t52CqUwY023704: from=<condorito@uca.edu.py>, size=0, class=0, nrcpts=0, proto=ESMTP, daemon=TLSMTA, relay=host-46-50-185-224.bbcustomer.zsttk.net [46.50.185.224]
Jun  2 08:52:50 tera sendmail[24411]: t52Cqh1R024165: to=<condorito@uca.edu.py>, delay=00:00:05, xdelay=00:00:00, mailer=local, pri=35043, dsn=2.0.0, stat=Sent
Jun  2 08:52:52 tera sendmail[23607]: t52CqOgx023607: from=<condorito@uca.edu.py>, size=0, class=0, nrcpts=0, proto=ESMTP, daemon=TLSMTA, relay=173-18-113-56.client.mchsi.com [173.18.113.56]
Jun  2 08:52:55 tera sendmail[24273]: AUTH=server, relay=68-113-208-178.dhcp.ftwo.tx.charter.com [68.113.208.178], authid=condorito@uca.edu.py, mech=LOGIN, bits=0
Jun  2 08:52:57 tera sendmail[24273]: t52CqlGG024273: from=<condorito@uca.edu.py>, size=0, class=0, nrcpts=0, proto=ESMTP, daemon=TLSMTA, relay=68-113-208-178.dhcp.ftwo.tx.charter.com [68.113.208.178]
Jun  2 08:53:05 tera sendmail[24823]: t52CqvJI024569: to=<condorito@uca.edu.py>, delay=00:00:06, xdelay=00:00:00, mailer=local, pri=34672, dsn=2.0.0, stat=Sent
Jun  2 08:53:05 tera sendmail[24871]: t52CqxYH024607: to=<condorito@uca.edu.py>, delay=00:00:02, xdelay=00:00:00, mailer=local, pri=35179, dsn=2.0.0, stat=Sent
Jun  2 08:53:08 tera sendmail[24274]: AUTH=server, relay=mail.interlinkaviation.com [24.206.221.134] (may be forged), authid=condorito@uca.edu.py, mech=LOGIN, bits=0
Jun  2 08:53:11 tera sendmail[25047]: t52Cr6KY024887: to=<condorito@uca.edu.py>, delay=00:00:03, xdelay=00:00:00, mailer=local, pri=35103, dsn=2.0.0, stat=Sent
Jun  2 08:53:12 tera sendmail[24591]: AUTH=server, relay=[94.204.50.38], authid=condorito@uca.edu.py, mech=LOGIN, bits=0
Jun  2 08:53:14 tera sendmail[24274]: t52CqmaG024274: from=<condorito@uca.edu.py>, size=1911, class=0, nrcpts=1, msgid=<847E30C2588CA2518D88C1797DF735EE@mynxpnt>, proto=ESMTP, daemon=TLSMTA, relay=mail.interlinkaviation.com [24.206.221.134] (may be forged)
Jun  2 08:53:14 tera sendmail[25169]: t52CrAko025004: to=<condorito@uca.edu.py>, delay=00:00:02, xdelay=00:00:00, mailer=local, pri=34518, dsn=2.0.0, stat=Sent
Jun  2 08:53:15 tera sendmail[24890]: AUTH=server, relay=ip-219-84.ists.pl [87.239.219.84], authid=condorito@uca.edu.py, mech=LOGIN, bits=0
Jun  2 08:53:17 tera sendmail[24591]: t52Cr0FF024591: from=<condorito@uca.edu.py>, size=0, class=0, nrcpts=0, proto=ESMTP, daemon=TLSMTA, relay=[94.204.50.38]
Jun  2 08:53:18 tera sendmail[24890]: t52Cr8VC024890: from=<condorito@uca.edu.py>, size=0, class=0, nrcpts=0, proto=ESMTP, daemon=TLSMTA, relay=ip-219-84.ists.pl [87.239.219.84]
Jun  2 08:53:26 tera sendmail[25506]: t52CrMc6025257: to=<condorito@uca.edu.py>, delay=00:00:02, xdelay=00:00:00, mailer=local, pri=35063, dsn=2.0.0, stat=Sent
Jun  2 08:53:28 tera sendmail[25244]: AUTH=server, relay=c-73-176-204-139.hsd1.il.comcast.net [73.176.204.139], authid=condorito@uca.edu.py, mech=LOGIN, bits=0
Jun  2 08:53:28 tera sendmail[25299]: AUTH=server, relay=[176.15.122.25], authid=condorito@uca.edu.py, mech=LOGIN, bits=0
Jun  2 08:53:29 tera sendmail[25606]: t52CrLSM025356: to=<condorito@uca.edu.py>, delay=00:00:05, xdelay=00:00:01, mailer=local, pri=34654, dsn=2.0.0, stat=Sent
Jun  2 08:53:30 tera sendmail[25299]: t52CrKSa025299: from=<condorito@uca.edu.py>, size=0, class=0, nrcpts=0, proto=ESMTP, daemon=TLSMTA, relay=[176.15.122.25]
Jun  2 08:53:31 tera sendmail[25244]: t52CrIdf025244: from=<condorito@uca.edu.py>, size=0, class=0, nrcpts=0, proto=ESMTP, daemon=TLSMTA, relay=c-73-176-204-139.hsd1.il.comcast.net [73.176.204.139]
Jun  2 08:53:39 tera sendmail[25512]: AUTH=server, relay=[101.127.115.154], authid=condorito@uca.edu.py, mech=LOGIN, bits=0
Jun  2 08:53:42 tera sendmail[25946]: t52CrZkU025754: to=<condorito@uca.edu.py>, delay=00:00:04, xdelay=00:00:00, mailer=local, pri=35232, dsn=2.0.0, stat=Sent
Jun  2 08:53:44 tera sendmail[26053]: t52CreFn025860: to=<condorito@uca.edu.py>, delay=00:00:02, xdelay=00:00:00, mailer=local, pri=36030, dsn=2.0.0, stat=Sent
Jun  2 08:53:46 tera sendmail[25795]: AUTH=server, relay=cpc19-lanc6-2-0-cust176.3-3.cable.virginm.net [86.30.169.177], authid=condorito@uca.edu.py, mech=LOGIN, bits=0
Jun  2 08:53:47 tera sendmail[25512]: t52CrSlv025512: from=<condorito@uca.edu.py>, size=1919, class=0, nrcpts=1, msgid=<7389C9591ECAE427FBFEB70A6E03CC51@vxzw>, proto=ESMTP, daemon=TLSMTA, relay=[101.127.115.154]
Jun  2 08:53:52 tera sendmail[25795]: t52CrdrA025795: from=<condorito@uca.edu.py>, size=1987, class=0, nrcpts=1, msgid=<FA004E9E3AEEC033EFEAA31B1F0D57F6@etzscu>, proto=ESMTP, daemon=TLSMTA, relay=cpc19-lanc6-2-0-cust176.3-3.cable.virginm.net [86.30.169.177]
Jun  2 08:53:53 tera sendmail[25843]: AUTH=server, relay=210006110060.ctinets.com [210.6.110.60], authid=condorito@uca.edu.py, mech=LOGIN, bits=0
Jun  2 08:53:54 tera sendmail[26329]: t52Crprj026217: to=<condorito@uca.edu.py>, delay=00:00:02, xdelay=00:00:01, mailer=local, pri=34946, dsn=2.0.0, stat=Sent
Jun  2 08:53:56 tera sendmail[25843]: t52CrgQp025843: from=<condorito@uca.edu.py>, size=0, class=0, nrcpts=0, proto=ESMTP, daemon=TLSMTA, relay=210006110060.ctinets.com [210.6.110.60]
Jun  2 08:54:00 tera sendmail[26483]: t52Crj9p026071: to=<condorito@uca.edu.py>, delay=00:00:07, xdelay=00:00:02, mailer=local, pri=36023, dsn=2.0.0, stat=Sent
Jun  2 08:54:06 tera sendmail[26356]: AUTH=server, relay=host-178-159-117-170.mirgiga.net [178.159.117.170] (may be forged), authid=condorito@uca.edu.py, mech=LOGIN, bits=0
Jun  2 08:54:09 tera sendmail[26356]: t52Crwph026356: from=<condorito@uca.edu.py>, size=2004, class=0, nrcpts=1, msgid=<986222D95A8EA063BFBAF34E2A84DEEE@rmcqj>, proto=ESMTP, daemon=TLSMTA, relay=host-178-159-117-170.mirgiga.net [178.159.117.170] (may be forged)
Jun  2 08:54:09 tera sendmail[26606]: AUTH=server, relay=c-50-190-196-110.hsd1.md.comcast.net [50.190.196.110], authid=condorito@uca.edu.py, mech=LOGIN, bits=0
Jun  2 08:54:10 tera sendmail[26403]: AUTH=server, relay=174.83.151.178.triolan.net [178.151.83.174] (may be forged), authid=condorito@uca.edu.py, mech=LOGIN, bits=0
Jun  2 08:54:10 tera sendmail[26960]: t52Cs4tB026481: to=<condorito@uca.edu.py>, delay=00:00:06, xdelay=00:00:01, mailer=local, pri=35572, dsn=2.0.0, stat=Sent
Jun  2 08:54:12 tera sendmail[27171]: t52Cs66v026724: to=<condorito@uca.edu.py>, delay=00:00:03, xdelay=00:00:00, mailer=local, pri=34357, dsn=2.0.0, stat=Sent
Jun  2 08:54:13 tera sendmail[26606]: t52Cs4HJ026606: from=<condorito@uca.edu.py>, size=1894, class=0, nrcpts=1, msgid=<A8521C2AB26648BB67622B93978E9E60@vuut>, proto=ESMTP, daemon=TLSMTA, relay=c-50-190-196-110.hsd1.md.comcast.net [50.190.196.110]
Jun  2 08:54:15 tera sendmail[27394]: t52CsAab027009: to=<condorito@uca.edu.py>, delay=00:00:02, xdelay=00:00:00, mailer=local, pri=35463, dsn=2.0.0, stat=Sent
Jun  2 08:54:16 tera sendmail[26403]: t52Cs0tf026403: from=<condorito@uca.edu.py>, size=1969, class=0, nrcpts=1, msgid=<5AA0EED6E93D13E03C3970C8CC77D29D@jyomcoe>, proto=ESMTP, daemon=TLSMTA, relay=174.83.151.178.triolan.net [178.151.83.174] (may be forged)
Jun  2 08:54:20 tera sendmail[27010]: AUTH=server, relay=190-72-42-98.dyn.dsl.cantv.net [190.72.42.98] (may be forged), authid=condorito@uca.edu.py, mech=LOGIN, bits=0
Jun  2 08:54:23 tera sendmail[27010]: t52CsAwR027010: from=<condorito@uca.edu.py>, size=0, class=0, nrcpts=0, proto=ESMTP, daemon=TLSMTA, relay=190-72-42-98.dyn.dsl.cantv.net [190.72.42.98] (may be forged)
Jun  2 08:54:36 tera sendmail[28362]: t52CsV4s028192: to=<condorito@uca.edu.py>, delay=00:00:03, xdelay=00:00:00, mailer=local, pri=34479, dsn=2.0.0, stat=Sent
Jun  2 08:54:39 tera sendmail[28139]: AUTH=server, relay=ool-4576d8bf.dyn.optonline.net [69.118.216.191], authid=condorito@uca.edu.py, mech=LOGIN, bits=0
Jun  2 08:54:40 tera sendmail[28109]: AUTH=server, relay=[176.122.62.200], authid=condorito@uca.edu.py, mech=LOGIN, bits=0
Jun  2 08:54:40 tera sendmail[28196]: AUTH=server, relay=[222.119.81.63], authid=condorito@uca.edu.py, mech=LOGIN, bits=0
Jun  2 08:54:45 tera sendmail[28626]: t52CscgN028382: to=<condorito@uca.edu.py>, delay=00:00:05, xdelay=00:00:00, mailer=local, pri=36354, dsn=2.0.0, stat=Sent
Jun  2 08:54:45 tera sendmail[28139]: t52CsVbE028139: from=<condorito@uca.edu.py>, size=2185, class=0, nrcpts=1, msgid=<5DA7E9F1F4200EFD21246DD5D196A9C5@eixqy>, proto=ESMTP, daemon=TLSMTA, relay=ool-4576d8bf.dyn.optonline.net [69.118.216.191]
Jun  2 08:54:46 tera sendmail[28196]: t52CsWwH028196: from=<condorito@uca.edu.py>, size=0, class=0, nrcpts=0, proto=ESMTP, daemon=TLSMTA, relay=[222.119.81.63]
Jun  2 08:54:49 tera sendmail[28109]: t52CsVfC028109: from=<condorito@uca.edu.py>, size=1684, class=0, nrcpts=1, msgid=<58A2E2215B8FA162BEBBF24F2B4CC450@kizkbq>, proto=ESMTP, daemon=TLSMTA, relay=[176.122.62.200]
Jun  2 08:54:49 tera sendmail[28267]: AUTH=server, relay=nz110l253.bb60246.ctm.net [60.246.110.253], authid=condorito@uca.edu.py, mech=LOGIN, bits=0
Jun  2 08:55:00 tera sendmail[29144]: t52CsuqB029032: to=<condorito@uca.edu.py>, delay=00:00:03, xdelay=00:00:00, mailer=local, pri=35351, dsn=2.0.0, stat=Sent
Jun  2 08:55:01 tera sendmail[29290]: t52Cswxv029074: to=<condorito@uca.edu.py>, delay=00:00:03, xdelay=00:00:00, mailer=local, pri=35737, dsn=2.0.0, stat=Sent
Jun  2 08:55:05 tera sendmail[28720]: AUTH=server, relay=cust-112138.ptera.net [199.127.112.138], authid=condorito@uca.edu.py, mech=LOGIN, bits=0
Jun  2 08:55:09 tera sendmail[28720]: t52CsoXr028720: from=<condorito@uca.edu.py>, size=0, class=0, nrcpts=0, proto=ESMTP, daemon=TLSMTA, relay=cust-112138.ptera.net [199.127.112.138]
Jun  2 08:55:11 tera sendmail[28267]: t52Csb9u028267: from=<condorito@uca.edu.py>, size=1827, class=0, nrcpts=1, msgid=<29D3934DBC684685595C15A8CCCC25D3@pgvq>, proto=ESMTP, daemon=TLSMTA, relay=nz110l253.bb60246.ctm.net [60.246.110.253]
Jun  2 08:55:31 tera sendmail[29839]: AUTH=server, relay=nz128l132.bb122100.ctm.net [122.100.128.132], authid=condorito@uca.edu.py, mech=LOGIN, bits=0
Jun  2 08:55:35 tera sendmail[29951]: AUTH=server, relay=162-178-128-083.dynamic.caiway.nl [83.128.178.162], authid=condorito@uca.edu.py, mech=LOGIN, bits=0
Jun  2 08:55:35 tera sendmail[29957]: AUTH=server, relay=[176.15.153.163], authid=condorito@uca.edu.py, mech=LOGIN, bits=0
Jun  2 08:55:35 tera sendmail[30095]: AUTH=server, relay=net129.233.188-42.ertelecom.ru [188.233.129.42] (may be forged), authid=condorito@uca.edu.py, mech=LOGIN, bits=0
Jun  2 08:55:37 tera sendmail[29839]: t52CtOYB029839: from=<condorito@uca.edu.py>, size=1962, class=0, nrcpts=1, msgid=<DE24645500D4FA39E5E0A91470004E11@mvczwz>, proto=ESMTP, daemon=TLSMTA, relay=nz128l132.bb122100.ctm.net [122.100.128.132]
Jun  2 08:55:38 tera sendmail[29957]: t52CtRRu029957: from=<condorito@uca.edu.py>, size=0, class=0, nrcpts=0, proto=ESMTP, daemon=TLSMTA, relay=[176.15.153.163]
Jun  2 08:55:39 tera sendmail[30095]: t52CtVeH030095: from=<condorito@uca.edu.py>, size=1869, class=0, nrcpts=1, msgid=<EF155570489CB271ADA8E15C381E0524@mkvhs>, proto=ESMTP, daemon=TLSMTA, relay=net129.233.188-42.ertelecom.ru [188.233.129.42] (may be forged)
Jun  2 08:55:40 tera sendmail[29951]: t52CtQMX029951: from=<condorito@uca.edu.py>, size=2048, class=0, nrcpts=1, msgid=<F2084638AF7B55A67A7F368E8A9B25AB@mfpjtwg>, proto=ESMTP, daemon=TLSMTA, relay=162-178-128-083.dynamic.caiway.nl [83.128.178.162]
Jun  2 08:55:52 tera sendmail[30898]: t52Ctkc1030639: to=<condorito@uca.edu.py>, delay=00:00:04, xdelay=00:00:00, mailer=local, pri=34442, dsn=2.0.0, stat=Sent
Jun  2 08:55:52 tera sendmail[30934]: t52CtoQI030794: to=<condorito@uca.edu.py>, delay=00:00:01, xdelay=00:00:00, mailer=local, pri=34300, dsn=2.0.0, stat=Sent
Jun  2 08:55:53 tera sendmail[30570]: AUTH=server, relay=broadband-178-140-220-163.nationalcablenetworks.ru [178.140.220.163], authid=condorito@uca.edu.py, mech=LOGIN, bits=0
Jun  2 08:55:54 tera sendmail[30673]: AUTH=server, relay=lan-114-200.users.mns.ru [178.162.114.200] (may be forged), authid=condorito@uca.edu.py, mech=LOGIN, bits=0
Jun  2 08:55:55 tera sendmail[30814]: AUTH=server, relay=c-50-152-158-195.hsd1.ca.comcast.net [50.152.158.195], authid=condorito@uca.edu.py, mech=LOGIN, bits=0
Jun  2 08:55:56 tera sendmail[30673]: t52CtnG4030673: from=<condorito@uca.edu.py>, size=2014, class=0, nrcpts=1, msgid=<38C28CCFAD7957A4787D348C8816E442@azcumtl>, proto=ESMTP, daemon=TLSMTA, relay=lan-114-200.users.mns.ru [178.162.114.200] (may be forged)
Jun  2 08:55:58 tera sendmail[30814]: t52CtqZL030814: from=<condorito@uca.edu.py>, size=0, class=0, nrcpts=0, proto=ESMTP, daemon=TLSMTA, relay=c-50-152-158-195.hsd1.ca.comcast.net [50.152.158.195]
Jun  2 08:56:00 tera sendmail[30570]: t52Cti8x030570: from=<condorito@uca.edu.py>, size=1768, class=0, nrcpts=1, msgid=<5FA5E5F8D4002EED31347DC0A48698BF@imlethe>, proto=ESMTP, daemon=TLSMTA, relay=broadband-178-140-220-163.nationalcablenetworks.ru [178.140.220.163]
Jun  2 08:56:22 tera sendmail[750]: t52CuBml032759: to=<condorito@uca.edu.py>, delay=00:00:09, xdelay=00:00:01, mailer=local, pri=34343, dsn=2.0.0, stat=Sent
Jun  2 08:56:22 tera sendmail[373]: AUTH=server, relay=c-76-17-177-48.hsd1.mn.comcast.net [76.17.177.48], authid=condorito@uca.edu.py, mech=LOGIN, bits=0
Jun  2 08:56:23 tera sendmail[336]: AUTH=server, relay=108.29.156.175.unknown.m1.com.sg [175.156.29.108] (may be forged), authid=condorito@uca.edu.py, mech=LOGIN, bits=0
Jun  2 08:56:23 tera sendmail[373]: t52CuHOX000373: from=<condorito@uca.edu.py>, size=0, class=0, nrcpts=0, proto=ESMTP, daemon=TLSMTA, relay=c-76-17-177-48.hsd1.mn.comcast.net [76.17.177.48]
Jun  2 08:56:24 tera sendmail[866]: t52CuGYD000470: to=<condorito@uca.edu.py>, delay=00:00:07, xdelay=00:00:02, mailer=local, pri=36271, dsn=2.0.0, stat=Sent
Jun  2 08:56:29 tera sendmail[336]: t52CuEo4000336: from=<condorito@uca.edu.py>, size=2161, class=0, nrcpts=1, msgid=<14EEAF04E1351BE8343178C0C410B4EA@fzfptl>, proto=ESMTP, daemon=TLSMTA, relay=108.29.156.175.unknown.m1.com.sg [175.156.29.108] (may be forged)
Jun  2 08:56:48 tera sendmail[1158]: AUTH=server, relay=154.79.156.175.unknown.m1.com.sg [175.156.79.154] (may be forged), authid=condorito@uca.edu.py, mech=LOGIN, bits=0
Jun  2 08:56:50 tera sendmail[1206]: AUTH=server, relay=[85.28.184.205], authid=condorito@uca.edu.py, mech=LOGIN, bits=0
Jun  2 08:56:51 tera sendmail[1167]: AUTH=server, relay=36-238-200-155.dynamic-ip.hinet.net [36.238.200.155], authid=condorito@uca.edu.py, mech=LOGIN, bits=0
Jun  2 08:56:52 tera sendmail[1149]: AUTH=server, relay=104-244-24-105.PUBLIC.monkeybrains.net [104.244.24.105], authid=condorito@uca.edu.py, mech=LOGIN, bits=0
Jun  2 08:56:54 tera sendmail[1158]: t52Cucqn001158: from=<condorito@uca.edu.py>, size=0, class=0, nrcpts=0, proto=ESMTP, daemon=TLSMTA, relay=154.79.156.175.unknown.m1.com.sg [175.156.79.154] (may be forged)
Jun  2 08:56:54 tera sendmail[1565]: t52CumZX001389: to=<condorito@uca.edu.py>, delay=00:00:02, xdelay=00:00:00, mailer=local, pri=34631, dsn=2.0.0, stat=Sent
Jun  2 08:56:57 tera sendmail[1167]: t52Cuew3001167: from=<condorito@uca.edu.py>, size=2196, class=0, nrcpts=1, msgid=<54AEEF50DD0927D4080D44FCF8ED283A@bmwm>, proto=ESMTP, daemon=TLSMTA, relay=36-238-200-155.dynamic-ip.hinet.net [36.238.200.155]
Jun  2 08:56:58 tera sendmail[1206]: t52Cud9n001206: from=<condorito@uca.edu.py>, size=1729, class=0, nrcpts=1, msgid=<BF4505775084AA69B5B0F94420F550DA@rkusy>, proto=ESMTP, daemon=TLSMTA, relay=[85.28.184.205]
Jun  2 08:57:01 tera sendmail[1149]: t52CucZu001149: from=<condorito@uca.edu.py>, size=1665, class=0, nrcpts=1, msgid=<92682849DB0F21E23E3B72CFABB3A04C@guyj>, proto=ESMTP, daemon=TLSMTA, relay=104-244-24-105.PUBLIC.monkeybrains.net [104.244.24.105]
Jun  2 08:57:10 tera sendmail[1706]: AUTH=server, relay=[190.4.43.155], authid=condorito@uca.edu.py, mech=LOGIN, bits=0
Jun  2 08:57:10 tera sendmail[2092]: t52Cv60M001962: to=<condorito@uca.edu.py>, delay=00:00:03, xdelay=00:00:00, mailer=local, pri=35577, dsn=2.0.0, stat=Sent
Jun  2 08:57:15 tera sendmail[1953]: AUTH=server, relay=[77.120.74.201], authid=condorito@uca.edu.py, mech=LOGIN, bits=0
Jun  2 08:57:15 tera sendmail[1891]: AUTH=server, relay=[2.30.49.88], authid=condorito@uca.edu.py, mech=LOGIN, bits=0
Jun  2 08:57:16 tera sendmail[1953]: t52Cv8n2001953: from=<condorito@uca.edu.py>, size=0, class=0, nrcpts=0, proto=ESMTP, daemon=TLSMTA, relay=[77.120.74.201]
Jun  2 08:57:18 tera sendmail[1706]: t52Cv1LM001706: from=<condorito@uca.edu.py>, size=2059, class=0, nrcpts=1, msgid=<53A9E9AD64B09E5D8184CD7014DC7C2E@ncxrspd>, proto=ESMTP, daemon=TLSMTA, relay=[190.4.43.155]
Jun  2 08:57:20 tera sendmail[1891]: t52Cv5GF001891: from=<condorito@uca.edu.py>, size=2212, class=0, nrcpts=1, msgid=<B248099562B6986BB7B2FB434757AB56@ubjq>, proto=ESMTP, daemon=TLSMTA, relay=[2.30.49.88]
Jun  2 08:57:30 tera sendmail[2417]: AUTH=server, relay=c-73-215-150-184.hsd1.nj.comcast.net [73.215.150.184], authid=condorito@uca.edu.py, mech=LOGIN, bits=0
Jun  2 08:57:31 tera sendmail[2520]: AUTH=server, relay=host-81-200-122-193.static.pppoe.starnet.ru [81.200.122.193] (may be forged), authid=condorito@uca.edu.py, mech=LOGIN, bits=0
Jun  2 08:57:35 tera sendmail[2520]: t52CvMBn002520: from=<condorito@uca.edu.py>, size=0, class=0, nrcpts=0, proto=ESMTP, daemon=TLSMTA, relay=host-81-200-122-193.static.pppoe.starnet.ru [81.200.122.193] (may be forged)
Jun  2 08:57:38 tera sendmail[2417]: t52CvJKP002417: from=<condorito@uca.edu.py>, size=1773, class=0, nrcpts=1, msgid=<A75D1D550DD9F734E8EDA4197DF8064A@yzvaodq>, proto=ESMTP, daemon=TLSMTA, relay=c-73-215-150-184.hsd1.nj.comcast.net [73.215.150.184]
Jun  2 08:57:40 tera sendmail[2743]: AUTH=server, relay=d192-24-12-153.try.wideopenwest.com [24.192.153.12], authid=condorito@uca.edu.py, mech=LOGIN, bits=0
Jun  2 08:57:42 tera sendmail[2743]: t52CvTu7002743: from=<condorito@uca.edu.py>, size=0, class=0, nrcpts=0, proto=ESMTP, daemon=TLSMTA, relay=d192-24-12-153.try.wideopenwest.com [24.192.153.12]
Jun  2 08:57:42 tera sendmail[2794]: AUTH=server, relay=[109.234.27.137], authid=condorito@uca.edu.py, mech=LOGIN, bits=0
Jun  2 08:57:46 tera sendmail[3109]: AUTH=server, relay=24-151-21-84.dhcp.nwtn.ct.charter.com [24.151.21.84], authid=condorito@uca.edu.py, mech=LOGIN, bits=0
Jun  2 08:57:48 tera sendmail[2794]: t52CvUmL002794: from=<condorito@uca.edu.py>, size=2156, class=0, nrcpts=1, msgid=<45BFFE68F5210FFC20256CD4D00F1483@ldrxb>, proto=ESMTP, daemon=TLSMTA, relay=[109.234.27.137]
Jun  2 08:57:50 tera sendmail[3433]: t52CvlU6003329: to=<condorito@uca.edu.py>, delay=00:00:02, xdelay=00:00:00, mailer=local, pri=34998, dsn=2.0.0, stat=Sent
Jun  2 08:57:51 tera sendmail[3109]: t52CvghC003109: from=<condorito@uca.edu.py>, size=0, class=0, nrcpts=0, proto=ESMTP, daemon=TLSMTA, relay=24-151-21-84.dhcp.nwtn.ct.charter.com [24.151.21.84]
Jun  2 08:57:56 tera sendmail[3331]: AUTH=server, relay=partner-m114.Obninsk.ru [217.15.192.138] (may be forged), authid=condorito@uca.edu.py, mech=LOGIN, bits=0
Jun  2 08:58:00 tera sendmail[3471]: AUTH=server, relay=24.134.151.178.triolan.net [178.151.134.24] (may be forged), authid=condorito@uca.edu.py, mech=LOGIN, bits=0
Jun  2 08:58:02 tera sendmail[3331]: t52CvoUP003331: from=<condorito@uca.edu.py>, size=2002, class=0, nrcpts=1, msgid=<FD0744F905D1FF3CE0E5AC117583ADA2@gwsj>, proto=ESMTP, daemon=TLSMTA, relay=partner-m114.Obninsk.ru [217.15.192.138] (may be forged)
Jun  2 08:58:03 tera sendmail[3649]: AUTH=server, relay=host-176-36-180-35.la.net.ua [176.36.180.35], authid=condorito@uca.edu.py, mech=LOGIN, bits=0
Jun  2 08:58:05 tera sendmail[3649]: t52CvvdH003649: from=<condorito@uca.edu.py>, size=0, class=0, nrcpts=0, proto=ESMTP, daemon=TLSMTA, relay=host-176-36-180-35.la.net.ua [176.36.180.35]
Jun  2 08:58:05 tera sendmail[3604]: AUTH=server, relay=host-109-204-139-9.tp-fne.tampereenpuhelin.net [109.204.139.9], authid=condorito@uca.edu.py, mech=LOGIN, bits=0
Jun  2 08:58:08 tera sendmail[3604]: t52CvvpJ003604: from=<condorito@uca.edu.py>, size=1838, class=0, nrcpts=1, msgid=<CE3477C36ABE90538F8AC37E1AADD07C@akcn>, proto=ESMTP, daemon=TLSMTA, relay=host-109-204-139-9.tp-fne.tampereenpuhelin.net [109.204.139.9]
Jun  2 08:58:09 tera sendmail[3471]: t52Cvp9U003471: from=<condorito@uca.edu.py>, size=1966, class=0, nrcpts=1, msgid=<A75D1CE2F5210FFC20256CD4D0A6B42B@thqxmy>, proto=ESMTP, daemon=TLSMTA, relay=24.134.151.178.triolan.net [178.151.134.24] (may be forged)
Jun  2 08:58:16 tera sendmail[4239]: t52CwB7I004036: to=<condorito@uca.edu.py>, delay=00:00:03, xdelay=00:00:00, mailer=local, pri=34519, dsn=2.0.0, stat=Sent
Jun  2 08:58:22 tera sendmail[3889]: AUTH=server, relay=broadband-109-173-111-181.nationalcablenetworks.ru [109.173.111.181], authid=condorito@uca.edu.py, mech=LOGIN, bits=0
Jun  2 08:58:22 tera sendmail[4071]: AUTH=server, relay=[78.108.253.205], authid=condorito@uca.edu.py, mech=LOGIN, bits=0
Jun  2 08:58:23 tera sendmail[4058]: AUTH=server, relay=059148140064.ctinets.com [59.148.140.64], authid=condorito@uca.edu.py, mech=LOGIN, bits=0
Jun  2 08:58:24 tera sendmail[3889]: t52Cw9FE003889: from=<condorito@uca.edu.py>, size=0, class=0, nrcpts=0, proto=ESMTP, daemon=TLSMTA, relay=broadband-109-173-111-181.nationalcablenetworks.ru [109.173.111.181]
Jun  2 08:58:29 tera sendmail[4058]: t52CwEnR004058: from=<condorito@uca.edu.py>, size=2056, class=0, nrcpts=1, msgid=<B34908CC1ACEE013CFCA833B3FE391CE@rocdf>, proto=ESMTP, daemon=TLSMTA, relay=059148140064.ctinets.com [59.148.140.64]
Jun  2 08:58:29 tera sendmail[4071]: t52CwDVv004071: from=<condorito@uca.edu.py>, size=1969, class=0, nrcpts=1, msgid=<F00A49C0EE3A14D70B0E47FA9EB829DC@enxsurh>, proto=ESMTP, daemon=TLSMTA, relay=[78.108.253.205]
Jun  2 08:58:40 tera sendmail[5266]: AUTH=server, relay=152.98.198.109.convex-tagil.ru [109.198.98.152] (may be forged), authid=condorito@uca.edu.py, mech=LOGIN, bits=0
Jun  2 08:58:47 tera sendmail[5378]: AUTH=server, relay=37-145-63-48.broadband.corbina.ru [37.145.63.48], authid=condorito@uca.edu.py, mech=LOGIN, bits=0
Jun  2 08:58:47 tera sendmail[5671]: t52CweXp005437: to=<condorito@uca.edu.py>, delay=00:00:04, xdelay=00:00:01, mailer=local, pri=34522, dsn=2.0.0, stat=Sent
Jun  2 08:58:50 tera sendmail[5378]: t52CweLV005378: from=<condorito@uca.edu.py>, size=0, class=0, nrcpts=0, proto=ESMTP, daemon=TLSMTA, relay=37-145-63-48.broadband.corbina.ru [37.145.63.48]
Jun  2 08:58:52 tera sendmail[5926]: t52CwcNd005403: to=<condorito@uca.edu.py>, delay=00:00:08, xdelay=00:00:01, mailer=local, pri=36292, dsn=2.0.0, stat=Sent
Jun  2 08:58:54 tera sendmail[5266]: t52CwXRc005266: from=<condorito@uca.edu.py>, size=1772, class=0, nrcpts=1, msgid=<2CD6950A6DB99754888DC4791DB0C951@sovmxta>, proto=ESMTP, daemon=TLSMTA, relay=152.98.198.109.convex-tagil.ru [109.198.98.152] (may be forged)
Jun  2 08:58:59 tera sendmail[5579]: AUTH=server, relay=[175.156.221.223], authid=condorito@uca.edu.py, mech=LOGIN, bits=0
Jun  2 08:59:04 tera sendmail[5579]: t52Cwidr005579: from=<condorito@uca.edu.py>, size=0, class=0, nrcpts=0, proto=ESMTP, daemon=TLSMTA, relay=[175.156.221.223]
Jun  2 08:59:12 tera sendmail[6158]: AUTH=server, relay=s-176-104-9-215.under.net.ua [176.104.9.215] (may be forged), authid=condorito@uca.edu.py, mech=LOGIN, bits=0
Jun  2 08:59:14 tera sendmail[6246]: AUTH=server, relay=nz212l12.bb60246.ctm.net [60.246.212.12], authid=condorito@uca.edu.py, mech=LOGIN, bits=0
Jun  2 08:59:18 tera sendmail[6158]: t52Cx3T7006158: from=<condorito@uca.edu.py>, size=1772, class=0, nrcpts=1, msgid=<29D3907F0FDBF536EAEFA61B7F7F2AD8@nrxkh>, proto=ESMTP, daemon=TLSMTA, relay=s-176-104-9-215.under.net.ua [176.104.9.215] (may be forged)
Jun  2 08:59:22 tera sendmail[6246]: t52Cx3uQ006246: from=<condorito@uca.edu.py>, size=1948, class=0, nrcpts=1, msgid=<6E94D73386527CBF63662F92F6FCFB8F@pwzyygo>, proto=ESMTP, daemon=TLSMTA, relay=nz212l12.bb60246.ctm.net [60.246.212.12]
Jun  2 08:59:22 tera sendmail[6428]: AUTH=server, relay=[81.13.146.93], authid=condorito@uca.edu.py, mech=LOGIN, bits=0
Jun  2 08:59:25 tera sendmail[6428]: t52CxAnW006428: from=<condorito@uca.edu.py>, size=0, class=0, nrcpts=0, proto=ESMTP, daemon=TLSMTA, relay=[81.13.146.93]
Jun  2 08:59:25 tera sendmail[6660]: AUTH=server, relay=btl-north-expansion-111.btl.net [190.197.107.111] (may be forged), authid=condorito@uca.edu.py, mech=LOGIN, bits=0
Jun  2 08:59:31 tera sendmail[7204]: AUTH=server, relay=103-125-128-083.dynamic.caiway.nl [83.128.125.103], authid=condorito@uca.edu.py, mech=LOGIN, bits=0
Jun  2 08:59:31 tera sendmail[6660]: t52CxHkf006660: from=<condorito@uca.edu.py>, size=0, class=0, nrcpts=0, proto=ESMTP, daemon=TLSMTA, relay=btl-north-expansion-111.btl.net [190.197.107.111] (may be forged)
Jun  2 08:59:35 tera sendmail[7653]: t52CxU6w007333: to=<condorito@uca.edu.py>, delay=00:00:03, xdelay=00:00:00, mailer=local, pri=34485, dsn=2.0.0, stat=Sent
Jun  2 08:59:35 tera sendmail[7204]: t52CxQNj007204: from=<condorito@uca.edu.py>, size=2204, class=0, nrcpts=1, msgid=<41BBF83767B39D5E8287CE73170FCDE9@dipuk>, proto=ESMTP, daemon=TLSMTA, relay=103-125-128-083.dynamic.caiway.nl [83.128.125.103]
Jun  2 08:59:43 tera sendmail[7678]: t52CxRql007231: to=<condorito@uca.edu.py>, delay=00:00:13, xdelay=00:00:08, mailer=local, pri=34424, dsn=2.0.0, stat=Sent
Jun  2 08:59:45 tera sendmail[7499]: AUTH=server, relay=162-178-128-083.dynamic.caiway.nl [83.128.178.162], authid=condorito@uca.edu.py, mech=LOGIN, bits=0
Jun  2 08:59:45 tera sendmail[7759]: AUTH=server, relay=broadband-178-140-14-56.nationalcablenetworks.ru [178.140.14.56], authid=condorito@uca.edu.py, mech=LOGIN, bits=0
Jun  2 08:59:47 tera sendmail[7499]: t52CxWsk007499: from=<condorito@uca.edu.py>, size=0, class=0, nrcpts=0, proto=ESMTP, daemon=TLSMTA, relay=162-178-128-083.dynamic.caiway.nl [83.128.178.162]
Jun  2 08:59:48 tera sendmail[7759]: t52Cxc2J007759: from=<condorito@uca.edu.py>, size=0, class=0, nrcpts=0, proto=ESMTP, daemon=TLSMTA, relay=broadband-178-140-14-56.nationalcablenetworks.ru [178.140.14.56]
Jun  2 09:00:07 tera sendmail[8464]: AUTH=server, relay=[206.124.218.183], authid=condorito@uca.edu.py, mech=LOGIN, bits=0
Jun  2 09:00:08 tera sendmail[8498]: AUTH=server, relay=5ED27EC0.cm-7-3b.dynamic.ziggo.nl [94.210.126.192], authid=condorito@uca.edu.py, mech=LOGIN, bits=0
Jun  2 09:00:08 tera sendmail[8496]: AUTH=server, relay=[2.95.165.30], authid=condorito@uca.edu.py, mech=LOGIN, bits=0
Jun  2 09:00:11 tera sendmail[8498]: t52D00a7008498: from=<condorito@uca.edu.py>, size=1855, class=0, nrcpts=1, msgid=<10EAA97A05D1FF3CE0E5AC1175A07926@wtwef>, proto=ESMTP, daemon=TLSMTA, relay=5ED27EC0.cm-7-3b.dynamic.ziggo.nl [94.210.126.192]
Jun  2 09:00:11 tera sendmail[8464]: t52D01Sn008464: from=<condorito@uca.edu.py>, size=2016, class=0, nrcpts=1, msgid=<6B91D0C181557B88545118A0A4090FD3@wydvm>, proto=ESMTP, daemon=TLSMTA, relay=[206.124.218.183]
Jun  2 09:00:12 tera sendmail[8496]: t52D00uZ008496: from=<condorito@uca.edu.py>, size=1797, class=0, nrcpts=1, msgid=<E01A59804793BD7EA2A7EE5337245D67@osnx>, proto=ESMTP, daemon=TLSMTA, relay=[2.95.165.30]
Jun  2 09:00:21 tera sendmail[9231]: AUTH=server, relay=9.82.nat.itkm.ru [94.253.82.9] (may be forged), authid=condorito@uca.edu.py, mech=LOGIN, bits=0
Jun  2 09:00:21 tera sendmail[8939]: AUTH=server, relay=[206.53.237.23], authid=condorito@uca.edu.py, mech=LOGIN, bits=0
Jun  2 09:00:23 tera sendmail[9231]: t52D0HTS009231: from=<condorito@uca.edu.py>, size=0, class=0, nrcpts=0, proto=ESMTP, daemon=TLSMTA, relay=9.82.nat.itkm.ru [94.253.82.9] (may be forged)
Jun  2 09:00:25 tera sendmail[8939]: t52D0D7v008939: from=<condorito@uca.edu.py>, size=0, class=0, nrcpts=0, proto=ESMTP, daemon=TLSMTA, relay=[206.53.237.23]
Jun  2 09:00:40 tera sendmail[9610]: AUTH=server, relay=[176.14.75.13], authid=condorito@uca.edu.py, mech=LOGIN, bits=0
Jun  2 09:00:42 tera sendmail[9610]: t52D0WOb009610: from=<condorito@uca.edu.py>, size=0, class=0, nrcpts=0, proto=ESMTP, daemon=TLSMTA, relay=[176.14.75.13]
Jun  2 09:00:45 tera sendmail[9861]: AUTH=server, relay=cpe-74-75-222-200.maine.res.rr.com [74.75.222.200], authid=condorito@uca.edu.py, mech=LOGIN, bits=0
Jun  2 09:00:50 tera sendmail[9861]: t52D0gma009861: from=<condorito@uca.edu.py>, size=1790, class=0, nrcpts=1, msgid=<FD07449334E0CE0DD1D49D2044810336@mtpfl>, proto=ESMTP, daemon=TLSMTA, relay=cpe-74-75-222-200.maine.res.rr.com [74.75.222.200]
Jun  2 09:00:52 tera sendmail[9978]: AUTH=server, relay=static62.banetele-cust.com [213.52.73.62] (may be forged), authid=condorito@uca.edu.py, mech=LOGIN, bits=0
Jun  2 09:00:56 tera sendmail[9978]: t52D0l97009978: from=<condorito@uca.edu.py>, size=1954, class=0, nrcpts=1, msgid=<6892D1F510C4EA29F5F0B904602FC70C@lewmit>, proto=ESMTP, daemon=TLSMTA, relay=static62.banetele-cust.com [213.52.73.62] (may be forged)
Jun  2 09:01:01 tera sendmail[10120]: AUTH=server, relay=188-25-199-200.rdsnet.ro [188.25.199.200] (may be forged), authid=condorito@uca.edu.py, mech=LOGIN, bits=0
Jun  2 09:01:02 tera sendmail[10152]: AUTH=server, relay=[81.23.1.175], authid=condorito@uca.edu.py, mech=LOGIN, bits=0
Jun  2 09:01:03 tera sendmail[10160]: AUTH=server, relay=host-79-164-251-209.qwerty.ru [79.164.251.209] (may be forged), authid=condorito@uca.edu.py, mech=LOGIN, bits=0
Jun  2 09:01:05 tera sendmail[10152]: t52D0twD010152: from=<condorito@uca.edu.py>, size=0, class=0, nrcpts=0, proto=ESMTP, daemon=TLSMTA, relay=[81.23.1.175]
Jun  2 09:01:06 tera sendmail[10120]: t52D0rxS010120: from=<condorito@uca.edu.py>, size=2213, class=0, nrcpts=1, msgid=<8C76374CB0644AB96560299195858955@pkdd>, proto=ESMTP, daemon=TLSMTA, relay=188-25-199-200.rdsnet.ro [188.25.199.200] (may be forged)
Jun  2 09:01:08 tera sendmail[10160]: t52D0uXl010160: from=<condorito@uca.edu.py>, size=1813, class=0, nrcpts=1, msgid=<2BD192AA07D3FD3EE2E7AE137759C2EB@jovl>, proto=ESMTP, daemon=TLSMTA, relay=host-79-164-251-209.qwerty.ru [79.164.251.209] (may be forged)
Jun  2 09:01:08 tera sendmail[10253]: AUTH=server, relay=80.143.104.27.unknown.m1.com.sg [27.104.143.80] (may be forged), authid=condorito@uca.edu.py, mech=LOGIN, bits=0
Jun  2 09:01:11 tera sendmail[10253]: t52D0xc7010253: from=<condorito@uca.edu.py>, size=0, class=0, nrcpts=0, proto=ESMTP, daemon=TLSMTA, relay=80.143.104.27.unknown.m1.com.sg [27.104.143.80] (may be forged)
Jun  2 09:01:17 tera sendmail[10925]: t52D1EWE010805: to=<condorito@uca.edu.py>, delay=00:00:02, xdelay=00:00:01, mailer=local, pri=34224, dsn=2.0.0, stat=Sent
Jun  2 09:01:17 tera sendmail[10624]: AUTH=server, relay=host-176-41-144-59.reverse.superonline.net [176.41.144.59] (may be forged), authid=condorito@uca.edu.py, mech=LOGIN, bits=0
Jun  2 09:01:19 tera sendmail[10624]: t52D1AEP010624: from=<condorito@uca.edu.py>, size=0, class=0, nrcpts=0, proto=ESMTP, daemon=TLSMTA, relay=host-176-41-144-59.reverse.superonline.net [176.41.144.59] (may be forged)
Jun  2 09:01:20 tera sendmail[11034]: t52D1FLO010827: to=<condorito@uca.edu.py>, delay=00:00:04, xdelay=00:00:00, mailer=local, pri=33714, dsn=2.0.0, stat=Sent
Jun  2 09:01:23 tera sendmail[11261]: t52D1H15010945: to=<condorito@uca.edu.py>, delay=00:00:03, xdelay=00:00:00, mailer=local, pri=35564, dsn=2.0.0, stat=Sent
Jun  2 09:01:24 tera sendmail[10931]: AUTH=server, relay=71-92-150-7.dhcp.mdfd.or.charter.com [71.92.150.7] (may be forged), authid=condorito@uca.edu.py, mech=LOGIN, bits=0
Jun  2 09:01:24 tera sendmail[10798]: AUTH=server, relay=host204-122-dynamic.40-79-r.retail.telecomitalia.it [79.40.122.204], authid=condorito@uca.edu.py, mech=LOGIN, bits=0
Jun  2 09:01:24 tera sendmail[11061]: AUTH=server, relay=c-98-212-24-189.hsd1.il.comcast.net [98.212.24.189], authid=condorito@uca.edu.py, mech=LOGIN, bits=0
Jun  2 09:01:26 tera sendmail[11061]: t52D1KN3011061: from=<condorito@uca.edu.py>, size=0, class=0, nrcpts=0, proto=ESMTP, daemon=TLSMTA, relay=c-98-212-24-189.hsd1.il.comcast.net [98.212.24.189]
Jun  2 09:01:26 tera sendmail[11037]: AUTH=server, relay=cpe-72-135-196-33.wi.res.rr.com [72.135.196.33], authid=condorito@uca.edu.py, mech=LOGIN, bits=0
Jun  2 09:01:27 tera sendmail[10798]: t52D1JrL010798: from=<condorito@uca.edu.py>, size=2032, class=0, nrcpts=1, msgid=<E218584FA5715F9C40450CB1D5E87FE2@zjoywu>, proto=ESMTP, daemon=TLSMTA, relay=host204-122-dynamic.40-79-r.retail.telecomitalia.it [79.40.122.204]
Jun  2 09:01:28 tera sendmail[10931]: t52D1JPe010931: from=<condorito@uca.edu.py>, size=1815, class=0, nrcpts=1, msgid=<6E94D5EC35E1CF3CE0E5AC1410B82C48@fpqfz>, proto=ESMTP, daemon=TLSMTA, relay=71-92-150-7.dhcp.mdfd.or.charter.com [71.92.150.7] (may be forged)
Jun  2 09:01:29 tera sendmail[11037]: t52D1KMG011037: from=<condorito@uca.edu.py>, size=0, class=0, nrcpts=0, proto=ESMTP, daemon=TLSMTA, relay=cpe-72-135-196-33.wi.res.rr.com [72.135.196.33]
Jun  2 09:01:48 tera sendmail[11759]: AUTH=server, relay=[85.132.105.58], authid=condorito@uca.edu.py, mech=LOGIN, bits=0
Jun  2 09:01:50 tera sendmail[11829]: AUTH=server, relay=dynamicip-94-180-30-57.pppoe.nsk.ertelecom.ru [94.180.30.57] (may be forged), authid=condorito@uca.edu.py, mech=LOGIN, bits=0
Jun  2 09:01:51 tera sendmail[11759]: t52D1gLV011759: from=<condorito@uca.edu.py>, size=0, class=0, nrcpts=0, proto=ESMTP, daemon=TLSMTA, relay=[85.132.105.58]
Jun  2 09:01:53 tera sendmail[11763]: AUTH=server, relay=n119237244227.netvigator.com [119.237.244.227], authid=condorito@uca.edu.py, mech=LOGIN, bits=0
Jun  2 09:01:53 tera sendmail[11871]: AUTH=server, relay=[138.75.190.163], authid=condorito@uca.edu.py, mech=LOGIN, bits=0
Jun  2 09:01:56 tera sendmail[11829]: t52D1iJf011829: from=<condorito@uca.edu.py>, size=0, class=0, nrcpts=0, proto=ESMTP, daemon=TLSMTA, relay=dynamicip-94-180-30-57.pppoe.nsk.ertelecom.ru [94.180.30.57] (may be forged)
Jun  2 09:01:57 tera sendmail[11763]: t52D1fae011763: from=<condorito@uca.edu.py>, size=0, class=0, nrcpts=0, proto=ESMTP, daemon=TLSMTA, relay=n119237244227.netvigator.com [119.237.244.227]
Jun  2 09:01:58 tera sendmail[11871]: t52D1jIh011871: from=<condorito@uca.edu.py>, size=0, class=0, nrcpts=0, proto=ESMTP, daemon=TLSMTA, relay=[138.75.190.163]
Jun  2 09:02:02 tera sendmail[12138]: AUTH=server, relay=[8.28.159.171], authid=condorito@uca.edu.py, mech=LOGIN, bits=0
Jun  2 09:02:02 tera sendmail[12076]: AUTH=server, relay=[77.41.175.15], authid=condorito@uca.edu.py, mech=LOGIN, bits=0
Jun  2 09:02:05 tera sendmail[12156]: AUTH=server, relay=static.186-135-138-78.kgts.ru [78.138.135.186], authid=condorito@uca.edu.py, mech=LOGIN, bits=0
Jun  2 09:02:05 tera sendmail[12076]: t52D1uYa012076: from=<condorito@uca.edu.py>, size=0, class=0, nrcpts=0, proto=ESMTP, daemon=TLSMTA, relay=[77.41.175.15]
Jun  2 09:02:06 tera sendmail[12138]: t52D1wUQ012138: from=<condorito@uca.edu.py>, size=1910, class=0, nrcpts=1, msgid=<817B35C2D0042AD9050049F1F51B2BBA@fvrrx>, proto=ESMTP, daemon=TLSMTA, relay=[8.28.159.171]
Jun  2 09:02:08 tera sendmail[12156]: t52D1v0k012156: from=<condorito@uca.edu.py>, size=0, class=0, nrcpts=0, proto=ESMTP, daemon=TLSMTA, relay=static.186-135-138-78.kgts.ru [78.138.135.186]
Jun  2 09:02:11 tera sendmail[12348]: AUTH=server, relay=37-146-215-165.broadband.corbina.ru [37.146.215.165], authid=condorito@uca.edu.py, mech=LOGIN, bits=0
Jun  2 09:02:15 tera sendmail[12643]: t52D286A012390: to=<condorito@uca.edu.py>, delay=00:00:04, xdelay=00:00:01, mailer=local, pri=34668, dsn=2.0.0, stat=Sent
Jun  2 09:02:15 tera sendmail[12348]: t52D26hd012348: from=<condorito@uca.edu.py>, size=1858, class=0, nrcpts=1, msgid=<9C6628698D5977B4686D2499FD54F511@pwrsbh>, proto=ESMTP, daemon=TLSMTA, relay=37-146-215-165.broadband.corbina.ru [37.146.215.165]
Jun  2 09:02:16 tera sendmail[12740]: t52D2795012352: to=<condorito@uca.edu.py>, delay=00:00:02, xdelay=00:00:00, mailer=local, pri=36092, dsn=2.0.0, stat=Sent
Jun  2 09:02:17 tera sendmail[12418]: AUTH=server, relay=76-14-167-183.wsac.wavecable.com [76.14.167.183], authid=condorito@uca.edu.py, mech=LOGIN, bits=0
Jun  2 09:02:20 tera sendmail[12418]: t52D2AI7012418: from=<condorito@uca.edu.py>, size=0, class=0, nrcpts=0, proto=ESMTP, daemon=TLSMTA, relay=76-14-167-183.wsac.wavecable.com [76.14.167.183]
Jun  2 09:02:22 tera sendmail[12998]: t52D2HGM012789: to=<condorito@uca.edu.py>, delay=00:00:03, xdelay=00:00:00, mailer=local, pri=34417, dsn=2.0.0, stat=Sent
Jun  2 09:02:22 tera sendmail[12797]: AUTH=server, relay=116.94.86.109.triolan.net [109.86.94.116] (may be forged), authid=condorito@uca.edu.py, mech=LOGIN, bits=0
Jun  2 09:02:26 tera sendmail[12797]: t52D2Ibp012797: from=<condorito@uca.edu.py>, size=1894, class=0, nrcpts=1, msgid=<E51F516E4F9BB576AAAFE65B3FC2E119@nrrzs>, proto=ESMTP, daemon=TLSMTA, relay=116.94.86.109.triolan.net [109.86.94.116] (may be forged)
Jun  2 09:02:27 tera sendmail[12869]: AUTH=server, relay=94.76.95.225.freenet.com.ua [94.76.95.225] (may be forged), authid=condorito@uca.edu.py, mech=LOGIN, bits=0
Jun  2 09:02:29 tera sendmail[13006]: AUTH=server, relay=cm-84.210.20.126.getinternet.no [84.210.20.126], authid=condorito@uca.edu.py, mech=LOGIN, bits=0
Jun  2 09:02:30 tera sendmail[12869]: t52D2NTb012869: from=<condorito@uca.edu.py>, size=1784, class=0, nrcpts=1, msgid=<649ED0BCA87C52914D4801BCD8418A34@rxylyf>, proto=ESMTP, daemon=TLSMTA, relay=94.76.95.225.freenet.com.ua [94.76.95.225] (may be forged)
Jun  2 09:02:30 tera sendmail[13006]: t52D2PrF013006: from=<condorito@uca.edu.py>, size=0, class=0, nrcpts=0, proto=ESMTP, daemon=TLSMTA, relay=cm-84.210.20.126.getinternet.no [84.210.20.126]
Jun  2 09:02:33 tera sendmail[13490]: t52D2RAN013196: to=<condorito@uca.edu.py>, delay=00:00:02, xdelay=00:00:00, mailer=local, pri=35687, dsn=2.0.0, stat=Sent
Jun  2 09:02:53 tera sendmail[13713]: AUTH=server, relay=128-70-107-192.broadband.corbina.ru [128.70.107.192], authid=condorito@uca.edu.py, mech=LOGIN, bits=0
Jun  2 09:02:59 tera sendmail[13713]: t52D2jO4013713: from=<condorito@uca.edu.py>, size=1907, class=0, nrcpts=1, msgid=<DE246AE12AFED013CFCA833E5A56D11D@kkcaorv>, proto=ESMTP, daemon=TLSMTA, relay=128-70-107-192.broadband.corbina.ru [128.70.107.192]
Jun  2 09:03:04 tera sendmail[14495]: t52D2vKM013987: to=<condorito@uca.edu.py>, delay=00:00:05, xdelay=00:00:00, mailer=local, pri=34915, dsn=2.0.0, stat=Sent
Jun  2 09:03:05 tera sendmail[13721]: AUTH=server, relay=46-121-120-231.static.012.net.il [46.121.120.231] (may be forged), authid=condorito@uca.edu.py, mech=LOGIN, bits=0
Jun  2 09:03:07 tera sendmail[13721]: t52D2iw9013721: from=<condorito@uca.edu.py>, size=0, class=0, nrcpts=0, proto=ESMTP, daemon=TLSMTA, relay=46-121-120-231.static.012.net.il [46.121.120.231] (may be forged)
Jun  2 09:03:09 tera sendmail[14048]: AUTH=server, relay=host-46-241-202-209.orangearmenia.am [46.241.202.209] (may be forged), authid=condorito@uca.edu.py, mech=LOGIN, bits=0
Jun  2 09:03:12 tera sendmail[14048]: t52D30bE014048: from=<condorito@uca.edu.py>, size=0, class=0, nrcpts=0, proto=ESMTP, daemon=TLSMTA, relay=host-46-241-202-209.orangearmenia.am [46.241.202.209] (may be forged)
Jun  2 09:03:23 tera sendmail[14934]: AUTH=server, relay=gw.cascade-tele.com [195.250.88.108] (may be forged), authid=condorito@uca.edu.py, mech=LOGIN, bits=0
Jun  2 09:03:23 tera sendmail[14989]: AUTH=server, relay=68-189-64-166.dhcp.prtv.ca.charter.com [68.189.64.166], authid=condorito@uca.edu.py, mech=LOGIN, bits=0
Jun  2 09:03:27 tera sendmail[14981]: AUTH=server, relay=[116.58.238.111], authid=condorito@uca.edu.py, mech=LOGIN, bits=0
Jun  2 09:03:29 tera sendmail[14989]: t52D3FNZ014989: from=<condorito@uca.edu.py>, size=1820, class=0, nrcpts=1, msgid=<D8226DD235E1CF0CD0D59C21459B6915@giqqpyi>, proto=ESMTP, daemon=TLSMTA, relay=68-189-64-166.dhcp.prtv.ca.charter.com [68.189.64.166]
Jun  2 09:03:30 tera sendmail[14934]: t52D3Ilq014934: from=<condorito@uca.edu.py>, size=1951, class=0, nrcpts=1, msgid=<16ECA09D03D7F90AD6D39A2226497B57@zomtvg>, proto=ESMTP, daemon=TLSMTA, relay=gw.cascade-tele.com [195.250.88.108] (may be forged)
Jun  2 09:03:31 tera sendmail[15621]: t52D3LMB015259: to=<condorito@uca.edu.py>, delay=00:00:06, xdelay=00:00:00, mailer=local, pri=34750, dsn=2.0.0, stat=Sent
Jun  2 09:03:33 tera sendmail[15720]: t52D3Os2015325: to=<condorito@uca.edu.py>, delay=00:00:06, xdelay=00:00:00, mailer=local, pri=36550, dsn=2.0.0, stat=Sent
Jun  2 09:03:33 tera sendmail[15743]: t52D3TLO015505: to=<condorito@uca.edu.py>, delay=00:00:02, xdelay=00:00:00, mailer=local, pri=33012, dsn=2.0.0, stat=Sent
Jun  2 09:03:34 tera sendmail[15409]: AUTH=server, relay=77-91-186-232.client.telesystems.ua [77.91.186.232] (may be forged), authid=condorito@uca.edu.py, mech=LOGIN, bits=0
Jun  2 09:03:35 tera sendmail[15409]: t52D3Sli015409: from=<condorito@uca.edu.py>, size=0, class=0, nrcpts=0, proto=ESMTP, daemon=TLSMTA, relay=77-91-186-232.client.telesystems.ua [77.91.186.232] (may be forged)
Jun  2 09:03:35 tera sendmail[14981]: t52D3F1f014981: from=<condorito@uca.edu.py>, size=2067, class=0, nrcpts=1, msgid=<ED175B560EDAF407DBDE972F2B59BCFA@aavq>, proto=ESMTP, daemon=TLSMTA, relay=[116.58.238.111]
Jun  2 09:03:39 tera sendmail[15728]: AUTH=server, relay=22.118.57.37.triolan.net [37.57.118.22] (may be forged), authid=condorito@uca.edu.py, mech=LOGIN, bits=0
Jun  2 09:03:41 tera sendmail[15679]: AUTH=server, relay=grtg-50-107.dsl.netins.net [208.126.173.107], authid=condorito@uca.edu.py, mech=LOGIN, bits=0
