Jun  2 08:35:35 tera sendmail[15580]: AUTH=server, relay=c569E45C1.static.as2116.net [193.69.158.86], authid=condorito@uca.edu.py, mech=LOGIN, bits=0
Jun  2 08:35:36 tera sendmail[15574]: AUTH=server, relay=97-88-155-164.dhcp.mrqt.mi.charter.com [97.88.155.164], authid=condorito@uca.edu.py, mech=LOGIN, bits=0
Jun  2 08:35:39 tera sendmail[15580]: t52CZUhh015580: from=<condorito@uca.edu.py>, size=2004, class=0, nrcpts=1, msgid=<758FC3F4FD2907C4181D54E98D708BC3@wpaamtg>, proto=ESMTP, daemon=TLSMTA, relay=c569E45C1.static.as2116.net [193.69.158.86]
Jun  2 08:35:40 tera sendmail[15574]: t52CZTJ2015574: from=<condorito@uca.edu.py>, size=1968, class=0, nrcpts=1, msgid=<1AE0AC9E24F0DE1DC1C48D30546F1106@eafpi>, proto=ESMTP, daemon=TLSMTA, relay=97-88-155-164.dhcp.mrqt.mi.charter.com [97.88.155.164]
Jun  2 08:35:43 tera sendmail[15797]: AUTH=server, relay=cpe-67-253-39-185.maine.res.rr.com [67.253.39.185], authid=condorito@uca.edu.py, mech=LOGIN, bits=0
Jun  2 08:35:44 tera sendmail[15947]: AUTH=server, relay=212-43-40-95.pz.ddns.bulsat.com [212.43.40.95], authid=condorito@uca.edu.py, mech=LOGIN, bits=0
Jun  2 08:35:44 tera sendmail[15797]: t52CZZ82015797: from=<condorito@uca.edu.py>, size=0, class=0, nrcpts=0, proto=ESMTP, daemon=TLSMTA, relay=cpe-67-253-39-185.maine.res.rr.com [67.253.39.185]
Jun  2 08:35:49 tera sendmail[15947]: t52CZeDI015947: from=<condorito@uca.edu.py>, size=0, class=0, nrcpts=0, proto=ESMTP, daemon=TLSMTA, relay=212-43-40-95.pz.ddns.bulsat.com [212.43.40.95]
Jun  2 08:35:50 tera sendmail[16420]: t52CZjTr016155: to=<condorito@uca.edu.py>, delay=00:00:02, xdelay=00:00:00, mailer=local, pri=34377, dsn=2.0.0, stat=Sent
Jun  2 08:36:00 tera sendmail[17282]: t52CZqUc016540: to=<condorito@uca.edu.py>, delay=00:00:05, xdelay=00:00:00, mailer=local, pri=34338, dsn=2.0.0, stat=Sent
Jun  2 08:36:01 tera sendmail[16486]: AUTH=server, relay=ip-95-221-194-22.bb.netbynet.ru [95.221.194.22], authid=condorito@uca.edu.py, mech=LOGIN, bits=0
Jun  2 08:36:01 tera sendmail[16380]: AUTH=server, relay=bzq-84-111-120-8.cablep.bezeqint.net [84.111.120.8], authid=condorito@uca.edu.py, mech=LOGIN, bits=0
Jun  2 08:36:03 tera sendmail[16380]: t52CZqKJ016380: from=<condorito@uca.edu.py>, size=0, class=0, nrcpts=0, proto=ESMTP, daemon=TLSMTA, relay=bzq-84-111-120-8.cablep.bezeqint.net [84.111.120.8]
Jun  2 08:36:04 tera sendmail[16486]: t52CZqKX016486: from=<condorito@uca.edu.py>, size=1835, class=0, nrcpts=1, msgid=<93692533E6321CDF03064FF29640E929@vylb>, proto=ESMTP, daemon=TLSMTA, relay=ip-95-221-194-22.bb.netbynet.ru [95.221.194.22]
Jun  2 08:36:15 tera sendmail[17673]: AUTH=server, relay=46-148-53-153.arznet.ru [46.148.53.153] (may be forged), authid=condorito@uca.edu.py, mech=LOGIN, bits=0
Jun  2 08:36:19 tera sendmail[17673]: t52Ca7t4017673: from=<condorito@uca.edu.py>, size=1759, class=0, nrcpts=1, msgid=<966C204AAE7A54974B4E07BADECDDA5F@diij>, proto=ESMTP, daemon=TLSMTA, relay=46-148-53-153.arznet.ru [46.148.53.153] (may be forged)
Jun  2 08:36:22 tera sendmail[19001]: t52CaDMd018309: to=<condorito@uca.edu.py>, delay=00:00:06, xdelay=00:00:00, mailer=local, pri=34753, dsn=2.0.0, stat=Sent
Jun  2 08:36:27 tera sendmail[18050]: AUTH=server, relay=46-120-20-82.static.012.net.il [46.120.20.82] (may be forged), authid=condorito@uca.edu.py, mech=LOGIN, bits=0
Jun  2 08:36:35 tera sendmail[18050]: t52CaAwm018050: from=<condorito@uca.edu.py>, size=2117, class=0, nrcpts=1, msgid=<F8024FDD12C6E81BC7C28B3337C7FFC1@luvqe>, proto=ESMTP, daemon=TLSMTA, relay=46-120-20-82.static.012.net.il [46.120.20.82] (may be forged)
Jun  2 08:36:45 tera sendmail[19494]: AUTH=server, relay=ip4-46-175-178-222.net.iconn.cz [46.175.178.222], authid=condorito@uca.edu.py, mech=LOGIN, bits=0
Jun  2 08:36:46 tera sendmail[19400]: AUTH=server, relay=[197.248.144.90], authid=condorito@uca.edu.py, mech=LOGIN, bits=0
Jun  2 08:36:47 tera sendmail[19494]: t52CaatE019494: from=<condorito@uca.edu.py>, size=0, class=0, nrcpts=0, proto=ESMTP, daemon=TLSMTA, relay=ip4-46-175-178-222.net.iconn.cz [46.175.178.222]
Jun  2 08:36:47 tera sendmail[20062]: t52CaeF1019559: to=<condorito@uca.edu.py>, delay=00:00:03, xdelay=00:00:00, mailer=local, pri=34549, dsn=2.0.0, stat=Sent
Jun  2 08:36:48 tera sendmail[19595]: AUTH=server, relay=[176.118.231.52], authid=condorito@uca.edu.py, mech=LOGIN, bits=0
Jun  2 08:36:51 tera sendmail[19829]: AUTH=server, relay=[104.220.44.103], authid=condorito@uca.edu.py, mech=LOGIN, bits=0
Jun  2 08:36:51 tera sendmail[19400]: t52Caa6I019400: from=<condorito@uca.edu.py>, size=1824, class=0, nrcpts=1, msgid=<D12B67177EAA84479B9ED76A0ED30534@fsak>, proto=ESMTP, daemon=TLSMTA, relay=[197.248.144.90]
Jun  2 08:36:55 tera sendmail[19829]: t52CaiFp019829: from=<condorito@uca.edu.py>, size=1737, class=0, nrcpts=1, msgid=<37CD81F3994D63A07C79308DE95C802B@dgfca>, proto=ESMTP, daemon=TLSMTA, relay=[104.220.44.103]
Jun  2 08:36:56 tera sendmail[20303]: t52Cap6s020143: to=<condorito@uca.edu.py>, delay=00:00:02, xdelay=00:00:00, mailer=local, pri=34783, dsn=2.0.0, stat=Sent
Jun  2 08:36:59 tera sendmail[19595]: t52CahB8019595: from=<condorito@uca.edu.py>, size=2106, class=0, nrcpts=1, msgid=<AA501DEB20F4DA29F5F0B90105E48B27@xassh>, proto=ESMTP, daemon=TLSMTA, relay=[176.118.231.52]
Jun  2 08:37:01 tera sendmail[20523]: t52CauJo020307: to=<condorito@uca.edu.py>, delay=00:00:03, xdelay=00:00:00, mailer=local, pri=34599, dsn=2.0.0, stat=Sent
Jun  2 08:37:03 tera sendmail[20120]: AUTH=server, relay=114-35-30-212.HINET-IP.hinet.net [114.35.30.212], authid=condorito@uca.edu.py, mech=LOGIN, bits=0
Jun  2 08:37:05 tera sendmail[20120]: t52CapAw020120: from=<condorito@uca.edu.py>, size=0, class=0, nrcpts=0, proto=ESMTP, daemon=TLSMTA, relay=114-35-30-212.HINET-IP.hinet.net [114.35.30.212]
Jun  2 08:37:10 tera sendmail[20931]: t52Cb1NG020521: to=<condorito@uca.edu.py>, delay=00:00:06, xdelay=00:00:01, mailer=local, pri=34466, dsn=2.0.0, stat=Sent
Jun  2 08:37:10 tera sendmail[20961]: t52Cb8Ex020821: to=<condorito@uca.edu.py>, delay=00:00:01, xdelay=00:00:00, mailer=local, pri=34064, dsn=2.0.0, stat=Sent
Jun  2 08:37:10 tera sendmail[20618]: AUTH=server, relay=198-200-106-226.cpe.distributel.net [198.200.106.226], authid=condorito@uca.edu.py, mech=LOGIN, bits=0
Jun  2 08:37:10 tera sendmail[20566]: AUTH=server, relay=78-24-54-37.medianet.md [78.24.54.37] (may be forged), authid=condorito@uca.edu.py, mech=LOGIN, bits=0
Jun  2 08:37:11 tera sendmail[20520]: AUTH=server, relay=175-109-213-74-dynamic.choicecable.net.109.213.74.in-addr.arpa [74.213.109.175] (may be forged), authid=condorito@uca.edu.py, mech=LOGIN, bits=0
Jun  2 08:37:12 tera sendmail[20520]: t52Cb3fb020520: from=<condorito@uca.edu.py>, size=0, class=0, nrcpts=0, proto=ESMTP, daemon=TLSMTA, relay=175-109-213-74-dynamic.choicecable.net.109.213.74.in-addr.arpa [74.213.109.175] (may be forged)
Jun  2 08:37:14 tera sendmail[20566]: t52Cb6TU020566: from=<condorito@uca.edu.py>, size=1638, class=0, nrcpts=1, msgid=<2AD09CC8F32709CA16135AE7836AB523@powsp>, proto=ESMTP, daemon=TLSMTA, relay=78-24-54-37.medianet.md [78.24.54.37] (may be forged)
Jun  2 08:37:15 tera sendmail[20796]: AUTH=server, relay=59-126-209-47.HINET-IP.hinet.net [59.126.209.47], authid=condorito@uca.edu.py, mech=LOGIN, bits=0
Jun  2 08:37:16 tera sendmail[20618]: t52Cb2Y4020618: from=<condorito@uca.edu.py>, size=1803, class=0, nrcpts=1, msgid=<54AEE2B7994D63A07C79308DE90F6C7F@mfdhcs>, proto=ESMTP, daemon=TLSMTA, relay=198-200-106-226.cpe.distributel.net [198.200.106.226]
Jun  2 08:37:19 tera sendmail[20796]: t52Cb7uH020796: from=<condorito@uca.edu.py>, size=1881, class=0, nrcpts=1, msgid=<8F7538E44C98B645999CD56D69044256@ptcr>, proto=ESMTP, daemon=TLSMTA, relay=59-126-209-47.HINET-IP.hinet.net [59.126.209.47]
Jun  2 08:37:27 tera sendmail[21302]: AUTH=server, relay=bb118-200-183-150.singnet.com.sg [118.200.183.150] (may be forged), authid=condorito@uca.edu.py, mech=LOGIN, bits=0
Jun  2 08:37:28 tera sendmail[21405]: AUTH=server, relay=173-29-231-88.client.mchsi.com [173.29.231.88], authid=condorito@uca.edu.py, mech=LOGIN, bits=0
Jun  2 08:37:32 tera sendmail[21405]: t52CbKiL021405: from=<condorito@uca.edu.py>, size=1918, class=0, nrcpts=1, msgid=<DD2768C35084AA69B5B0F94420008B28@ipnpyw>, proto=ESMTP, daemon=TLSMTA, relay=173-29-231-88.client.mchsi.com [173.29.231.88]
Jun  2 08:37:35 tera sendmail[22208]: t52CbR4P021696: to=<condorito@uca.edu.py>, delay=00:00:03, xdelay=00:00:00, mailer=local, pri=35170, dsn=2.0.0, stat=Sent
Jun  2 08:37:36 tera sendmail[21302]: t52CbIMR021302: from=<condorito@uca.edu.py>, size=1880, class=0, nrcpts=1, msgid=<C43E73B0C5113FCC10155CE4E0A542AE@qxmepic>, proto=ESMTP, daemon=TLSMTA, relay=bb118-200-183-150.singnet.com.sg [118.200.183.150] (may be forged)
Jun  2 08:37:54 tera sendmail[22585]: AUTH=server, relay=host120-87-dynamic.60-82-r.retail.telecomitalia.it [82.60.87.120], authid=condorito@uca.edu.py, mech=LOGIN, bits=0
Jun  2 08:37:55 tera sendmail[22892]: t52CboRl022711: to=<condorito@uca.edu.py>, delay=00:00:03, xdelay=00:00:00, mailer=local, pri=35767, dsn=2.0.0, stat=Sent
Jun  2 08:37:56 tera sendmail[22688]: AUTH=server, relay=wsip-72-214-85-63.hr.hr.cox.net [72.214.85.63], authid=condorito@uca.edu.py, mech=LOGIN, bits=0
Jun  2 08:38:00 tera sendmail[22688]: t52CboR5022688: from=<condorito@uca.edu.py>, size=2006, class=0, nrcpts=1, msgid=<F40E41CE2CF8D615C9CC85385C713B2B@fzsvpj>, proto=ESMTP, daemon=TLSMTA, relay=wsip-72-214-85-63.hr.hr.cox.net [72.214.85.63]
Jun  2 08:38:01 tera sendmail[22585]: t52CbmC5022585: from=<condorito@uca.edu.py>, size=2101, class=0, nrcpts=1, msgid=<6B91DCF7E6321CEF33367FC7C32C384B@gfmh>, proto=ESMTP, daemon=TLSMTA, relay=host120-87-dynamic.60-82-r.retail.telecomitalia.it [82.60.87.120]
Jun  2 08:38:02 tera sendmail[22695]: AUTH=server, relay=static.186-135-138-78.kgts.ru [78.138.135.186], authid=condorito@uca.edu.py, mech=LOGIN, bits=0
Jun  2 08:38:04 tera sendmail[23121]: t52Cbxgv022979: to=<condorito@uca.edu.py>, delay=00:00:03, xdelay=00:00:01, mailer=local, pri=34776, dsn=2.0.0, stat=Sent
Jun  2 08:38:06 tera sendmail[22597]: AUTH=server, relay=ppp-124-122-116-167.revip2.asianet.co.th [124.122.116.167], authid=condorito@uca.edu.py, mech=LOGIN, bits=0
Jun  2 08:38:08 tera sendmail[22695]: t52Cbpud022695: from=<condorito@uca.edu.py>, size=0, class=0, nrcpts=0, proto=ESMTP, daemon=TLSMTA, relay=static.186-135-138-78.kgts.ru [78.138.135.186]
Jun  2 08:38:14 tera sendmail[23550]: t52Cc9iQ023237: to=<condorito@uca.edu.py>, delay=00:00:02, xdelay=00:00:00, mailer=local, pri=34724, dsn=2.0.0, stat=Sent
Jun  2 08:38:15 tera sendmail[23133]: AUTH=server, relay=95.82.247.226-FTTB.planeta.tc [95.82.247.226] (may be forged), authid=condorito@uca.edu.py, mech=LOGIN, bits=0
Jun  2 08:38:17 tera sendmail[22597]: t52CboQ2022597: from=<condorito@uca.edu.py>, size=1873, class=0, nrcpts=1, msgid=<24DE9120FF2B05C61A1F56EB8FEBE834@jnfgamq>, proto=ESMTP, daemon=TLSMTA, relay=ppp-124-122-116-167.revip2.asianet.co.th [124.122.116.167]
Jun  2 08:38:21 tera sendmail[23205]: AUTH=server, relay=l5-128-116-65.cn.ru [5.128.116.65] (may be forged), authid=condorito@uca.edu.py, mech=LOGIN, bits=0
Jun  2 08:38:22 tera sendmail[23133]: t52Cc9no023133: from=<condorito@uca.edu.py>, size=1850, class=0, nrcpts=1, msgid=<41BBF468885C72B16D68219CF8441C4B@ylwn>, proto=ESMTP, daemon=TLSMTA, relay=95.82.247.226-FTTB.planeta.tc [95.82.247.226] (may be forged)
Jun  2 08:38:25 tera sendmail[23205]: t52Cc7Rx023205: from=<condorito@uca.edu.py>, size=0, class=0, nrcpts=0, proto=ESMTP, daemon=TLSMTA, relay=l5-128-116-65.cn.ru [5.128.116.65] (may be forged)
Jun  2 08:38:25 tera sendmail[23336]: AUTH=server, relay=host79.static1.l2tp.ttkdv.ru [46.38.0.79] (may be forged), authid=condorito@uca.edu.py, mech=LOGIN, bits=0
Jun  2 08:38:31 tera sendmail[23336]: t52CcFOG023336: from=<condorito@uca.edu.py>, size=0, class=0, nrcpts=0, proto=ESMTP, daemon=TLSMTA, relay=host79.static1.l2tp.ttkdv.ru [46.38.0.79] (may be forged)
Jun  2 08:38:43 tera sendmail[24279]: AUTH=server, relay=broadband-109-173-48-119.nationalcablenetworks.ru [109.173.48.119], authid=condorito@uca.edu.py, mech=LOGIN, bits=0
Jun  2 08:38:43 tera sendmail[24423]: AUTH=server, relay=[194.246.115.107], authid=condorito@uca.edu.py, mech=LOGIN, bits=0
Jun  2 08:38:46 tera sendmail[24423]: t52CcYqk024423: from=<condorito@uca.edu.py>, size=2300, class=0, nrcpts=1, msgid=<2FD5988C8C587685595C15ADA96F5B3D@ggmqdrn>, proto=ESMTP, daemon=TLSMTA, relay=[194.246.115.107]
Jun  2 08:38:47 tera sendmail[24279]: t52CcYit024279: from=<condorito@uca.edu.py>, size=2099, class=0, nrcpts=1, msgid=<4DB7F86DB367498A56531AA7C3A9CE62@tweqp>, proto=ESMTP, daemon=TLSMTA, relay=broadband-109-173-48-119.nationalcablenetworks.ru [109.173.48.119]
Jun  2 08:38:57 tera sendmail[24979]: AUTH=server, relay=host222-237-dynamic.17-79-r.retail.telecomitalia.it [79.17.237.222], authid=condorito@uca.edu.py, mech=LOGIN, bits=0
Jun  2 08:39:01 tera sendmail[25076]: AUTH=server, relay=d-216-246-147-96.cpe.metrocast.net [216.246.147.96], authid=condorito@uca.edu.py, mech=LOGIN, bits=0
Jun  2 08:39:03 tera sendmail[24979]: t52CcnGO024979: from=<condorito@uca.edu.py>, size=0, class=0, nrcpts=0, proto=ESMTP, daemon=TLSMTA, relay=host222-237-dynamic.17-79-r.retail.telecomitalia.it [79.17.237.222]
Jun  2 08:39:03 tera sendmail[25076]: t52Ccs3c025076: from=<condorito@uca.edu.py>, size=0, class=0, nrcpts=0, proto=ESMTP, daemon=TLSMTA, relay=d-216-246-147-96.cpe.metrocast.net [216.246.147.96]
Jun  2 08:39:06 tera sendmail[25203]: AUTH=server, relay=212-112-57-46.lidnet.net [212.112.57.46] (may be forged), authid=condorito@uca.edu.py, mech=LOGIN, bits=0
Jun  2 08:39:07 tera sendmail[25213]: AUTH=server, relay=customer.veracitycom.net [76.8.221.220] (may be forged), authid=condorito@uca.edu.py, mech=LOGIN, bits=0
Jun  2 08:39:10 tera sendmail[25203]: t52Ccwvv025203: from=<condorito@uca.edu.py>, size=1831, class=0, nrcpts=1, msgid=<55AFE00F60B49A598580C974102B9512@tliivfv>, proto=ESMTP, daemon=TLSMTA, relay=212-112-57-46.lidnet.net [212.112.57.46] (may be forged)
Jun  2 08:39:11 tera sendmail[25213]: t52CcxaJ025213: from=<condorito@uca.edu.py>, size=1947, class=0, nrcpts=1, msgid=<E01A55C7EA3E10D30F0A43FE9AE2B084@xbgauoi>, proto=ESMTP, daemon=TLSMTA, relay=customer.veracitycom.net [76.8.221.220] (may be forged)
Jun  2 08:39:12 tera sendmail[25460]: AUTH=server, relay=9.net-94.242.166.kaluga.ru [94.242.166.9] (may be forged), authid=condorito@uca.edu.py, mech=LOGIN, bits=0
Jun  2 08:39:15 tera sendmail[25614]: AUTH=server, relay=85-237-244-172.dynamic.orange.sk [85.237.244.172], authid=condorito@uca.edu.py, mech=LOGIN, bits=0
Jun  2 08:39:16 tera sendmail[25460]: t52Cd41M025460: from=<condorito@uca.edu.py>, size=2225, class=0, nrcpts=1, msgid=<C33974176CB89665B9BCF54D4956794B@ysraa>, proto=ESMTP, daemon=TLSMTA, relay=9.net-94.242.166.kaluga.ru [94.242.166.9] (may be forged)
Jun  2 08:39:22 tera sendmail[25614]: t52Cd8a5025614: from=<condorito@uca.edu.py>, size=2067, class=0, nrcpts=1, msgid=<9D672A55EE3A14E73B3E77CFCB3899B3@rsichi>, proto=ESMTP, daemon=TLSMTA, relay=85-237-244-172.dynamic.orange.sk [85.237.244.172]
Jun  2 08:39:24 tera sendmail[25807]: AUTH=server, relay=c-69-242-105-59.hsd1.pa.comcast.net [69.242.105.59], authid=condorito@uca.edu.py, mech=LOGIN, bits=0
Jun  2 08:39:26 tera sendmail[25824]: AUTH=server, relay=[95.71.125.130], authid=condorito@uca.edu.py, mech=LOGIN, bits=0
Jun  2 08:39:27 tera sendmail[25807]: t52CdCgo025807: from=<condorito@uca.edu.py>, size=0, class=0, nrcpts=0, proto=ESMTP, daemon=TLSMTA, relay=c-69-242-105-59.hsd1.pa.comcast.net [69.242.105.59]
Jun  2 08:39:28 tera sendmail[26357]: t52CdMK2026150: to=<condorito@uca.edu.py>, delay=00:00:03, xdelay=00:00:00, mailer=local, pri=34494, dsn=2.0.0, stat=Sent
Jun  2 08:39:29 tera sendmail[26475]: t52CdLtq026072: to=<condorito@uca.edu.py>, delay=00:00:03, xdelay=00:00:00, mailer=local, pri=35613, dsn=2.0.0, stat=Sent
Jun  2 08:39:31 tera sendmail[25824]: t52CdFiJ025824: from=<condorito@uca.edu.py>, size=1841, class=0, nrcpts=1, msgid=<3CC6894FED3917D4080D44F99D79BF89@wfgw>, proto=ESMTP, daemon=TLSMTA, relay=[95.71.125.130]
Jun  2 08:39:34 tera sendmail[26358]: AUTH=server, relay=net176113015197.pskovline.ru [176.113.15.197], authid=condorito@uca.edu.py, mech=LOGIN, bits=0
Jun  2 08:39:37 tera sendmail[26358]: t52CdUpq026358: from=<condorito@uca.edu.py>, size=0, class=0, nrcpts=0, proto=ESMTP, daemon=TLSMTA, relay=net176113015197.pskovline.ru [176.113.15.197]
Jun  2 08:39:42 tera sendmail[26580]: AUTH=server, relay=wsip-70-183-171-172.ri.ri.cox.net [70.183.171.172], authid=condorito@uca.edu.py, mech=LOGIN, bits=0
Jun  2 08:39:44 tera sendmail[26677]: AUTH=server, relay=[78.108.253.205], authid=condorito@uca.edu.py, mech=LOGIN, bits=0
Jun  2 08:39:45 tera sendmail[26661]: AUTH=server, relay=23-251-195-162.static-ip.telepacific.net [23.251.195.162], authid=condorito@uca.edu.py, mech=LOGIN, bits=0
Jun  2 08:39:46 tera sendmail[26580]: t52CdXiH026580: from=<condorito@uca.edu.py>, size=0, class=0, nrcpts=0, proto=ESMTP, daemon=TLSMTA, relay=wsip-70-183-171-172.ri.ri.cox.net [70.183.171.172]
Jun  2 08:39:46 tera sendmail[26869]: t52CdfNu026683: to=<condorito@uca.edu.py>, delay=00:00:03, xdelay=00:00:00, mailer=local, pri=34766, dsn=2.0.0, stat=Sent
Jun  2 08:39:47 tera sendmail[26661]: t52CdeJK026661: from=<condorito@uca.edu.py>, size=0, class=0, nrcpts=0, proto=ESMTP, daemon=TLSMTA, relay=23-251-195-162.static-ip.telepacific.net [23.251.195.162]
Jun  2 08:39:49 tera sendmail[26677]: t52CddjP026677: from=<condorito@uca.edu.py>, size=1878, class=0, nrcpts=1, msgid=<52A8E5BF90446A99454009B1B5268D50@zzge>, proto=ESMTP, daemon=TLSMTA, relay=[78.108.253.205]
Jun  2 08:39:54 tera sendmail[26903]: AUTH=server, relay=188-25-145-0.rdsnet.ro [188.25.145.0] (may be forged), authid=condorito@uca.edu.py, mech=LOGIN, bits=0
Jun  2 08:39:57 tera sendmail[27511]: t52Cdmuh026889: to=<condorito@uca.edu.py>, delay=00:00:05, xdelay=00:00:00, mailer=local, pri=34474, dsn=2.0.0, stat=Sent
Jun  2 08:40:00 tera sendmail[26903]: t52Cdl5s026903: from=<condorito@uca.edu.py>, size=1919, class=0, nrcpts=1, msgid=<13E9A6714793BD7EA2A7EE5337386077@tgdbt>, proto=ESMTP, daemon=TLSMTA, relay=188-25-145-0.rdsnet.ro [188.25.145.0] (may be forged)
Jun  2 08:40:01 tera sendmail[27168]: AUTH=server, relay=[176.14.75.13], authid=condorito@uca.edu.py, mech=LOGIN, bits=0
Jun  2 08:40:05 tera sendmail[27168]: t52Cdr3W027168: from=<condorito@uca.edu.py>, size=1900, class=0, nrcpts=1, msgid=<DC2669459F4B65A67A7F368BEFCA9CFF@emsrdcl>, proto=ESMTP, daemon=TLSMTA, relay=[176.14.75.13]
Jun  2 08:40:13 tera sendmail[27962]: AUTH=server, relay=cpe-76-180-27-184.buffalo.res.rr.com [76.180.27.184], authid=condorito@uca.edu.py, mech=LOGIN, bits=0
Jun  2 08:40:15 tera sendmail[28882]: t52Ce9lx028436: to=<condorito@uca.edu.py>, delay=00:00:03, xdelay=00:00:00, mailer=local, pri=34773, dsn=2.0.0, stat=Sent
Jun  2 08:40:16 tera sendmail[27962]: t52Ce3C4027962: from=<condorito@uca.edu.py>, size=0, class=0, nrcpts=0, proto=ESMTP, daemon=TLSMTA, relay=cpe-76-180-27-184.buffalo.res.rr.com [76.180.27.184]
Jun  2 08:40:23 tera sendmail[29370]: t52CeHm9028918: to=<condorito@uca.edu.py>, delay=00:00:05, xdelay=00:00:01, mailer=local, pri=36322, dsn=2.0.0, stat=Sent
Jun  2 08:40:27 tera sendmail[28883]: AUTH=server, relay=ip68-97-64-174.ok.ok.cox.net [68.97.64.174], authid=condorito@uca.edu.py, mech=LOGIN, bits=0
Jun  2 08:40:27 tera sendmail[28735]: AUTH=server, relay=cpe-72-229-157-58.nyc.res.rr.com [72.229.157.58], authid=condorito@uca.edu.py, mech=LOGIN, bits=0
Jun  2 08:40:29 tera sendmail[28883]: t52CeGGH028883: from=<condorito@uca.edu.py>, size=0, class=0, nrcpts=0, proto=ESMTP, daemon=TLSMTA, relay=ip68-97-64-174.ok.ok.cox.net [68.97.64.174]
Jun  2 08:40:30 tera sendmail[29230]: AUTH=server, relay=ool-4350a39c.dyn.optonline.net [67.80.163.156], authid=condorito@uca.edu.py, mech=LOGIN, bits=0
Jun  2 08:40:34 tera sendmail[29230]: t52CeMEc029230: from=<condorito@uca.edu.py>, size=0, class=0, nrcpts=0, proto=ESMTP, daemon=TLSMTA, relay=ool-4350a39c.dyn.optonline.net [67.80.163.156]
Jun  2 08:40:34 tera sendmail[28735]: t52CeFgE028735: from=<condorito@uca.edu.py>, size=1960, class=0, nrcpts=1, msgid=<679DD2E01FCBE526FAFFB60B6F55370C@xvjxmd>, proto=ESMTP, daemon=TLSMTA, relay=cpe-72-229-157-58.nyc.res.rr.com [72.229.157.58]
Jun  2 08:40:49 tera sendmail[30168]: t52Cei9l029958: to=<condorito@uca.edu.py>, delay=00:00:04, xdelay=00:00:01, mailer=local, pri=34698, dsn=2.0.0, stat=Sent
Jun  2 08:40:51 tera sendmail[29939]: AUTH=server, relay=bzq-84-111-120-8.red.bezeqint.net [84.111.120.8], authid=condorito@uca.edu.py, mech=LOGIN, bits=0
Jun  2 08:40:52 tera sendmail[29969]: AUTH=server, relay=l5-128-116-65.cn.ru [5.128.116.65] (may be forged), authid=condorito@uca.edu.py, mech=LOGIN, bits=0
Jun  2 08:40:56 tera sendmail[29939]: t52Ceeiw029939: from=<condorito@uca.edu.py>, size=0, class=0, nrcpts=0, proto=ESMTP, daemon=TLSMTA, relay=bzq-84-111-120-8.red.bezeqint.net [84.111.120.8]
Jun  2 08:40:57 tera sendmail[29969]: t52Cefob029969: from=<condorito@uca.edu.py>, size=0, class=0, nrcpts=0, proto=ESMTP, daemon=TLSMTA, relay=l5-128-116-65.cn.ru [5.128.116.65] (may be forged)
Jun  2 08:40:57 tera sendmail[29975]: AUTH=server, relay=net176113015197.pskovline.ru [176.113.15.197], authid=condorito@uca.edu.py, mech=LOGIN, bits=0
Jun  2 08:41:00 tera sendmail[30235]: AUTH=server, relay=95-29-55-23.broadband.corbina.ru [95.29.55.23], authid=condorito@uca.edu.py, mech=LOGIN, bits=0
Jun  2 08:41:01 tera sendmail[29975]: t52Cef6j029975: from=<condorito@uca.edu.py>, size=1804, class=0, nrcpts=1, msgid=<3BC18D3E10C4EA19C5C08931355367ED@ohdm>, proto=ESMTP, daemon=TLSMTA, relay=net176113015197.pskovline.ru [176.113.15.197]
Jun  2 08:41:02 tera sendmail[30235]: t52CerbN030235: from=<condorito@uca.edu.py>, size=0, class=0, nrcpts=0, proto=ESMTP, daemon=TLSMTA, relay=95-29-55-23.broadband.corbina.ru [95.29.55.23]
Jun  2 08:41:05 tera sendmail[30372]: AUTH=server, relay=[213.27.118.235], authid=condorito@uca.edu.py, mech=LOGIN, bits=0
Jun  2 08:41:07 tera sendmail[30372]: t52CexZB030372: from=<condorito@uca.edu.py>, size=0, class=0, nrcpts=0, proto=ESMTP, daemon=TLSMTA, relay=[213.27.118.235]
Jun  2 08:41:08 tera sendmail[30365]: AUTH=server, relay=c-98-254-2-94.hsd1.fl.comcast.net [98.254.2.94], authid=condorito@uca.edu.py, mech=LOGIN, bits=0
Jun  2 08:41:11 tera sendmail[30365]: t52CexvF030365: from=<condorito@uca.edu.py>, size=0, class=0, nrcpts=0, proto=ESMTP, daemon=TLSMTA, relay=c-98-254-2-94.hsd1.fl.comcast.net [98.254.2.94]
Jun  2 08:41:15 tera sendmail[30649]: AUTH=server, relay=[217.197.22.238], authid=condorito@uca.edu.py, mech=LOGIN, bits=0
Jun  2 08:41:18 tera sendmail[30649]: t52Cf99K030649: from=<condorito@uca.edu.py>, size=1947, class=0, nrcpts=1, msgid=<906A26B0DC0826D5090C45FDF93E41C7@bcgy>, proto=ESMTP, daemon=TLSMTA, relay=[217.197.22.238]
Jun  2 08:41:21 tera sendmail[31040]: t52CfFxB030787: to=<condorito@uca.edu.py>, delay=00:00:03, xdelay=00:00:00, mailer=local, pri=35505, dsn=2.0.0, stat=Sent
Jun  2 08:41:31 tera sendmail[30893]: AUTH=server, relay=[93.152.208.205], authid=condorito@uca.edu.py, mech=LOGIN, bits=0
Jun  2 08:41:32 tera sendmail[31390]: t52CfRYQ031162: to=<condorito@uca.edu.py>, delay=00:00:03, xdelay=00:00:00, mailer=local, pri=34777, dsn=2.0.0, stat=Sent
Jun  2 08:41:32 tera sendmail[31100]: AUTH=server, relay=[131.0.209.214], authid=condorito@uca.edu.py, mech=LOGIN, bits=0
Jun  2 08:41:33 tera sendmail[30893]: t52CfKQo030893: from=<condorito@uca.edu.py>, size=1974, class=0, nrcpts=1, msgid=<32C887FED20628EB37327BC6A2ADC064@wzfy>, proto=ESMTP, daemon=TLSMTA, relay=[93.152.208.205]
Jun  2 08:41:36 tera sendmail[31100]: t52CfPMo031100: from=<condorito@uca.edu.py>, size=2058, class=0, nrcpts=1, msgid=<07FDB1578B5F71825E5B12AAAE2A68BE@vwwlme>, proto=ESMTP, daemon=TLSMTA, relay=[131.0.209.214]
Jun  2 08:41:37 tera sendmail[31207]: AUTH=server, relay=71-87-135-29.dhcp.mrqt.mi.charter.com [71.87.135.29] (may be forged), authid=condorito@uca.edu.py, mech=LOGIN, bits=0
Jun  2 08:41:42 tera sendmail[31186]: AUTH=server, relay=c-73-193-118-118.hsd1.wa.comcast.net [73.193.118.118], authid=condorito@uca.edu.py, mech=LOGIN, bits=0
Jun  2 08:41:43 tera sendmail[31207]: t52CfUer031207: from=<condorito@uca.edu.py>, size=2061, class=0, nrcpts=1, msgid=<CE34789FFA2E00F32F2A63DBDF8A0CAF@qyakn>, proto=ESMTP, daemon=TLSMTA, relay=71-87-135-29.dhcp.mrqt.mi.charter.com [71.87.135.29] (may be forged)
Jun  2 08:41:46 tera sendmail[31186]: t52CfT6I031186: from=<condorito@uca.edu.py>, size=1927, class=0, nrcpts=1, msgid=<A55F10799D4967A4787D3489ED1344CB@gfabe>, proto=ESMTP, daemon=TLSMTA, relay=c-73-193-118-118.hsd1.wa.comcast.net [73.193.118.118]
Jun  2 08:41:54 tera sendmail[32025]: AUTH=server, relay=109-124-185-4.customer.t3.se [109.124.185.4], authid=condorito@uca.edu.py, mech=LOGIN, bits=0
Jun  2 08:41:58 tera sendmail[32070]: AUTH=server, relay=static-72-69-204-242.nycmny.fios.verizon.net [72.69.204.242], authid=condorito@uca.edu.py, mech=LOGIN, bits=0
Jun  2 08:41:59 tera sendmail[32097]: AUTH=server, relay=static-82.79.223.187.craiova.rdsnet.ro [82.79.223.187] (may be forged), authid=condorito@uca.edu.py, mech=LOGIN, bits=0
Jun  2 08:41:59 tera sendmail[32025]: t52CfmPr032025: from=<condorito@uca.edu.py>, size=2183, class=0, nrcpts=1, msgid=<C23874BB7CA88675A9ACE55D59C91D55@sqpcdf>, proto=ESMTP, daemon=TLSMTA, relay=109-124-185-4.customer.t3.se [109.124.185.4]
Jun  2 08:42:00 tera sendmail[32070]: t52Cfqwo032070: from=<condorito@uca.edu.py>, size=0, class=0, nrcpts=0, proto=ESMTP, daemon=TLSMTA, relay=static-72-69-204-242.nycmny.fios.verizon.net [72.69.204.242]
Jun  2 08:42:02 tera sendmail[32149]: AUTH=server, relay=173.209.172.15.nwinternet.com [173.209.172.15] (may be forged), authid=condorito@uca.edu.py, mech=LOGIN, bits=0
Jun  2 08:42:06 tera sendmail[32097]: t52CfpnB032097: from=<condorito@uca.edu.py>, size=1863, class=0, nrcpts=1, msgid=<7983CC806ABE90538F8AC37E1A72377C@xxqv>, proto=ESMTP, daemon=TLSMTA, relay=static-82.79.223.187.craiova.rdsnet.ro [82.79.223.187] (may be forged)
Jun  2 08:42:06 tera sendmail[32149]: t52Cfrb5032149: from=<condorito@uca.edu.py>, size=0, class=0, nrcpts=0, proto=ESMTP, daemon=TLSMTA, relay=173.209.172.15.nwinternet.com [173.209.172.15] (may be forged)
Jun  2 08:42:09 tera sendmail[556]: t52Cg5EF032707: to=<condorito@uca.edu.py>, delay=00:00:03, xdelay=00:00:00, mailer=local, pri=35027, dsn=2.0.0, stat=Sent
Jun  2 08:42:23 tera sendmail[670]: AUTH=server, relay=pub082136124242.dh-hfc.datazug.ch [82.136.124.242], authid=condorito@uca.edu.py, mech=LOGIN, bits=0
Jun  2 08:42:26 tera sendmail[668]: AUTH=server, relay=[14.100.3.242], authid=condorito@uca.edu.py, mech=LOGIN, bits=0
Jun  2 08:42:26 tera sendmail[1375]: t52CgL7A001057: to=<condorito@uca.edu.py>, delay=00:00:04, xdelay=00:00:01, mailer=local, pri=34539, dsn=2.0.0, stat=Sent
Jun  2 08:42:28 tera sendmail[670]: t52CgEpb000670: from=<condorito@uca.edu.py>, size=1967, class=0, nrcpts=1, msgid=<15EFA10FF0240AC9151059E480653559@ulcrph>, proto=ESMTP, daemon=TLSMTA, relay=pub082136124242.dh-hfc.datazug.ch [82.136.124.242]
Jun  2 08:42:30 tera sendmail[709]: AUTH=server, relay=[218.255.192.49], authid=condorito@uca.edu.py, mech=LOGIN, bits=0
Jun  2 08:42:34 tera sendmail[709]: t52CgGLT000709: from=<condorito@uca.edu.py>, size=0, class=0, nrcpts=0, proto=ESMTP, daemon=TLSMTA, relay=[218.255.192.49]
Jun  2 08:42:47 tera sendmail[668]: t52CgCEf000668: from=<condorito@uca.edu.py>, size=0, class=0, nrcpts=0, proto=ESMTP, daemon=TLSMTA, relay=[14.100.3.242]
Jun  2 08:42:48 tera sendmail[1785]: AUTH=server, relay=[205.197.218.213], authid=condorito@uca.edu.py, mech=LOGIN, bits=0
Jun  2 08:42:51 tera sendmail[2459]: t52CghNr001906: to=<condorito@uca.edu.py>, delay=00:00:04, xdelay=00:00:00, mailer=local, pri=35219, dsn=2.0.0, stat=Sent
Jun  2 08:42:53 tera sendmail[1785]: t52CggQa001785: from=<condorito@uca.edu.py>, size=1956, class=0, nrcpts=1, msgid=<8D773996E23618DB07024BF692951CF5@ahey>, proto=ESMTP, daemon=TLSMTA, relay=[205.197.218.213]
Jun  2 08:42:58 tera sendmail[1892]: AUTH=server, relay=[209.37.191.90], authid=condorito@uca.edu.py, mech=LOGIN, bits=0
Jun  2 08:42:58 tera sendmail[2072]: AUTH=server, relay=66-238-70-85.starstream.net [66.238.70.85], authid=condorito@uca.edu.py, mech=LOGIN, bits=0
Jun  2 08:43:01 tera sendmail[2072]: t52CglXq002072: from=<condorito@uca.edu.py>, size=0, class=0, nrcpts=0, proto=ESMTP, daemon=TLSMTA, relay=66-238-70-85.starstream.net [66.238.70.85]
Jun  2 08:43:04 tera sendmail[1892]: t52CghEx001892: from=<condorito@uca.edu.py>, size=0, class=0, nrcpts=0, proto=ESMTP, daemon=TLSMTA, relay=[209.37.191.90]
Jun  2 08:43:08 tera sendmail[2948]: t52Ch4Wi002792: to=<condorito@uca.edu.py>, delay=00:00:02, xdelay=00:00:00, mailer=local, pri=34604, dsn=2.0.0, stat=Sent
Jun  2 08:43:10 tera sendmail[2757]: AUTH=server, relay=broadband-46-242-90-56.nationalcablenetworks.ru [46.242.90.56], authid=condorito@uca.edu.py, mech=LOGIN, bits=0
Jun  2 08:43:15 tera sendmail[2757]: t52Ch4H3002757: from=<condorito@uca.edu.py>, size=1798, class=0, nrcpts=1, msgid=<9F652BA2B266488B57521BA6C2C733AE@gkqfu>, proto=ESMTP, daemon=TLSMTA, relay=broadband-46-242-90-56.nationalcablenetworks.ru [46.242.90.56]
Jun  2 08:43:16 tera sendmail[3724]: t52ChC3b003211: to=<condorito@uca.edu.py>, delay=00:00:03, xdelay=00:00:00, mailer=local, pri=35032, dsn=2.0.0, stat=Sent
Jun  2 08:43:22 tera sendmail[3074]: AUTH=server, relay=[121.163.244.44], authid=condorito@uca.edu.py, mech=LOGIN, bits=0
Jun  2 08:43:25 tera sendmail[3043]: AUTH=server, relay=[190.67.73.154], authid=condorito@uca.edu.py, mech=LOGIN, bits=0
Jun  2 08:43:32 tera sendmail[3043]: t52ChBuY003043: from=<condorito@uca.edu.py>, size=2006, class=0, nrcpts=1, msgid=<708AC6F31DC9E714C8CD843C384D3C58@ooxpjfn>, proto=ESMTP, daemon=TLSMTA, relay=[190.67.73.154]
Jun  2 08:43:32 tera sendmail[3074]: t52ChCdK003074: from=<condorito@uca.edu.py>, size=1686, class=0, nrcpts=1, msgid=<5BA1EF7A34E0CE0DD1D49D2044C1C9A8@iabw>, proto=ESMTP, daemon=TLSMTA, relay=[121.163.244.44]
Jun  2 08:43:39 tera sendmail[3996]: AUTH=server, relay=178-165-49-99-kh.maxnet.ua [178.165.49.99] (may be forged), authid=condorito@uca.edu.py, mech=LOGIN, bits=0
Jun  2 08:43:43 tera sendmail[3996]: t52ChW5S003996: from=<condorito@uca.edu.py>, size=1855, class=0, nrcpts=1, msgid=<F30947D38A5E70B36F6A239EFADBC3DC@jceh>, proto=ESMTP, daemon=TLSMTA, relay=178-165-49-99-kh.maxnet.ua [178.165.49.99] (may be forged)
Jun  2 08:43:43 tera sendmail[4205]: AUTH=server, relay=host-238.personal.net.py [190.104.136.238] (may be forged), authid=condorito@uca.edu.py, mech=LOGIN, bits=0
Jun  2 08:43:45 tera sendmail[4205]: t52Chbln004205: from=<condorito@uca.edu.py>, size=0, class=0, nrcpts=0, proto=ESMTP, daemon=TLSMTA, relay=host-238.personal.net.py [190.104.136.238] (may be forged)
Jun  2 08:43:51 tera sendmail[4322]: AUTH=server, relay=85.65.157.120.dynamic.barak-online.net [85.65.157.120], authid=condorito@uca.edu.py, mech=LOGIN, bits=0
Jun  2 08:43:52 tera sendmail[4305]: AUTH=server, relay=bb115-66-42-204.singnet.com.sg [115.66.42.204], authid=condorito@uca.edu.py, mech=LOGIN, bits=0
Jun  2 08:43:59 tera sendmail[4305]: t52Chg9I004305: from=<condorito@uca.edu.py>, size=1720, class=0, nrcpts=1, msgid=<0AF0BE4019CDE320FCF9B00D694E5394@ffta>, proto=ESMTP, daemon=TLSMTA, relay=bb115-66-42-204.singnet.com.sg [115.66.42.204]
Jun  2 08:43:59 tera sendmail[4571]: AUTH=server, relay=[222.112.218.132], authid=condorito@uca.edu.py, mech=LOGIN, bits=0
Jun  2 08:44:00 tera sendmail[4923]: t52ChulA004705: to=<condorito@uca.edu.py>, delay=00:00:02, xdelay=00:00:00, mailer=local, pri=34556, dsn=2.0.0, stat=Sent
Jun  2 08:44:02 tera sendmail[4322]: t52Chhsw004322: from=<condorito@uca.edu.py>, size=1917, class=0, nrcpts=1, msgid=<05FFB3B6A37759AA76733A8286ED9DCC@ibsff>, proto=ESMTP, daemon=TLSMTA, relay=85.65.157.120.dynamic.barak-online.net [85.65.157.120]
Jun  2 08:44:03 tera sendmail[4571]: t52ChpqW004571: from=<condorito@uca.edu.py>, size=0, class=0, nrcpts=0, proto=ESMTP, daemon=TLSMTA, relay=[222.112.218.132]
Jun  2 08:44:05 tera sendmail[4665]: AUTH=server, relay=host-91-210-178-181.mirgiga.net [91.210.178.181] (may be forged), authid=condorito@uca.edu.py, mech=LOGIN, bits=0
Jun  2 08:44:10 tera sendmail[5176]: t52Ci6xc005068: to=<condorito@uca.edu.py>, delay=00:00:03, xdelay=00:00:00, mailer=local, pri=34788, dsn=2.0.0, stat=Sent
Jun  2 08:44:13 tera sendmail[4665]: t52ChuD8004665: from=<condorito@uca.edu.py>, size=1915, class=0, nrcpts=1, msgid=<1BE1AF5B01D5FB38E4E1A81571BE5B03@jlkmgc>, proto=ESMTP, daemon=TLSMTA, relay=host-91-210-178-181.mirgiga.net [91.210.178.181] (may be forged)
Jun  2 08:44:15 tera sendmail[5088]: AUTH=server, relay=[83.222.85.172], authid=condorito@uca.edu.py, mech=LOGIN, bits=0
Jun  2 08:44:23 tera sendmail[5088]: t52Ci8dl005088: from=<condorito@uca.edu.py>, size=1800, class=0, nrcpts=1, msgid=<7B81CF095F8BA566BABFF64B2F83C6A5@smjdz>, proto=ESMTP, daemon=TLSMTA, relay=[83.222.85.172]
Jun  2 08:44:25 tera sendmail[5359]: AUTH=server, relay=[158.46.45.71], authid=condorito@uca.edu.py, mech=LOGIN, bits=0
Jun  2 08:44:26 tera sendmail[5332]: AUTH=server, relay=541B4577.cm-5-4b.dynamic.ziggo.nl [84.27.69.119], authid=condorito@uca.edu.py, mech=LOGIN, bits=0
Jun  2 08:44:30 tera sendmail[5332]: t52CiH3e005332: from=<condorito@uca.edu.py>, size=1763, class=0, nrcpts=1, msgid=<7389C71BF7230DCE12175EE387C3EE4C@nzlqlt>, proto=ESMTP, daemon=TLSMTA, relay=541B4577.cm-5-4b.dynamic.ziggo.nl [84.27.69.119]
Jun  2 08:44:32 tera sendmail[5359]: t52CiI69005359: from=<condorito@uca.edu.py>, size=1845, class=0, nrcpts=1, msgid=<748EC2D79C486695494C05BDB91C9A32@aigvfdo>, proto=ESMTP, daemon=TLSMTA, relay=[158.46.45.71]
Jun  2 08:44:40 tera sendmail[5929]: AUTH=server, relay=host-46-52-111-24.midco.net [24.111.52.46], authid=condorito@uca.edu.py, mech=LOGIN, bits=0
Jun  2 08:44:43 tera sendmail[5929]: t52CiXbW005929: from=<condorito@uca.edu.py>, size=0, class=0, nrcpts=0, proto=ESMTP, daemon=TLSMTA, relay=host-46-52-111-24.midco.net [24.111.52.46]
Jun  2 08:44:45 tera sendmail[5988]: AUTH=server, relay=22.118.57.37.triolan.net [37.57.118.22] (may be forged), authid=condorito@uca.edu.py, mech=LOGIN, bits=0
Jun  2 08:44:50 tera sendmail[5988]: t52CibLN005988: from=<condorito@uca.edu.py>, size=2263, class=0, nrcpts=1, msgid=<1EE4AA7E05D1FF3CE0E5AC1175873833@upwhx>, proto=ESMTP, daemon=TLSMTA, relay=22.118.57.37.triolan.net [37.57.118.22] (may be forged)
Jun  2 08:44:53 tera sendmail[6118]: AUTH=server, relay=host-109-235-188-207.bisv.ru [109.235.188.207] (may be forged), authid=condorito@uca.edu.py, mech=LOGIN, bits=0
Jun  2 08:44:56 tera sendmail[6340]: AUTH=server, relay=c-140ce255.015-216-6e796b1.cust.bredbandsbolaget.se [85.226.12.20], authid=condorito@uca.edu.py, mech=LOGIN, bits=0
Jun  2 08:44:58 tera sendmail[6340]: t52Cilhb006340: from=<condorito@uca.edu.py>, size=0, class=0, nrcpts=0, proto=ESMTP, daemon=TLSMTA, relay=c-140ce255.015-216-6e796b1.cust.bredbandsbolaget.se [85.226.12.20]
Jun  2 08:44:58 tera sendmail[6118]: t52Cieu7006118: from=<condorito@uca.edu.py>, size=0, class=0, nrcpts=0, proto=ESMTP, daemon=TLSMTA, relay=host-109-235-188-207.bisv.ru [109.235.188.207] (may be forged)
Jun  2 08:45:04 tera sendmail[6318]: AUTH=server, relay=[92.244.225.182], authid=condorito@uca.edu.py, mech=LOGIN, bits=0
Jun  2 08:45:08 tera sendmail[6318]: t52CintU006318: from=<condorito@uca.edu.py>, size=1916, class=0, nrcpts=1, msgid=<DF256B416FBB95568A8FC67B1F0869F7@ewiicxf>, proto=ESMTP, daemon=TLSMTA, relay=[92.244.225.182]
Jun  2 08:45:14 tera sendmail[7025]: AUTH=server, relay=[184.71.1.90], authid=condorito@uca.edu.py, mech=LOGIN, bits=0
Jun  2 08:45:17 tera sendmail[7041]: AUTH=server, relay=c-75-72-95-72.hsd1.mn.comcast.net [75.72.95.72], authid=condorito@uca.edu.py, mech=LOGIN, bits=0
Jun  2 08:45:18 tera sendmail[7025]: t52Cj7sa007025: from=<condorito@uca.edu.py>, size=0, class=0, nrcpts=0, proto=ESMTP, daemon=TLSMTA, relay=[184.71.1.90]
Jun  2 08:45:22 tera sendmail[7041]: t52CjAfQ007041: from=<condorito@uca.edu.py>, size=2030, class=0, nrcpts=1, msgid=<E51F51693BEFC102DEDB922F4B2F3810@ggpt>, proto=ESMTP, daemon=TLSMTA, relay=c-75-72-95-72.hsd1.mn.comcast.net [75.72.95.72]
Jun  2 08:45:28 tera sendmail[7974]: t52CjORH007694: to=<condorito@uca.edu.py>, delay=00:00:02, xdelay=00:00:00, mailer=local, pri=34320, dsn=2.0.0, stat=Sent
Jun  2 08:45:29 tera sendmail[8063]: t52CjOWx007724: to=<condorito@uca.edu.py>, delay=00:00:03, xdelay=00:00:00, mailer=local, pri=35004, dsn=2.0.0, stat=Sent
Jun  2 08:45:31 tera sendmail[7688]: AUTH=server, relay=[50.72.239.144], authid=condorito@uca.edu.py, mech=LOGIN, bits=0
Jun  2 08:45:32 tera sendmail[8238]: t52CjP74007742: to=<condorito@uca.edu.py>, delay=00:00:06, xdelay=00:00:00, mailer=local, pri=34733, dsn=2.0.0, stat=Sent
Jun  2 08:45:34 tera sendmail[7737]: AUTH=server, relay=[2.92.168.208], authid=condorito@uca.edu.py, mech=LOGIN, bits=0
Jun  2 08:45:38 tera sendmail[7737]: t52CjPUk007737: from=<condorito@uca.edu.py>, size=0, class=0, nrcpts=0, proto=ESMTP, daemon=TLSMTA, relay=[2.92.168.208]
Jun  2 08:45:38 tera sendmail[7688]: t52CjPJo007688: from=<condorito@uca.edu.py>, size=2091, class=0, nrcpts=1, msgid=<BB410F0A5286A86BB7B2FB46222D2860@lkmz>, proto=ESMTP, daemon=TLSMTA, relay=[50.72.239.144]
Jun  2 08:45:48 tera sendmail[8549]: AUTH=server, relay=user-58-215-102-176.fobos.pl.ua [176.102.215.58] (may be forged), authid=condorito@uca.edu.py, mech=LOGIN, bits=0
Jun  2 08:45:52 tera sendmail[8549]: t52CjiuQ008549: from=<condorito@uca.edu.py>, size=2154, class=0, nrcpts=1, msgid=<EA105FF76BBF9162BEBBF24A4E69E707@udppl>, proto=ESMTP, daemon=TLSMTA, relay=user-58-215-102-176.fobos.pl.ua [176.102.215.58] (may be forged)
Jun  2 08:45:54 tera sendmail[8910]: t52CjlJn008607: to=<condorito@uca.edu.py>, delay=00:00:04, xdelay=00:00:01, mailer=local, pri=35507, dsn=2.0.0, stat=Sent
Jun  2 08:45:57 tera sendmail[9093]: t52CjqX5008848: to=<condorito@uca.edu.py>, delay=00:00:04, xdelay=00:00:00, mailer=local, pri=36251, dsn=2.0.0, stat=Sent
Jun  2 08:45:59 tera sendmail[8541]: AUTH=server, relay=147.101.156.175.unknown.m1.com.sg [175.156.101.147] (may be forged), authid=condorito@uca.edu.py, mech=LOGIN, bits=0
Jun  2 08:45:59 tera sendmail[8852]: AUTH=server, relay=173-29-234-237.client.mchsi.com [173.29.234.237], authid=condorito@uca.edu.py, mech=LOGIN, bits=0
Jun  2 08:46:03 tera sendmail[8956]: AUTH=server, relay=c-66-229-100-43.hsd1.fl.comcast.net [66.229.100.43], authid=condorito@uca.edu.py, mech=LOGIN, bits=0
Jun  2 08:46:05 tera sendmail[8541]: t52CjkWa008541: from=<condorito@uca.edu.py>, size=0, class=0, nrcpts=0, proto=ESMTP, daemon=TLSMTA, relay=147.101.156.175.unknown.m1.com.sg [175.156.101.147] (may be forged)
Jun  2 08:46:07 tera sendmail[8852]: t52Cjr06008852: from=<condorito@uca.edu.py>, size=2034, class=0, nrcpts=1, msgid=<C8327C69EA3E10D30F0A43FE9AC5C8DB@lbmm>, proto=ESMTP, daemon=TLSMTA, relay=173-29-234-237.client.mchsi.com [173.29.234.237]
Jun  2 08:46:09 tera sendmail[8956]: t52CjuNh008956: from=<condorito@uca.edu.py>, size=0, class=0, nrcpts=0, proto=ESMTP, daemon=TLSMTA, relay=c-66-229-100-43.hsd1.fl.comcast.net [66.229.100.43]
Jun  2 08:46:31 tera sendmail[10002]: AUTH=server, relay=109.251.93.193.freenet.com.ua [109.251.93.193] (may be forged), authid=condorito@uca.edu.py, mech=LOGIN, bits=0
Jun  2 08:46:36 tera sendmail[10396]: t52CkVAI010217: to=<condorito@uca.edu.py>, delay=00:00:04, xdelay=00:00:01, mailer=local, pri=35973, dsn=2.0.0, stat=Sent
Jun  2 08:46:37 tera sendmail[10072]: AUTH=server, relay=pool-173-75-108-210.snfcca.dsl-w.verizon.net [173.75.108.210], authid=condorito@uca.edu.py, mech=LOGIN, bits=0
Jun  2 08:46:39 tera sendmail[10002]: t52CkMTU010002: from=<condorito@uca.edu.py>, size=2128, class=0, nrcpts=1, msgid=<B8420D85895D73805C5910A8AC78AE2F@xbwtopw>, proto=ESMTP, daemon=TLSMTA, relay=109.251.93.193.freenet.com.ua [109.251.93.193] (may be forged)
Jun  2 08:46:41 tera sendmail[10072]: t52CkMAq010072: from=<condorito@uca.edu.py>, size=0, class=0, nrcpts=0, proto=ESMTP, daemon=TLSMTA, relay=pool-173-75-108-210.snfcca.dsl-w.verizon.net [173.75.108.210]
Jun  2 08:46:45 tera sendmail[10011]: AUTH=server, relay=124-169-157-167.dyn.iinet.net.au [124.169.157.167], authid=condorito@uca.edu.py, mech=LOGIN, bits=0
Jun  2 08:46:57 tera sendmail[11097]: t52Ckrca010940: to=<condorito@uca.edu.py>, delay=00:00:02, xdelay=00:00:00, mailer=local, pri=34438, dsn=2.0.0, stat=Sent
Jun  2 08:46:59 tera sendmail[10914]: AUTH=server, relay=[46.47.119.98], authid=condorito@uca.edu.py, mech=LOGIN, bits=0
Jun  2 08:47:01 tera sendmail[10936]: AUTH=server, relay=66-189-62-190.dhcp.oxfr.ma.charter.com [66.189.62.190] (may be forged), authid=condorito@uca.edu.py, mech=LOGIN, bits=0
Jun  2 08:47:02 tera sendmail[10914]: t52CkrRR010914: from=<condorito@uca.edu.py>, size=1830, class=0, nrcpts=1, msgid=<E319570903D7F93AE6E3AA17735B5199@euztia>, proto=ESMTP, daemon=TLSMTA, relay=[46.47.119.98]
Jun  2 08:47:04 tera sendmail[10936]: t52Ckrvd010936: from=<condorito@uca.edu.py>, size=0, class=0, nrcpts=0, proto=ESMTP, daemon=TLSMTA, relay=66-189-62-190.dhcp.oxfr.ma.charter.com [66.189.62.190] (may be forged)
Jun  2 08:47:07 tera sendmail[10956]: AUTH=server, relay=cpe-186-23-40-68.telecentro-reversos.com.ar [186.23.40.68] (may be forged), authid=condorito@uca.edu.py, mech=LOGIN, bits=0
Jun  2 08:47:10 tera sendmail[10972]: AUTH=server, relay=cust-208-88-68-195.bluebirdwireless.com [208.88.68.195] (may be forged), authid=condorito@uca.edu.py, mech=LOGIN, bits=0
Jun  2 08:47:13 tera sendmail[10956]: t52CksOv010956: from=<condorito@uca.edu.py>, size=0, class=0, nrcpts=0, proto=ESMTP, daemon=TLSMTA, relay=cpe-186-23-40-68.telecentro-reversos.com.ar [186.23.40.68] (may be forged)
Jun  2 08:47:15 tera sendmail[10972]: t52Ckuqh010972: from=<condorito@uca.edu.py>, size=2075, class=0, nrcpts=1, msgid=<926827B1588CA2518D88C1797DD822A3@cqlntct>, proto=ESMTP, daemon=TLSMTA, relay=cust-208-88-68-195.bluebirdwireless.com [208.88.68.195] (may be forged)
Jun  2 08:47:15 tera sendmail[11381]: AUTH=server, relay=[81.88.116.25], authid=condorito@uca.edu.py, mech=LOGIN, bits=0
Jun  2 08:47:20 tera sendmail[11381]: t52Cl81Q011381: from=<condorito@uca.edu.py>, size=1914, class=0, nrcpts=1, msgid=<C63C7DD50FDBF536EAEFA61B7F823B64@ajfi>, proto=ESMTP, daemon=TLSMTA, relay=[81.88.116.25]
Jun  2 08:47:30 tera sendmail[12309]: t52ClPSd012101: to=<condorito@uca.edu.py>, delay=00:00:03, xdelay=00:00:00, mailer=local, pri=34797, dsn=2.0.0, stat=Sent
Jun  2 08:47:35 tera sendmail[12484]: t52ClVrj012347: to=<condorito@uca.edu.py>, delay=00:00:02, xdelay=00:00:00, mailer=local, pri=34571, dsn=2.0.0, stat=Sent
Jun  2 08:47:35 tera sendmail[12159]: AUTH=server, relay=c-73-147-122-120.hsd1.va.comcast.net [73.147.122.120], authid=condorito@uca.edu.py, mech=LOGIN, bits=0
Jun  2 08:47:35 tera sendmail[12096]: AUTH=server, relay=h55n5-vl-a11.ias.bredband.telia.com [217.209.123.55], authid=condorito@uca.edu.py, mech=LOGIN, bits=0
Jun  2 08:47:37 tera sendmail[12159]: t52ClRho012159: from=<condorito@uca.edu.py>, size=0, class=0, nrcpts=0, proto=ESMTP, daemon=TLSMTA, relay=c-73-147-122-120.hsd1.va.comcast.net [73.147.122.120]
Jun  2 08:47:37 tera sendmail[12224]: AUTH=server, relay=wsip-72-198-140-116.dc.dc.cox.net [72.198.140.116] (may be forged), authid=condorito@uca.edu.py, mech=LOGIN, bits=0
Jun  2 08:47:38 tera sendmail[12634]: t52ClX7M012395: to=<condorito@uca.edu.py>, delay=00:00:02, xdelay=00:00:00, mailer=local, pri=34921, dsn=2.0.0, stat=Sent
Jun  2 08:47:38 tera sendmail[12096]: t52ClRWh012096: from=<condorito@uca.edu.py>, size=0, class=0, nrcpts=0, proto=ESMTP, daemon=TLSMTA, relay=h55n5-vl-a11.ias.bredband.telia.com [217.209.123.55]
Jun  2 08:47:39 tera sendmail[12224]: t52ClVuQ012224: from=<condorito@uca.edu.py>, size=0, class=0, nrcpts=0, proto=ESMTP, daemon=TLSMTA, relay=wsip-72-198-140-116.dc.dc.cox.net [72.198.140.116] (may be forged)
Jun  2 08:47:49 tera sendmail[12964]: t52CliGr012796: to=<condorito@uca.edu.py>, delay=00:00:02, xdelay=00:00:00, mailer=local, pri=34715, dsn=2.0.0, stat=Sent
Jun  2 08:47:50 tera sendmail[12664]: AUTH=server, relay=static-74-102-42-85.nwrknj.fios.verizon.net [74.102.42.85], authid=condorito@uca.edu.py, mech=LOGIN, bits=0
Jun  2 08:47:53 tera sendmail[12716]: AUTH=server, relay=114-32-137-148.HINET-IP.hinet.net [114.32.137.148], authid=condorito@uca.edu.py, mech=LOGIN, bits=0
Jun  2 08:47:54 tera sendmail[12861]: AUTH=server, relay=client-131-251.speedy-net.bg [78.159.131.251], authid=condorito@uca.edu.py, mech=LOGIN, bits=0
Jun  2 08:47:55 tera sendmail[12664]: t52ClcCq012664: from=<condorito@uca.edu.py>, size=1787, class=0, nrcpts=1, msgid=<609ADB571ECAE427FBFEB70A6E1445FB@saad>, proto=ESMTP, daemon=TLSMTA, relay=static-74-102-42-85.nwrknj.fios.verizon.net [74.102.42.85]
Jun  2 08:47:57 tera sendmail[12716]: t52CleQ5012716: from=<condorito@uca.edu.py>, size=0, class=0, nrcpts=0, proto=ESMTP, daemon=TLSMTA, relay=114-32-137-148.HINET-IP.hinet.net [114.32.137.148]
Jun  2 08:48:00 tera sendmail[12861]: t52Clnfr012861: from=<condorito@uca.edu.py>, size=1745, class=0, nrcpts=1, msgid=<56ACED5D924668AB77723B86E29F8DA2@gvgpdyu>, proto=ESMTP, daemon=TLSMTA, relay=client-131-251.speedy-net.bg [78.159.131.251]
Jun  2 08:48:07 tera sendmail[13035]: AUTH=server, relay=[41.86.39.45], authid=condorito@uca.edu.py, mech=LOGIN, bits=0
Jun  2 08:48:10 tera sendmail[13680]: AUTH=server, relay=75.67.150.178.triolan.net [178.150.67.75] (may be forged), authid=condorito@uca.edu.py, mech=LOGIN, bits=0
Jun  2 08:48:12 tera sendmail[13035]: t52Clsd6013035: from=<condorito@uca.edu.py>, size=2236, class=0, nrcpts=1, msgid=<906A25FC3AEEC033EFEAA31B1F3460EA@irbz>, proto=ESMTP, daemon=TLSMTA, relay=[41.86.39.45]
Jun  2 08:48:13 tera sendmail[13680]: t52Cm4Jl013680: from=<condorito@uca.edu.py>, size=0, class=0, nrcpts=0, proto=ESMTP, daemon=TLSMTA, relay=75.67.150.178.triolan.net [178.150.67.75] (may be forged)
Jun  2 08:48:15 tera sendmail[14684]: t52Cm91p014165: to=<condorito@uca.edu.py>, delay=00:00:05, xdelay=00:00:00, mailer=local, pri=34870, dsn=2.0.0, stat=Sent
Jun  2 08:48:18 tera sendmail[14791]: t52CmBvf014255: to=<condorito@uca.edu.py>, delay=00:00:03, xdelay=00:00:01, mailer=local, pri=34725, dsn=2.0.0, stat=Sent
Jun  2 08:48:21 tera sendmail[14961]: t52CmDuO014402: to=<condorito@uca.edu.py>, delay=00:00:04, xdelay=00:00:00, mailer=local, pri=34278, dsn=2.0.0, stat=Sent
Jun  2 08:48:37 tera sendmail[15102]: AUTH=server, relay=[82.138.34.206], authid=condorito@uca.edu.py, mech=LOGIN, bits=0
Jun  2 08:48:37 tera sendmail[15110]: AUTH=server, relay=173-80-6-138.bclycmtk01.res.dyn.suddenlink.net [173.80.6.138], authid=condorito@uca.edu.py, mech=LOGIN, bits=0
Jun  2 08:48:40 tera sendmail[15102]: t52CmVcG015102: from=<condorito@uca.edu.py>, size=0, class=0, nrcpts=0, proto=ESMTP, daemon=TLSMTA, relay=[82.138.34.206]
Jun  2 08:48:42 tera sendmail[15110]: t52CmUrm015110: from=<condorito@uca.edu.py>, size=1692, class=0, nrcpts=1, msgid=<6C96D73EF92D03C01C1950ED894D47F9@xjtdf>, proto=ESMTP, daemon=TLSMTA, relay=173-80-6-138.bclycmtk01.res.dyn.suddenlink.net [173.80.6.138]
Jun  2 08:48:55 tera sendmail[15536]: AUTH=server, relay=a65182.upc-a.chello.nl [62.163.65.182], authid=condorito@uca.edu.py, mech=LOGIN, bits=0
Jun  2 08:48:56 tera sendmail[15536]: t52CmpVT015536: from=<condorito@uca.edu.py>, size=0, class=0, nrcpts=0, proto=ESMTP, daemon=TLSMTA, relay=a65182.upc-a.chello.nl [62.163.65.182]
Jun  2 08:48:57 tera sendmail[15380]: AUTH=server, relay=60.165.75.138.unknown.m1.com.sg [138.75.165.60] (may be forged), authid=condorito@uca.edu.py, mech=LOGIN, bits=0
Jun  2 08:48:57 tera sendmail[15508]: AUTH=server, relay=host-92-13-246-82.as43234.net [92.13.246.82], authid=condorito@uca.edu.py, mech=LOGIN, bits=0
Jun  2 08:49:01 tera sendmail[15508]: t52Cmm1c015508: from=<condorito@uca.edu.py>, size=0, class=0, nrcpts=0, proto=ESMTP, daemon=TLSMTA, relay=host-92-13-246-82.as43234.net [92.13.246.82]
Jun  2 08:49:07 tera sendmail[15380]: t52CmgZv015380: from=<condorito@uca.edu.py>, size=2141, class=0, nrcpts=1, msgid=<DB2160947EAA84479B9ED76A0E82BBDD@oxxwby>, proto=ESMTP, daemon=TLSMTA, relay=60.165.75.138.unknown.m1.com.sg [138.75.165.60] (may be forged)
Jun  2 08:49:13 tera sendmail[15847]: AUTH=server, relay=[216.93.142.34], authid=condorito@uca.edu.py, mech=LOGIN, bits=0
Jun  2 08:49:19 tera sendmail[15847]: t52Cn3xQ015847: from=<condorito@uca.edu.py>, size=0, class=0, nrcpts=0, proto=ESMTP, daemon=TLSMTA, relay=[216.93.142.34]
Jun  2 08:49:19 tera sendmail[15871]: AUTH=server, relay=37-146-152-158.broadband.corbina.ru [37.146.152.158], authid=condorito@uca.edu.py, mech=LOGIN, bits=0
Jun  2 08:49:22 tera sendmail[16134]: AUTH=server, relay=[79.120.144.34], authid=condorito@uca.edu.py, mech=LOGIN, bits=0
Jun  2 08:49:24 tera sendmail[15871]: t52Cn5O5015871: from=<condorito@uca.edu.py>, size=1958, class=0, nrcpts=1, msgid=<18E2AD9A29FDD320FCF9B0080C3FB9CA@mzfrzy>, proto=ESMTP, daemon=TLSMTA, relay=37-146-152-158.broadband.corbina.ru [37.146.152.158]
Jun  2 08:49:26 tera sendmail[16134]: t52CnEa6016134: from=<condorito@uca.edu.py>, size=2057, class=0, nrcpts=1, msgid=<BA400F114296B84B9792DB6367CFE789@bzae>, proto=ESMTP, daemon=TLSMTA, relay=[79.120.144.34]
Jun  2 08:49:49 tera sendmail[17303]: AUTH=server, relay=178-167-108-103.dynvpn.flex.ru [178.167.108.103], authid=condorito@uca.edu.py, mech=LOGIN, bits=0
Jun  2 08:49:49 tera sendmail[17304]: AUTH=server, relay=24-247-202-23.dhcp.bycy.mi.charter.com [24.247.202.23], authid=condorito@uca.edu.py, mech=LOGIN, bits=0
Jun  2 08:49:49 tera sendmail[17545]: t52CnhoW017321: to=<condorito@uca.edu.py>, delay=00:00:04, xdelay=00:00:00, mailer=local, pri=34528, dsn=2.0.0, stat=Sent
Jun  2 08:49:50 tera sendmail[17303]: t52CnhI2017303: from=<condorito@uca.edu.py>, size=0, class=0, nrcpts=0, proto=ESMTP, daemon=TLSMTA, relay=178-167-108-103.dynvpn.flex.ru [178.167.108.103]
