Jun  2 07:26:53 tera sendmail[26877]: t52BQlhp026877: from=<condorito@uca.edu.py>, size=2373, class=0, nrcpts=1, msgid=<768CC52818CCE211CDC8813E6A24858E@kdhhp>, proto=ESMTP, daemon=TLSMTA, relay=rrcs-24-172-100-52.midsouth.biz.rr.com [24.172.100.52]
Jun  2 07:26:54 tera sendmail[26818]: t52BQjw5026818: from=<condorito@uca.edu.py>, size=1829, class=0, nrcpts=1, msgid=<00FAB362CC1836F5292C65DBBFC09CA7@sugfiq>, proto=ESMTP, daemon=TLSMTA, relay=5.34.132.194.dinamic.user.wimaxonline.es [5.34.132.194] (may be forged)
Jun  2 07:26:55 tera sendmail[27316]: t52BQot1026924: to=<condorito@uca.edu.py>, delay=00:00:04, xdelay=00:00:02, mailer=local, pri=34894, dsn=2.0.0, stat=Sent
Jun  2 07:26:55 tera sendmail[27079]: AUTH=server, relay=cpe-24-168-12-40.si.res.rr.com [24.168.12.40], authid=condorito@uca.edu.py, mech=LOGIN, bits=0
Jun  2 07:26:56 tera sendmail[26923]: AUTH=server, relay=[175.202.14.50], authid=condorito@uca.edu.py, mech=LOGIN, bits=0
Jun  2 07:26:57 tera sendmail[27079]: t52BQptq027079: from=<condorito@uca.edu.py>, size=1875, class=0, nrcpts=1, msgid=<19E3AA8EF7230DCE12175EE084922E8F@mxief>, proto=ESMTP, daemon=TLSMTA, relay=cpe-24-168-12-40.si.res.rr.com [24.168.12.40]
Jun  2 07:27:00 tera sendmail[26923]: t52BQoPU026923: from=<condorito@uca.edu.py>, size=1899, class=0, nrcpts=1, msgid=<35CF866EA6725CAF73763F80D48D601A@wieex>, proto=ESMTP, daemon=TLSMTA, relay=[175.202.14.50]
Jun  2 07:27:01 tera sendmail[27429]: AUTH=server, relay=static-5-103-134-17.seas-nve.net [5.103.134.17], authid=condorito@uca.edu.py, mech=LOGIN, bits=0
Jun  2 07:27:03 tera sendmail[27429]: t52BQvgZ027429: from=<condorito@uca.edu.py>, size=1866, class=0, nrcpts=1, msgid=<BF450CEE7BAF8172AEABE25D09190660@beeh>, proto=ESMTP, daemon=TLSMTA, relay=static-5-103-134-17.seas-nve.net [5.103.134.17]
Jun  2 07:27:06 tera sendmail[27739]: AUTH=server, relay=cpe-67-11-141-19.satx.res.rr.com [67.11.141.19], authid=condorito@uca.edu.py, mech=LOGIN, bits=0
Jun  2 07:27:09 tera sendmail[27921]: AUTH=server, relay=ool-45715edd.dyn.optonline.net [69.113.94.221], authid=condorito@uca.edu.py, mech=LOGIN, bits=0
Jun  2 07:27:10 tera sendmail[28203]: t52BR4gY027840: to=<condorito@uca.edu.py>, delay=00:00:04, xdelay=00:00:01, mailer=local, pri=34679, dsn=2.0.0, stat=Sent
Jun  2 07:27:11 tera sendmail[27739]: t52BR2fx027739: from=<condorito@uca.edu.py>, size=1772, class=0, nrcpts=1, msgid=<FD074E74934769AA76733A84E0DC98A2@zdwfcpt>, proto=ESMTP, daemon=TLSMTA, relay=cpe-67-11-141-19.satx.res.rr.com [67.11.141.19]
Jun  2 07:27:12 tera sendmail[27921]: t52BR6S7027921: from=<condorito@uca.edu.py>, size=2214, class=0, nrcpts=1, msgid=<3AC089796DB99764B8BDF44B1F3DB0F3@vtwd>, proto=ESMTP, daemon=TLSMTA, relay=ool-45715edd.dyn.optonline.net [69.113.94.221]
Jun  2 07:27:13 tera sendmail[28208]: AUTH=server, relay=c-76-120-70-85.hsd1.co.comcast.net [76.120.70.85], authid=condorito@uca.edu.py, mech=LOGIN, bits=0
Jun  2 07:27:14 tera sendmail[28025]: AUTH=server, relay=aoy20.neoplus.adsl.tpnet.pl [83.26.132.20], authid=condorito@uca.edu.py, mech=LOGIN, bits=0
Jun  2 07:27:16 tera sendmail[28208]: t52BRAbW028208: from=<condorito@uca.edu.py>, size=2151, class=0, nrcpts=1, msgid=<926821E84692BC4F9396DF6034CCBABC@stqfkx>, proto=ESMTP, daemon=TLSMTA, relay=c-76-120-70-85.hsd1.co.comcast.net [76.120.70.85]
Jun  2 07:27:17 tera sendmail[28025]: t52BR7tB028025: from=<condorito@uca.edu.py>, size=1879, class=0, nrcpts=1, msgid=<45BFF6C416C2EC2FF3F6BF016569CB03@mfzy>, proto=ESMTP, daemon=TLSMTA, relay=aoy20.neoplus.adsl.tpnet.pl [83.26.132.20]
Jun  2 07:27:18 tera sendmail[28208]: t52BRAbY028208: from=<condorito@uca.edu.py>, size=2031, class=0, nrcpts=1, msgid=<B54F06DF08DCF201DDD8912E7ADBD012@wncdyzm>, proto=ESMTP, daemon=TLSMTA, relay=c-76-120-70-85.hsd1.co.comcast.net [76.120.70.85]
Jun  2 07:27:21 tera sendmail[28874]: t52BREdu028261: to=<condorito@uca.edu.py>, delay=00:00:04, xdelay=00:00:00, mailer=local, pri=34343, dsn=2.0.0, stat=Sent
Jun  2 07:27:28 tera sendmail[28879]: AUTH=server, relay=84-232-234-180.pppoe-business.brasov.rdsnet.ro [84.232.234.180] (may be forged), authid=condorito@uca.edu.py, mech=LOGIN, bits=0
Jun  2 07:27:28 tera sendmail[28901]: AUTH=server, relay=broadband-188-32-128-233.nationalcablenetworks.ru [188.32.128.233], authid=condorito@uca.edu.py, mech=LOGIN, bits=0
Jun  2 07:27:30 tera sendmail[28879]: t52BRNMd028879: from=<condorito@uca.edu.py>, size=0, class=0, nrcpts=0, proto=ESMTP, daemon=TLSMTA, relay=84-232-234-180.pppoe-business.brasov.rdsnet.ro [84.232.234.180] (may be forged)
Jun  2 07:27:30 tera sendmail[28901]: t52BROY7028901: from=<condorito@uca.edu.py>, size=1796, class=0, nrcpts=1, msgid=<1BE1A87977A38D7EA2A7EE510538FDEC@zjdsocs>, proto=ESMTP, daemon=TLSMTA, relay=broadband-188-32-128-233.nationalcablenetworks.ru [188.32.128.233]
Jun  2 07:27:31 tera sendmail[29290]: t52BRQM1028936: to=<condorito@uca.edu.py>, delay=00:00:02, xdelay=00:00:00, mailer=local, pri=34647, dsn=2.0.0, stat=Sent
Jun  2 07:27:34 tera sendmail[29132]: AUTH=server, relay=pool-109-191-29-37.is74.ru [109.191.29.37], authid=condorito@uca.edu.py, mech=LOGIN, bits=0
Jun  2 07:27:35 tera sendmail[29314]: AUTH=server, relay=ip-12-18.powernet.bg [78.142.12.18] (may be forged), authid=condorito@uca.edu.py, mech=LOGIN, bits=0
Jun  2 07:27:37 tera sendmail[29132]: t52BRUmp029132: from=<condorito@uca.edu.py>, size=1947, class=0, nrcpts=1, msgid=<C43E775ED90D23D00C0940FFABCCBDC8@fxmmoez>, proto=ESMTP, daemon=TLSMTA, relay=pool-109-191-29-37.is74.ru [109.191.29.37]
Jun  2 07:27:38 tera sendmail[29688]: t52BRXgu029228: to=<condorito@uca.edu.py>, delay=00:00:03, xdelay=00:00:00, mailer=local, pri=34346, dsn=2.0.0, stat=Sent
Jun  2 07:27:39 tera sendmail[29314]: t52BRVn0029314: from=<condorito@uca.edu.py>, size=2289, class=0, nrcpts=1, msgid=<45BFF6D7B96D43B06C69209FCB3BC55D@tyik>, proto=ESMTP, daemon=TLSMTA, relay=ip-12-18.powernet.bg [78.142.12.18] (may be forged)
Jun  2 07:27:40 tera sendmail[29842]: t52BRc6D029691: to=<condorito@uca.edu.py>, delay=00:00:02, xdelay=00:00:00, mailer=local, pri=32817, dsn=2.0.0, stat=Sent
Jun  2 07:27:41 tera sendmail[29604]: AUTH=server, relay=46-127-123-50.dynamic.hispeed.ch [46.127.123.50], authid=condorito@uca.edu.py, mech=LOGIN, bits=0
Jun  2 07:27:41 tera sendmail[29993]: t52BRcq7029710: to=<condorito@uca.edu.py>, delay=00:00:02, xdelay=00:00:00, mailer=local, pri=34424, dsn=2.0.0, stat=Sent
Jun  2 07:27:44 tera sendmail[29604]: t52BRcBi029604: from=<condorito@uca.edu.py>, size=1632, class=0, nrcpts=1, msgid=<1AE0A9CFCB1F31F22E2B62DCB87A54E2@juck>, proto=ESMTP, daemon=TLSMTA, relay=46-127-123-50.dynamic.hispeed.ch [46.127.123.50]
Jun  2 07:27:44 tera sendmail[30136]: t52BRadT029600: to=<condorito@uca.edu.py>, delay=00:00:05, xdelay=00:00:00, mailer=local, pri=34487, dsn=2.0.0, stat=Sent
Jun  2 07:27:47 tera sendmail[30293]: t52BRe2d029788: to=<condorito@uca.edu.py>, delay=00:00:04, xdelay=00:00:01, mailer=local, pri=35977, dsn=2.0.0, stat=Sent
Jun  2 07:27:52 tera sendmail[30218]: AUTH=server, relay=pool-31-207-205-145.is74.ru [31.207.205.145] (may be forged), authid=condorito@uca.edu.py, mech=LOGIN, bits=0
Jun  2 07:27:52 tera sendmail[30299]: AUTH=server, relay=87.239.31.50.inetcom.ru [87.239.31.50] (may be forged), authid=condorito@uca.edu.py, mech=LOGIN, bits=0
Jun  2 07:27:53 tera sendmail[30432]: AUTH=server, relay=[2.92.193.199], authid=condorito@uca.edu.py, mech=LOGIN, bits=0
Jun  2 07:27:54 tera sendmail[30352]: AUTH=server, relay=node-190-160-28-94.domolink.tula.net [94.28.160.190], authid=condorito@uca.edu.py, mech=LOGIN, bits=0
Jun  2 07:27:54 tera sendmail[30299]: t52BRnkZ030299: from=<condorito@uca.edu.py>, size=2031, class=0, nrcpts=1, msgid=<F2084136F92D03C01C1950EE8A7C5F6A@sgsydc>, proto=ESMTP, daemon=TLSMTA, relay=87.239.31.50.inetcom.ru [87.239.31.50] (may be forged)
Jun  2 07:27:55 tera sendmail[30218]: t52BRk4C030218: from=<condorito@uca.edu.py>, size=1906, class=0, nrcpts=1, msgid=<DF256C6122F6D82BF7F2BB04504CE31B@qisr>, proto=ESMTP, daemon=TLSMTA, relay=pool-31-207-205-145.is74.ru [31.207.205.145] (may be forged)
Jun  2 07:27:55 tera sendmail[31089]: t52BRnWq030305: to=<condorito@uca.edu.py>, delay=00:00:04, xdelay=00:00:00, mailer=local, pri=34412, dsn=2.0.0, stat=Sent
Jun  2 07:27:57 tera sendmail[30352]: t52BRoGI030352: from=<condorito@uca.edu.py>, size=1793, class=0, nrcpts=1, msgid=<8C763F37F7230DFE22276ED18557AB61@pwuqc>, proto=ESMTP, daemon=TLSMTA, relay=node-190-160-28-94.domolink.tula.net [94.28.160.190]
Jun  2 07:27:57 tera sendmail[30432]: t52BRmSD030432: from=<condorito@uca.edu.py>, size=1688, class=0, nrcpts=1, msgid=<43B9F08024F0DE1DC1C48D3357C8A4EE@sztq>, proto=ESMTP, daemon=TLSMTA, relay=[2.92.193.199]
Jun  2 07:28:12 tera sendmail[32370]: t52BS6Cf031908: to=<condorito@uca.edu.py>, delay=00:00:04, xdelay=00:00:00, mailer=local, pri=34555, dsn=2.0.0, stat=Sent
Jun  2 07:28:14 tera sendmail[32020]: AUTH=server, relay=c-73-181-110-52.hsd1.co.comcast.net [73.181.110.52], authid=condorito@uca.edu.py, mech=LOGIN, bits=0
Jun  2 07:28:14 tera sendmail[32515]: t52BS9ZE032101: to=<condorito@uca.edu.py>, delay=00:00:02, xdelay=00:00:00, mailer=local, pri=36194, dsn=2.0.0, stat=Sent
Jun  2 07:28:15 tera sendmail[32080]: AUTH=server, relay=31.89.150.178.triolan.net [178.150.89.31] (may be forged), authid=condorito@uca.edu.py, mech=LOGIN, bits=0
Jun  2 07:28:16 tera sendmail[32103]: AUTH=server, relay=104-128-202-195.wyldmi.fnw.us [104.128.202.195] (may be forged), authid=condorito@uca.edu.py, mech=LOGIN, bits=0
Jun  2 07:28:16 tera sendmail[32094]: AUTH=server, relay=user-24-96-72-251.knology.net [24.96.72.251], authid=condorito@uca.edu.py, mech=LOGIN, bits=0
Jun  2 07:28:17 tera sendmail[32020]: t52BS8C0032020: from=<condorito@uca.edu.py>, size=1893, class=0, nrcpts=1, msgid=<3FC58C9166B29C6FB3B6FF4014A9CEE2@lnvlrrd>, proto=ESMTP, daemon=TLSMTA, relay=c-73-181-110-52.hsd1.co.comcast.net [73.181.110.52]
Jun  2 07:28:17 tera sendmail[327]: t52BSBe8032096: to=<condorito@uca.edu.py>, delay=00:00:03, xdelay=00:00:00, mailer=local, pri=34623, dsn=2.0.0, stat=Sent
Jun  2 07:28:18 tera sendmail[32094]: t52BS8f5032094: from=<condorito@uca.edu.py>, size=0, class=0, nrcpts=0, proto=ESMTP, daemon=TLSMTA, relay=user-24-96-72-251.knology.net [24.96.72.251]
Jun  2 07:28:19 tera sendmail[32103]: t52BSB4U032103: from=<condorito@uca.edu.py>, size=1872, class=0, nrcpts=1, msgid=<758FC690AB7F51924E4B02BCD8DF74D0@evqcu>, proto=ESMTP, daemon=TLSMTA, relay=104-128-202-195.wyldmi.fnw.us [104.128.202.195] (may be forged)
Jun  2 07:28:19 tera sendmail[32080]: t52BSBsA032080: from=<condorito@uca.edu.py>, size=2167, class=0, nrcpts=1, msgid=<3DC78EE906D2FC0FD3D69F20747CB306@pmzou>, proto=ESMTP, daemon=TLSMTA, relay=31.89.150.178.triolan.net [178.150.89.31] (may be forged)
Jun  2 07:28:23 tera sendmail[795]: t52BSJE6000488: to=<condorito@uca.edu.py>, delay=00:00:03, xdelay=00:00:01, mailer=local, pri=35993, dsn=2.0.0, stat=Sent
Jun  2 07:28:24 tera sendmail[449]: AUTH=server, relay=adsl-65-70-73-142.dsl.tulsok.swbell.net [65.70.73.142], authid=condorito@uca.edu.py, mech=LOGIN, bits=0
Jun  2 07:28:26 tera sendmail[449]: t52BSKK2000449: from=<condorito@uca.edu.py>, size=2186, class=0, nrcpts=1, msgid=<C43E77002CF8D625F9FCB50A5E3DF915@ohtc>, proto=ESMTP, daemon=TLSMTA, relay=adsl-65-70-73-142.dsl.tulsok.swbell.net [65.70.73.142]
Jun  2 07:28:28 tera sendmail[658]: AUTH=server, relay=76-14-177-28.wsac.wavecable.com [76.14.177.28], authid=condorito@uca.edu.py, mech=LOGIN, bits=0
Jun  2 07:28:29 tera sendmail[838]: AUTH=server, relay=ledsndai01111194.gondtc.com [76.10.111.194], authid=condorito@uca.edu.py, mech=LOGIN, bits=0
Jun  2 07:28:32 tera sendmail[693]: AUTH=server, relay=101-100-138-12.myrepublic.co.nz [101.100.138.12] (may be forged), authid=condorito@uca.edu.py, mech=LOGIN, bits=0
Jun  2 07:28:34 tera sendmail[838]: t52BSPaV000838: from=<condorito@uca.edu.py>, size=2093, class=0, nrcpts=1, msgid=<778DC5653DE9C704D8DD942A4E71665F@ccpa>, proto=ESMTP, daemon=TLSMTA, relay=ledsndai01111194.gondtc.com [76.10.111.194]
Jun  2 07:28:34 tera sendmail[658]: t52BSL42000658: from=<condorito@uca.edu.py>, size=1861, class=0, nrcpts=1, msgid=<C13B73D79E4A64A77B7E3789EDD3CCF3@gvao>, proto=ESMTP, daemon=TLSMTA, relay=76-14-177-28.wsac.wavecable.com [76.14.177.28]
Jun  2 07:28:35 tera sendmail[693]: t52BSQSX000693: from=<condorito@uca.edu.py>, size=1916, class=0, nrcpts=1, msgid=<7983CAB9B7634DBE62672E91C59AC90A@knpbaf>, proto=ESMTP, daemon=TLSMTA, relay=101-100-138-12.myrepublic.co.nz [101.100.138.12] (may be forged)
Jun  2 07:28:42 tera sendmail[1679]: AUTH=server, relay=host-92-13-246-82.as43234.net [92.13.246.82], authid=condorito@uca.edu.py, mech=LOGIN, bits=0
Jun  2 07:28:43 tera sendmail[1677]: AUTH=server, relay=95-28-158-107.broadband.corbina.ru [95.28.158.107], authid=condorito@uca.edu.py, mech=LOGIN, bits=0
Jun  2 07:28:44 tera sendmail[1813]: AUTH=server, relay=wsip-70-182-0-250.dc.dc.cox.net [70.182.0.250], authid=condorito@uca.edu.py, mech=LOGIN, bits=0
Jun  2 07:28:45 tera sendmail[1677]: t52BSdoY001677: from=<condorito@uca.edu.py>, size=1893, class=0, nrcpts=1, msgid=<06FCB4384094BA79A5A0E9573396018E@ipdllz>, proto=ESMTP, daemon=TLSMTA, relay=95-28-158-107.broadband.corbina.ru [95.28.158.107]
Jun  2 07:28:46 tera sendmail[1679]: t52BScPM001679: from=<condorito@uca.edu.py>, size=1961, class=0, nrcpts=1, msgid=<C8327AC925F1DF1CC0C58C3256A02C7E@spdx>, proto=ESMTP, daemon=TLSMTA, relay=host-92-13-246-82.as43234.net [92.13.246.82]
Jun  2 07:28:46 tera sendmail[1813]: t52BSfPQ001813: from=<condorito@uca.edu.py>, size=1926, class=0, nrcpts=1, msgid=<D8226B2D6FBB9566BABFF6491DA0A1DC@bjut>, proto=ESMTP, daemon=TLSMTA, relay=wsip-70-182-0-250.dc.dc.cox.net [70.182.0.250]
Jun  2 07:28:58 tera sendmail[2653]: AUTH=server, relay=[85.114.185.57], authid=condorito@uca.edu.py, mech=LOGIN, bits=0
Jun  2 07:29:00 tera sendmail[3099]: t52BStVe002648: to=<condorito@uca.edu.py>, delay=00:00:03, xdelay=00:00:01, mailer=local, pri=35258, dsn=2.0.0, stat=Sent
Jun  2 07:29:00 tera sendmail[3193]: t52BSt7C002736: to=<condorito@uca.edu.py>, delay=00:00:03, xdelay=00:00:00, mailer=local, pri=34759, dsn=2.0.0, stat=Sent
Jun  2 07:29:01 tera sendmail[2653]: t52BSsSf002653: from=<condorito@uca.edu.py>, size=1897, class=0, nrcpts=1, msgid=<926820BA0DD9F734E8EDA41A7EAE6F80@ykfgsfl>, proto=ESMTP, daemon=TLSMTA, relay=[85.114.185.57]
Jun  2 07:29:03 tera sendmail[2740]: AUTH=server, relay=89-178-174-142.broadband.corbina.ru [89.178.174.142], authid=condorito@uca.edu.py, mech=LOGIN, bits=0
Jun  2 07:29:04 tera sendmail[3406]: t52BT0A5003204: to=<condorito@uca.edu.py>, delay=00:00:02, xdelay=00:00:00, mailer=local, pri=34472, dsn=2.0.0, stat=Sent
Jun  2 07:29:04 tera sendmail[3489]: t52BT0rl002999: to=<condorito@uca.edu.py>, delay=00:00:02, xdelay=00:00:00, mailer=local, pri=34746, dsn=2.0.0, stat=Sent
Jun  2 07:29:10 tera sendmail[2740]: t52BSuTX002740: from=<condorito@uca.edu.py>, size=2077, class=0, nrcpts=1, msgid=<6D97DF624195BB489491D86733E0D2EE@bcaues>, proto=ESMTP, daemon=TLSMTA, relay=89-178-174-142.broadband.corbina.ru [89.178.174.142]
Jun  2 07:29:12 tera sendmail[3769]: t52BT8V2003613: to=<condorito@uca.edu.py>, delay=00:00:03, xdelay=00:00:00, mailer=local, pri=34728, dsn=2.0.0, stat=Sent
Jun  2 07:29:13 tera sendmail[3851]: t52BT8YJ003577: to=<condorito@uca.edu.py>, delay=00:00:03, xdelay=00:00:01, mailer=local, pri=34444, dsn=2.0.0, stat=Sent
Jun  2 07:29:17 tera sendmail[3687]: AUTH=server, relay=host-176-36-180-35.la.net.ua [176.36.180.35], authid=condorito@uca.edu.py, mech=LOGIN, bits=0
Jun  2 07:29:21 tera sendmail[4409]: t52BTGCI003866: to=<condorito@uca.edu.py>, delay=00:00:02, xdelay=00:00:00, mailer=local, pri=33065, dsn=2.0.0, stat=Sent
Jun  2 07:29:22 tera sendmail[3687]: t52BTC2H003687: from=<condorito@uca.edu.py>, size=1925, class=0, nrcpts=1, msgid=<D02A633DDC0826D5090C45FAAE47F244@svthrzm>, proto=ESMTP, daemon=TLSMTA, relay=host-176-36-180-35.la.net.ua [176.36.180.35]
Jun  2 07:29:22 tera sendmail[3592]: AUTH=server, relay=36-226-158-237.dynamic-ip.hinet.net [36.226.158.237], authid=condorito@uca.edu.py, mech=LOGIN, bits=0
Jun  2 07:29:24 tera sendmail[3862]: AUTH=server, relay=44.202-172-56.ngn.m1net.com.sg [202.172.56.44] (may be forged), authid=condorito@uca.edu.py, mech=LOGIN, bits=0
Jun  2 07:29:27 tera sendmail[4659]: t52BTLGb004260: to=<condorito@uca.edu.py>, delay=00:00:04, xdelay=00:00:02, mailer=local, pri=34623, dsn=2.0.0, stat=Sent
Jun  2 07:29:27 tera sendmail[3592]: t52BTA87003592: from=<condorito@uca.edu.py>, size=2004, class=0, nrcpts=1, msgid=<B14B03E761B59B588481C87612C4C29F@ovcis>, proto=ESMTP, daemon=TLSMTA, relay=36-226-158-237.dynamic-ip.hinet.net [36.226.158.237]
Jun  2 07:29:28 tera sendmail[3862]: t52BTFC6003862: from=<condorito@uca.edu.py>, size=1933, class=0, nrcpts=1, msgid=<20DA9218B7634DBE62672E91C50B2D4C@uwzvm>, proto=ESMTP, daemon=TLSMTA, relay=44.202-172-56.ngn.m1net.com.sg [202.172.56.44] (may be forged)
Jun  2 07:29:31 tera sendmail[4658]: AUTH=server, relay=[209.141.130.71], authid=condorito@uca.edu.py, mech=LOGIN, bits=0
Jun  2 07:29:32 tera sendmail[4538]: AUTH=server, relay=[95.111.169.60], authid=condorito@uca.edu.py, mech=LOGIN, bits=0
Jun  2 07:29:36 tera sendmail[4538]: t52BTOWJ004538: from=<condorito@uca.edu.py>, size=1938, class=0, nrcpts=1, msgid=<EB11599764B09E5D8184CD7317296CE8@lotn>, proto=ESMTP, daemon=TLSMTA, relay=[95.111.169.60]
Jun  2 07:29:37 tera sendmail[4658]: t52BTPNK004658: from=<condorito@uca.edu.py>, size=2050, class=0, nrcpts=1, msgid=<4AB0F8625387A95A8683CA7521847F7D@qirp>, proto=ESMTP, daemon=TLSMTA, relay=[209.141.130.71]
Jun  2 07:29:50 tera sendmail[5870]: AUTH=server, relay=[185.34.23.7], authid=condorito@uca.edu.py, mech=LOGIN, bits=0
Jun  2 07:29:51 tera sendmail[6343]: t52BTlKH006027: to=<condorito@uca.edu.py>, delay=00:00:02, xdelay=00:00:00, mailer=local, pri=34465, dsn=2.0.0, stat=Sent
Jun  2 07:29:52 tera sendmail[6018]: AUTH=server, relay=c-50-162-155-214.hsd1.fl.comcast.net [50.162.155.214], authid=condorito@uca.edu.py, mech=LOGIN, bits=0
Jun  2 07:29:53 tera sendmail[5859]: AUTH=server, relay=h33.83.211.91.rev.alterlan.ru [91.211.83.33], authid=condorito@uca.edu.py, mech=LOGIN, bits=0
Jun  2 07:29:53 tera sendmail[6018]: t52BTmRu006018: from=<condorito@uca.edu.py>, size=0, class=0, nrcpts=0, proto=ESMTP, daemon=TLSMTA, relay=c-50-162-155-214.hsd1.fl.comcast.net [50.162.155.214]
Jun  2 07:29:54 tera sendmail[5870]: t52BTk2j005870: from=<condorito@uca.edu.py>, size=1940, class=0, nrcpts=1, msgid=<CF357DA46EBA94578B8EC7791D612830@hmxml>, proto=ESMTP, daemon=TLSMTA, relay=[185.34.23.7]
Jun  2 07:29:56 tera sendmail[5859]: t52BTkNM005859: from=<condorito@uca.edu.py>, size=1966, class=0, nrcpts=1, msgid=<758FC725F5210FFC20256CD387CC74FD@qadnq>, proto=ESMTP, daemon=TLSMTA, relay=h33.83.211.91.rev.alterlan.ru [91.211.83.33]
Jun  2 07:29:58 tera sendmail[6778]: t52BTqGN006294: to=<condorito@uca.edu.py>, delay=00:00:03, xdelay=00:00:01, mailer=local, pri=36084, dsn=2.0.0, stat=Sent
Jun  2 07:30:00 tera sendmail[6528]: AUTH=server, relay=89-215-28-240.2073243699.ddns-lan.pl.ekk.bg [89.215.28.240], authid=condorito@uca.edu.py, mech=LOGIN, bits=0
Jun  2 07:30:01 tera sendmail[6942]: t52BTtZg006607: to=<condorito@uca.edu.py>, delay=00:00:03, xdelay=00:00:00, mailer=local, pri=34655, dsn=2.0.0, stat=Sent
Jun  2 07:30:03 tera sendmail[6528]: t52BTvZ7006528: from=<condorito@uca.edu.py>, size=0, class=0, nrcpts=0, proto=ESMTP, daemon=TLSMTA, relay=89-215-28-240.2073243699.ddns-lan.pl.ekk.bg [89.215.28.240]
Jun  2 07:30:07 tera sendmail[6799]: AUTH=server, relay=[5.19.250.207], authid=condorito@uca.edu.py, mech=LOGIN, bits=0
Jun  2 07:30:09 tera sendmail[6887]: AUTH=server, relay=178-85-178-245.dynamic.upc.nl [178.85.178.245], authid=condorito@uca.edu.py, mech=LOGIN, bits=0
Jun  2 07:30:10 tera sendmail[7174]: AUTH=server, relay=[190.123.226.84], authid=condorito@uca.edu.py, mech=LOGIN, bits=0
Jun  2 07:30:10 tera sendmail[6799]: t52BTxnF006799: from=<condorito@uca.edu.py>, size=1864, class=0, nrcpts=1, msgid=<5AA0E82564B09E6DB1B4FD4216076060@dljggu>, proto=ESMTP, daemon=TLSMTA, relay=[5.19.250.207]
Jun  2 07:30:12 tera sendmail[7174]: t52BU5uQ007174: from=<condorito@uca.edu.py>, size=0, class=0, nrcpts=0, proto=ESMTP, daemon=TLSMTA, relay=[190.123.226.84]
Jun  2 07:30:12 tera sendmail[6887]: t52BU2Nv006887: from=<condorito@uca.edu.py>, size=1851, class=0, nrcpts=1, msgid=<26DC945BA97D53A07C79308FDB65ED54@olbyv>, proto=ESMTP, daemon=TLSMTA, relay=178-85-178-245.dynamic.upc.nl [178.85.178.245]
Jun  2 07:30:13 tera sendmail[7503]: t52BU9Io007216: to=<condorito@uca.edu.py>, delay=00:00:02, xdelay=00:00:00, mailer=local, pri=35640, dsn=2.0.0, stat=Sent
Jun  2 07:30:14 tera sendmail[7477]: t52BU5fC006985: to=<condorito@uca.edu.py>, delay=00:00:06, xdelay=00:00:01, mailer=local, pri=32869, dsn=2.0.0, stat=Sent
Jun  2 07:30:19 tera sendmail[7514]: AUTH=server, relay=[85.187.194.108], authid=condorito@uca.edu.py, mech=LOGIN, bits=0
Jun  2 07:30:21 tera sendmail[7886]: t52BUF6x007517: to=<condorito@uca.edu.py>, delay=00:00:04, xdelay=00:00:01, mailer=local, pri=34433, dsn=2.0.0, stat=Sent
Jun  2 07:30:24 tera sendmail[7535]: AUTH=server, relay=190-72-42-98.dyn.dsl.cantv.net [190.72.42.98] (may be forged), authid=condorito@uca.edu.py, mech=LOGIN, bits=0
Jun  2 07:30:26 tera sendmail[8112]: t52BULjq007581: to=<condorito@uca.edu.py>, delay=00:00:03, xdelay=00:00:01, mailer=local, pri=34687, dsn=2.0.0, stat=Sent
Jun  2 07:30:26 tera sendmail[7514]: t52BUElf007514: from=<condorito@uca.edu.py>, size=1991, class=0, nrcpts=1, msgid=<47BDF5FEA1755B98444108B6D2BD6E12@qxvy>, proto=ESMTP, daemon=TLSMTA, relay=[85.187.194.108]
Jun  2 07:30:29 tera sendmail[7801]: t52BUDDK007390: to=<condorito@uca.edu.py>, delay=00:00:14, xdelay=00:00:09, mailer=local, pri=34528, dsn=2.0.0, stat=Sent
Jun  2 07:30:29 tera sendmail[8355]: t52BUPUL008019: to=<condorito@uca.edu.py>, delay=00:00:03, xdelay=00:00:00, mailer=local, pri=34907, dsn=2.0.0, stat=Sent
Jun  2 07:30:32 tera sendmail[7535]: t52BUFPQ007535: from=<condorito@uca.edu.py>, size=2241, class=0, nrcpts=1, msgid=<A65C14C9AD7957A4787D348BDF4E89F2@wfffve>, proto=ESMTP, daemon=TLSMTA, relay=190-72-42-98.dyn.dsl.cantv.net [190.72.42.98] (may be forged)
Jun  2 07:30:37 tera sendmail[8316]: AUTH=server, relay=[91.195.96.238], authid=condorito@uca.edu.py, mech=LOGIN, bits=0
Jun  2 07:30:37 tera sendmail[8207]: AUTH=server, relay=yumserv-234-74.TeNeT.Odessa.UA [195.138.74.234] (may be forged), authid=condorito@uca.edu.py, mech=LOGIN, bits=0
Jun  2 07:30:41 tera sendmail[8207]: t52BUTRs008207: from=<condorito@uca.edu.py>, size=2042, class=0, nrcpts=1, msgid=<EE145C9FEC3816E5393C75CA9E2012FD@odhtm>, proto=ESMTP, daemon=TLSMTA, relay=yumserv-234-74.TeNeT.Odessa.UA [195.138.74.234] (may be forged)
Jun  2 07:30:42 tera sendmail[8316]: t52BUTIA008316: from=<condorito@uca.edu.py>, size=1847, class=0, nrcpts=1, msgid=<46BCF4F7DE0A24E73B3E77C9ADD91F0D@gpmzqa>, proto=ESMTP, daemon=TLSMTA, relay=[91.195.96.238]
Jun  2 07:31:06 tera sendmail[9901]: AUTH=server, relay=fl-71-54-173-125.dhcp.embarqhsd.net [71.54.173.125], authid=condorito@uca.edu.py, mech=LOGIN, bits=0
Jun  2 07:31:06 tera sendmail[9888]: AUTH=server, relay=35-120.helsingenetovanaker.se [91.145.35.120] (may be forged), authid=condorito@uca.edu.py, mech=LOGIN, bits=0
Jun  2 07:31:07 tera sendmail[9885]: AUTH=server, relay=95-26-102-152.broadband.corbina.ru [95.26.102.152], authid=condorito@uca.edu.py, mech=LOGIN, bits=0
Jun  2 07:31:08 tera sendmail[9888]: t52BV2ED009888: from=<condorito@uca.edu.py>, size=0, class=0, nrcpts=0, proto=ESMTP, daemon=TLSMTA, relay=35-120.helsingenetovanaker.se [91.145.35.120] (may be forged)
Jun  2 07:31:09 tera sendmail[9885]: t52BV0oV009885: from=<condorito@uca.edu.py>, size=1906, class=0, nrcpts=1, msgid=<D62C640F2AFED013CFCA833D596572C7@rhkeir>, proto=ESMTP, daemon=TLSMTA, relay=95-26-102-152.broadband.corbina.ru [95.26.102.152]
Jun  2 07:31:10 tera sendmail[9901]: t52BV1Up009901: from=<condorito@uca.edu.py>, size=1916, class=0, nrcpts=1, msgid=<9E642C10B1654BB864612897C31EC2AC@hwpxr>, proto=ESMTP, daemon=TLSMTA, relay=fl-71-54-173-125.dhcp.embarqhsd.net [71.54.173.125]
Jun  2 07:31:11 tera sendmail[10272]: t52BV7gA010085: to=<condorito@uca.edu.py>, delay=00:00:03, xdelay=00:00:00, mailer=local, pri=35003, dsn=2.0.0, stat=Sent
Jun  2 07:31:17 tera sendmail[10247]: AUTH=server, relay=[190.216.210.148], authid=condorito@uca.edu.py, mech=LOGIN, bits=0
Jun  2 07:31:19 tera sendmail[10141]: AUTH=server, relay=broadband.customer.azadnet.net [86.109.36.86] (may be forged), authid=condorito@uca.edu.py, mech=LOGIN, bits=0
Jun  2 07:31:19 tera sendmail[10247]: t52BVCsY010247: from=<condorito@uca.edu.py>, size=2198, class=0, nrcpts=1, msgid=<1CE6AEABCD1937C4181D54EBBF4210EA@dwlele>, proto=ESMTP, daemon=TLSMTA, relay=[190.216.210.148]
Jun  2 07:31:25 tera sendmail[10141]: t52BVCb0010141: from=<condorito@uca.edu.py>, size=2148, class=0, nrcpts=1, msgid=<38C28ACE33E7C90AD6D39A2440974206@ihgovd>, proto=ESMTP, daemon=TLSMTA, relay=broadband.customer.azadnet.net [86.109.36.86] (may be forged)
Jun  2 07:31:27 tera sendmail[10941]: t52BVNTf010655: to=<condorito@uca.edu.py>, delay=00:00:03, xdelay=00:00:00, mailer=local, pri=35560, dsn=2.0.0, stat=Sent
Jun  2 07:31:31 tera sendmail[10551]: AUTH=server, relay=s197p3.home.99maxprogres.cz [46.227.11.241], authid=condorito@uca.edu.py, mech=LOGIN, bits=0
Jun  2 07:31:32 tera sendmail[11172]: t52BVQae010778: to=<condorito@uca.edu.py>, delay=00:00:03, xdelay=00:00:01, mailer=local, pri=35350, dsn=2.0.0, stat=Sent
Jun  2 07:31:34 tera sendmail[10551]: t52BVLCf010551: from=<condorito@uca.edu.py>, size=1864, class=0, nrcpts=1, msgid=<99632B7420F4DA19C5C0893753B6B4F2@mextfda>, proto=ESMTP, daemon=TLSMTA, relay=s197p3.home.99maxprogres.cz [46.227.11.241]
Jun  2 07:31:39 tera sendmail[10814]: AUTH=server, relay=unknown.maxonline.com.sg [218.186.138.102] (may be forged), authid=condorito@uca.edu.py, mech=LOGIN, bits=0
Jun  2 07:31:39 tera sendmail[11038]: AUTH=server, relay=c-73-158-32-12.hsd1.ca.comcast.net [73.158.32.12], authid=condorito@uca.edu.py, mech=LOGIN, bits=0
Jun  2 07:31:43 tera sendmail[11227]: AUTH=server, relay=[176.14.75.13], authid=condorito@uca.edu.py, mech=LOGIN, bits=0
Jun  2 07:31:45 tera sendmail[10814]: t52BVSAs010814: from=<condorito@uca.edu.py>, size=2061, class=0, nrcpts=1, msgid=<56ACE4F4B7634DBE62672E91C5B2A458@dkuu>, proto=ESMTP, daemon=TLSMTA, relay=unknown.maxonline.com.sg [218.186.138.102] (may be forged)
Jun  2 07:31:45 tera sendmail[11038]: t52BVUCH011038: from=<condorito@uca.edu.py>, size=2019, class=0, nrcpts=1, msgid=<0FF5BDD276A28C7FA3A6EF500422C229@sxqmoz>, proto=ESMTP, daemon=TLSMTA, relay=c-73-158-32-12.hsd1.ca.comcast.net [73.158.32.12]
Jun  2 07:31:46 tera sendmail[11227]: t52BVXXI011227: from=<condorito@uca.edu.py>, size=1895, class=0, nrcpts=1, msgid=<5DA7EFBFC1153BF8242168D6B2C841CE@quvoci>, proto=ESMTP, daemon=TLSMTA, relay=[176.14.75.13]
Jun  2 07:31:46 tera sendmail[11534]: AUTH=server, relay=141.253.203.89.cust.verovice.net [89.203.253.141] (may be forged), authid=condorito@uca.edu.py, mech=LOGIN, bits=0
Jun  2 07:31:48 tera sendmail[11534]: t52BVdWH011534: from=<condorito@uca.edu.py>, size=0, class=0, nrcpts=0, proto=ESMTP, daemon=TLSMTA, relay=141.253.203.89.cust.verovice.net [89.203.253.141] (may be forged)
Jun  2 07:31:56 tera sendmail[12367]: AUTH=server, relay=46-117-29-113.bb.netvision.net.il [46.117.29.113] (may be forged), authid=condorito@uca.edu.py, mech=LOGIN, bits=0
Jun  2 07:31:56 tera sendmail[12348]: AUTH=server, relay=[109.199.231.55], authid=condorito@uca.edu.py, mech=LOGIN, bits=0
Jun  2 07:31:59 tera sendmail[13695]: t52BVqjo012442: to=<condorito@uca.edu.py>, delay=00:00:04, xdelay=00:00:01, mailer=local, pri=35322, dsn=2.0.0, stat=Sent
Jun  2 07:31:59 tera sendmail[12367]: t52BVohZ012367: from=<condorito@uca.edu.py>, size=1960, class=0, nrcpts=1, msgid=<C9337B0EA4705EAD71743D82D63C18B9@pazknn>, proto=ESMTP, daemon=TLSMTA, relay=46-117-29-113.bb.netvision.net.il [46.117.29.113] (may be forged)
Jun  2 07:32:01 tera sendmail[12348]: t52BVmeH012348: from=<condorito@uca.edu.py>, size=1814, class=0, nrcpts=1, msgid=<3AC08B2BE33719DA06034AF490388C60@ipqibz>, proto=ESMTP, daemon=TLSMTA, relay=[109.199.231.55]
Jun  2 07:32:03 tera sendmail[12446]: AUTH=server, relay=[178.219.145.91], authid=condorito@uca.edu.py, mech=LOGIN, bits=0
Jun  2 07:32:06 tera sendmail[12446]: t52BVpAb012446: from=<condorito@uca.edu.py>, size=0, class=0, nrcpts=0, proto=ESMTP, daemon=TLSMTA, relay=[178.219.145.91]
Jun  2 07:32:12 tera sendmail[14761]: AUTH=server, relay=D97A32F1.cm-3-3a.dynamic.ziggo.nl [217.122.50.241], authid=condorito@uca.edu.py, mech=LOGIN, bits=0
Jun  2 07:32:15 tera sendmail[15315]: AUTH=server, relay=ppp91-76-89-137.pppoe.mtu-net.ru [91.76.89.137], authid=condorito@uca.edu.py, mech=LOGIN, bits=0
Jun  2 07:32:16 tera sendmail[14761]: t52BW5HT014761: from=<condorito@uca.edu.py>, size=2090, class=0, nrcpts=1, msgid=<EA1058465A8EA0538F8AC37C28701C3B@lrtsj>, proto=ESMTP, daemon=TLSMTA, relay=D97A32F1.cm-3-3a.dynamic.ziggo.nl [217.122.50.241]
Jun  2 07:32:17 tera sendmail[16053]: t52BWBEL015529: to=<condorito@uca.edu.py>, delay=00:00:03, xdelay=00:00:00, mailer=local, pri=34562, dsn=2.0.0, stat=Sent
Jun  2 07:32:18 tera sendmail[15315]: t52BW9fw015315: from=<condorito@uca.edu.py>, size=1814, class=0, nrcpts=1, msgid=<E31951105E8AA4578B8EC7782C9E9266@hqml>, proto=ESMTP, daemon=TLSMTA, relay=ppp91-76-89-137.pppoe.mtu-net.ru [91.76.89.137]
Jun  2 07:32:18 tera sendmail[15554]: AUTH=server, relay=[64.25.85.198], authid=condorito@uca.edu.py, mech=LOGIN, bits=0
Jun  2 07:32:20 tera sendmail[15554]: t52BWB25015554: from=<condorito@uca.edu.py>, size=0, class=0, nrcpts=0, proto=ESMTP, daemon=TLSMTA, relay=[64.25.85.198]
Jun  2 07:32:21 tera sendmail[15808]: AUTH=server, relay=109x194x248x117.dynamic.irkutsk.ertelecom.ru [109.194.248.117] (may be forged), authid=condorito@uca.edu.py, mech=LOGIN, bits=0
Jun  2 07:32:24 tera sendmail[15808]: t52BWEf8015808: from=<condorito@uca.edu.py>, size=1844, class=0, nrcpts=1, msgid=<FB014AC74D99B774A8ADE45A3E206440@mcsfsw>, proto=ESMTP, daemon=TLSMTA, relay=109x194x248x117.dynamic.irkutsk.ertelecom.ru [109.194.248.117] (may be forged)
Jun  2 07:32:29 tera sendmail[16168]: AUTH=server, relay=pool-5-206-94-106.is74.ru [5.206.94.106] (may be forged), authid=condorito@uca.edu.py, mech=LOGIN, bits=0
Jun  2 07:32:33 tera sendmail[16119]: AUTH=server, relay=[217.114.5.9], authid=condorito@uca.edu.py, mech=LOGIN, bits=0
Jun  2 07:32:33 tera sendmail[16168]: t52BWM07016168: from=<condorito@uca.edu.py>, size=1930, class=0, nrcpts=1, msgid=<DD276CEE4195BB78A4A1E85632385F48@fahvv>, proto=ESMTP, daemon=TLSMTA, relay=pool-5-206-94-106.is74.ru [5.206.94.106] (may be forged)
Jun  2 07:32:36 tera sendmail[16573]: AUTH=server, relay=c-50-178-100-188.hsd1.il.comcast.net [50.178.100.188], authid=condorito@uca.edu.py, mech=LOGIN, bits=0
Jun  2 07:32:38 tera sendmail[16573]: t52BWSP3016573: from=<condorito@uca.edu.py>, size=2149, class=0, nrcpts=1, msgid=<FD074CE25A8EA0538F8AC37C28819533@mgihrbg>, proto=ESMTP, daemon=TLSMTA, relay=c-50-178-100-188.hsd1.il.comcast.net [50.178.100.188]
Jun  2 07:32:40 tera sendmail[16119]: t52BWLkH016119: from=<condorito@uca.edu.py>, size=2003, class=0, nrcpts=1, msgid=<14EEA6F7BA6E40B36F6A239CC8C767FB@pfxn>, proto=ESMTP, daemon=TLSMTA, relay=[217.114.5.9]
Jun  2 07:32:47 tera sendmail[16892]: AUTH=server, relay=[109.172.0.30], authid=condorito@uca.edu.py, mech=LOGIN, bits=0
Jun  2 07:32:50 tera sendmail[16892]: t52BWbTE016892: from=<condorito@uca.edu.py>, size=2052, class=0, nrcpts=1, msgid=<8A703BA8C1153BF8242168D6B2B3F0A8@yhzsusi>, proto=ESMTP, daemon=TLSMTA, relay=[109.172.0.30]
Jun  2 07:32:51 tera sendmail[17189]: AUTH=server, relay=112-120-65-053.static.netvigator.com [112.120.65.53], authid=condorito@uca.edu.py, mech=LOGIN, bits=0
Jun  2 07:32:54 tera sendmail[17789]: t52BWnY3017500: to=<condorito@uca.edu.py>, delay=00:00:03, xdelay=00:00:01, mailer=local, pri=34613, dsn=2.0.0, stat=Sent
Jun  2 07:32:55 tera sendmail[17189]: t52BWiXU017189: from=<condorito@uca.edu.py>, size=1856, class=0, nrcpts=1, msgid=<B9430892A87C52914D4801BFDBA7BB70@wzzreyd>, proto=ESMTP, daemon=TLSMTA, relay=112-120-65-053.static.netvigator.com [112.120.65.53]
Jun  2 07:32:57 tera sendmail[17620]: AUTH=server, relay=host-176-36-74-247.la.net.ua [176.36.74.247], authid=condorito@uca.edu.py, mech=LOGIN, bits=0
Jun  2 07:33:00 tera sendmail[17994]: t52BWsqr017635: to=<condorito@uca.edu.py>, delay=00:00:05, xdelay=00:00:02, mailer=local, pri=34712, dsn=2.0.0, stat=Sent
Jun  2 07:33:00 tera sendmail[17694]: AUTH=server, relay=S0106c86000bf8097.rd.shawcable.net [24.64.26.151], authid=condorito@uca.edu.py, mech=LOGIN, bits=0
Jun  2 07:33:02 tera sendmail[17620]: t52BWpqm017620: from=<condorito@uca.edu.py>, size=1972, class=0, nrcpts=1, msgid=<4FB5FE498256788B57521BA4F0D33BB6@jtudfv>, proto=ESMTP, daemon=TLSMTA, relay=host-176-36-74-247.la.net.ua [176.36.74.247]
Jun  2 07:33:04 tera sendmail[18211]: t52BX0xq018035: to=<condorito@uca.edu.py>, delay=00:00:02, xdelay=00:00:00, mailer=local, pri=35362, dsn=2.0.0, stat=Sent
Jun  2 07:33:04 tera sendmail[17694]: t52BWt0H017694: from=<condorito@uca.edu.py>, size=1900, class=0, nrcpts=1, msgid=<D72D6685B5614F8C50551CA2C6A7C6B7@gowr>, proto=ESMTP, daemon=TLSMTA, relay=S0106c86000bf8097.rd.shawcable.net [24.64.26.151]
Jun  2 07:33:08 tera sendmail[18118]: AUTH=server, relay=177-126-237-205.city10.com.br [177.126.237.205] (may be forged), authid=condorito@uca.edu.py, mech=LOGIN, bits=0
Jun  2 07:33:12 tera sendmail[18570]: t52BX6PZ018213: to=<condorito@uca.edu.py>, delay=00:00:04, xdelay=00:00:00, mailer=local, pri=36310, dsn=2.0.0, stat=Sent
Jun  2 07:33:13 tera sendmail[18118]: t52BX2fx018118: from=<condorito@uca.edu.py>, size=1962, class=0, nrcpts=1, msgid=<BC460D845084AA598580C9762217E4FA@szcreh>, proto=ESMTP, daemon=TLSMTA, relay=177-126-237-205.city10.com.br [177.126.237.205] (may be forged)
Jun  2 07:33:15 tera sendmail[18332]: AUTH=server, relay=host-93-124-23-229.dsl.sura.ru [93.124.23.229], authid=condorito@uca.edu.py, mech=LOGIN, bits=0
Jun  2 07:33:17 tera sendmail[18332]: t52BXBVA018332: from=<condorito@uca.edu.py>, size=1840, class=0, nrcpts=1, msgid=<FA004B8F7DA98744989DD46A0EB2C9F5@xlgmm>, proto=ESMTP, daemon=TLSMTA, relay=host-93-124-23-229.dsl.sura.ru [93.124.23.229]
Jun  2 07:33:20 tera sendmail[20296]: t52BXFWR018791: to=<condorito@uca.edu.py>, delay=00:00:03, xdelay=00:00:00, mailer=local, pri=34836, dsn=2.0.0, stat=Sent
Jun  2 07:33:21 tera sendmail[19121]: AUTH=server, relay=188-25-147-61.rdsnet.ro [188.25.147.61] (may be forged), authid=condorito@uca.edu.py, mech=LOGIN, bits=0
Jun  2 07:33:21 tera sendmail[20095]: t52BXCpI018717: to=<condorito@uca.edu.py>, delay=00:00:07, xdelay=00:00:02, mailer=local, pri=36024, dsn=2.0.0, stat=Sent
Jun  2 07:33:22 tera sendmail[19121]: t52BXFAn019121: from=<condorito@uca.edu.py>, size=0, class=0, nrcpts=0, proto=ESMTP, daemon=TLSMTA, relay=188-25-147-61.rdsnet.ro [188.25.147.61] (may be forged)
Jun  2 07:33:25 tera sendmail[19013]: AUTH=server, relay=36-228-138-102.dynamic-ip.hinet.net [36.228.138.102], authid=condorito@uca.edu.py, mech=LOGIN, bits=0
Jun  2 07:33:25 tera sendmail[20090]: AUTH=server, relay=cpe-142-255-59-8.nyc.res.rr.com [142.255.59.8], authid=condorito@uca.edu.py, mech=LOGIN, bits=0
Jun  2 07:33:28 tera sendmail[20090]: t52BXL07020090: from=<condorito@uca.edu.py>, size=0, class=0, nrcpts=0, proto=ESMTP, daemon=TLSMTA, relay=cpe-142-255-59-8.nyc.res.rr.com [142.255.59.8]
Jun  2 07:33:29 tera sendmail[20409]: AUTH=server, relay=23-24-217-50-static.hfc.comcastbusiness.net [23.24.217.50], authid=condorito@uca.edu.py, mech=LOGIN, bits=0
Jun  2 07:33:30 tera sendmail[19013]: t52BXFQX019013: from=<condorito@uca.edu.py>, size=2161, class=0, nrcpts=1, msgid=<11EBA0271CC8E615C9CC853A6EACEDC6@zyvc>, proto=ESMTP, daemon=TLSMTA, relay=36-228-138-102.dynamic-ip.hinet.net [36.228.138.102]
Jun  2 07:33:31 tera sendmail[20409]: t52BXPEt020409: from=<condorito@uca.edu.py>, size=1852, class=0, nrcpts=1, msgid=<6A90DB09B0644A89555019A7C36C1F83@mskpxpx>, proto=ESMTP, daemon=TLSMTA, relay=23-24-217-50-static.hfc.comcastbusiness.net [23.24.217.50]
Jun  2 07:33:32 tera sendmail[20400]: AUTH=server, relay=wsip-70-166-27-210.sd.sd.cox.net [70.166.27.210], authid=condorito@uca.edu.py, mech=LOGIN, bits=0
Jun  2 07:33:34 tera sendmail[20792]: t52BXUoa020527: to=<condorito@uca.edu.py>, delay=00:00:02, xdelay=00:00:00, mailer=local, pri=34452, dsn=2.0.0, stat=Sent
Jun  2 07:33:39 tera sendmail[20400]: t52BXOxH020400: from=<condorito@uca.edu.py>, size=2158, class=0, nrcpts=1, msgid=<BC460D9F6DB99764B8BDF44B1F1519C4@xpen>, proto=ESMTP, daemon=TLSMTA, relay=wsip-70-166-27-210.sd.sd.cox.net [70.166.27.210]
Jun  2 07:33:41 tera sendmail[20987]: AUTH=server, relay=38-67-241-84.dyn.cable.fcom.ch [84.241.67.38], authid=condorito@uca.edu.py, mech=LOGIN, bits=0
Jun  2 07:33:46 tera sendmail[20987]: t52BXcGk020987: from=<condorito@uca.edu.py>, size=1853, class=0, nrcpts=1, msgid=<6892D9FFF32709CA16135AE48002F913@pmbg>, proto=ESMTP, daemon=TLSMTA, relay=38-67-241-84.dyn.cable.fcom.ch [84.241.67.38]
Jun  2 07:33:49 tera sendmail[21736]: t52BXhwF021526: to=<condorito@uca.edu.py>, delay=00:00:03, xdelay=00:00:02, mailer=local, pri=34327, dsn=2.0.0, stat=Sent
Jun  2 07:33:52 tera sendmail[21578]: AUTH=server, relay=[190.109.37.43], authid=condorito@uca.edu.py, mech=LOGIN, bits=0
Jun  2 07:33:54 tera sendmail[22417]: t52BXpu4022214: to=<condorito@uca.edu.py>, delay=00:00:02, xdelay=00:00:00, mailer=local, pri=35705, dsn=2.0.0, stat=Sent
Jun  2 07:33:55 tera sendmail[21811]: AUTH=server, relay=bl20-18-249.dsl.telepac.pt [2.81.18.249], authid=condorito@uca.edu.py, mech=LOGIN, bits=0
Jun  2 07:33:56 tera sendmail[21578]: t52BXjiI021578: from=<condorito@uca.edu.py>, size=2166, class=0, nrcpts=1, msgid=<25DF946FD5012FDC00054CF3A70F0DD2@yqjeosm>, proto=ESMTP, daemon=TLSMTA, relay=[190.109.37.43]
Jun  2 07:33:57 tera sendmail[21739]: AUTH=server, relay=137-118-98-158.pppoe.gotricounty.com [137.118.98.158] (may be forged), authid=condorito@uca.edu.py, mech=LOGIN, bits=0
Jun  2 07:33:58 tera sendmail[21811]: t52BXpPr021811: from=<condorito@uca.edu.py>, size=1828, class=0, nrcpts=1, msgid=<F60C474D29FDD310CCC9803E5AC3EA52@uwuukhd>, proto=ESMTP, daemon=TLSMTA, relay=bl20-18-249.dsl.telepac.pt [2.81.18.249]
Jun  2 07:34:00 tera sendmail[22614]: t52BXtMZ022450: to=<condorito@uca.edu.py>, delay=00:00:02, xdelay=00:00:00, mailer=local, pri=34391, dsn=2.0.0, stat=Sent
Jun  2 07:34:03 tera sendmail[21739]: t52BXoDA021739: from=<condorito@uca.edu.py>, size=1942, class=0, nrcpts=1, msgid=<B34902F587537D8E52571EA1F5544ED6@hshk>, proto=ESMTP, daemon=TLSMTA, relay=137-118-98-158.pppoe.gotricounty.com [137.118.98.158] (may be forged)
Jun  2 07:34:04 tera sendmail[22543]: AUTH=server, relay=tech.franklinacademy.org [24.172.56.36] (may be forged), authid=condorito@uca.edu.py, mech=LOGIN, bits=0
Jun  2 07:34:04 tera sendmail[22843]: t52BXudi022444: to=<condorito@uca.edu.py>, delay=00:00:03, xdelay=00:00:00, mailer=local, pri=36152, dsn=2.0.0, stat=Sent
Jun  2 07:34:06 tera sendmail[22509]: AUTH=server, relay=cpc7-gate10-2-0-cust75.16-2.cable.virginm.net [92.234.120.76], authid=condorito@uca.edu.py, mech=LOGIN, bits=0
Jun  2 07:34:07 tera sendmail[22543]: t52BY1QA022543: from=<condorito@uca.edu.py>, size=2007, class=0, nrcpts=1, msgid=<9862293271A58B489491D86602A0CCE9@lxbrptk>, proto=ESMTP, daemon=TLSMTA, relay=tech.franklinacademy.org [24.172.56.36] (may be forged)
Jun  2 07:34:09 tera sendmail[22814]: AUTH=server, relay=[41.159.51.61], authid=condorito@uca.edu.py, mech=LOGIN, bits=0
Jun  2 07:34:09 tera sendmail[22509]: t52BY1up022509: from=<condorito@uca.edu.py>, size=1893, class=0, nrcpts=1, msgid=<27DD9652A37759AA76733A85D122981C@gcouocc>, proto=ESMTP, daemon=TLSMTA, relay=cpc7-gate10-2-0-cust75.16-2.cable.virginm.net [92.234.120.76]
Jun  2 07:34:12 tera sendmail[22814]: t52BY5Ct022814: from=<condorito@uca.edu.py>, size=0, class=0, nrcpts=0, proto=ESMTP, daemon=TLSMTA, relay=[41.159.51.61]
Jun  2 07:34:21 tera sendmail[23412]: AUTH=server, relay=[59.4.29.196], authid=condorito@uca.edu.py, mech=LOGIN, bits=0
Jun  2 07:34:21 tera sendmail[23778]: t52BYGxW023525: to=<condorito@uca.edu.py>, delay=00:00:02, xdelay=00:00:00, mailer=local, pri=35902, dsn=2.0.0, stat=Sent
Jun  2 07:34:22 tera sendmail[23471]: AUTH=server, relay=155.net-94.242.31.kaluga.ru [109.225.31.155] (may be forged), authid=condorito@uca.edu.py, mech=LOGIN, bits=0
Jun  2 07:34:25 tera sendmail[23412]: t52BYFMh023412: from=<condorito@uca.edu.py>, size=1791, class=0, nrcpts=1, msgid=<D72D66062AFED013CFCA833D596C5D85@bseo>, proto=ESMTP, daemon=TLSMTA, relay=[59.4.29.196]
Jun  2 07:34:25 tera sendmail[23471]: t52BYH8h023471: from=<condorito@uca.edu.py>, size=1701, class=0, nrcpts=1, msgid=<F60C47213EEAC407DBDE97294D69ED0C@ejnojul>, proto=ESMTP, daemon=TLSMTA, relay=155.net-94.242.31.kaluga.ru [109.225.31.155] (may be forged)
Jun  2 07:34:38 tera sendmail[24642]: AUTH=server, relay=77-58-220-217.dclient.hispeed.ch [77.58.220.217], authid=condorito@uca.edu.py, mech=LOGIN, bits=0
Jun  2 07:34:39 tera sendmail[25320]: AUTH=server, relay=lan-78-157-77-143.vln.skynet.lt [78.157.77.143] (may be forged), authid=condorito@uca.edu.py, mech=LOGIN, bits=0
Jun  2 07:34:42 tera sendmail[24642]: t52BYTcp024642: from=<condorito@uca.edu.py>, size=2043, class=0, nrcpts=1, msgid=<A45E15315E8AA4578B8EC7782CC69C0A@ryyrwb>, proto=ESMTP, daemon=TLSMTA, relay=77-58-220-217.dclient.hispeed.ch [77.58.220.217]
Jun  2 07:34:42 tera sendmail[25527]: AUTH=server, relay=232-222.adsl.static.espeed.com.bn [61.6.222.232] (may be forged), authid=condorito@uca.edu.py, mech=LOGIN, bits=0
Jun  2 07:34:43 tera sendmail[25320]: t52BYXJu025320: from=<condorito@uca.edu.py>, size=1859, class=0, nrcpts=1, msgid=<5CA6EDA7DE0A24E73B3E77C9ADACF852@uqsm>, proto=ESMTP, daemon=TLSMTA, relay=lan-78-157-77-143.vln.skynet.lt [78.157.77.143] (may be forged)
Jun  2 07:34:43 tera sendmail[25901]: AUTH=server, relay=cdm-75-108-215-28.asbnva.dhcp.suddenlink.net [75.108.215.28] (may be forged), authid=condorito@uca.edu.py, mech=LOGIN, bits=0
Jun  2 07:34:47 tera sendmail[25901]: t52BYcNM025901: from=<condorito@uca.edu.py>, size=1767, class=0, nrcpts=1, msgid=<B04A013C2BFFD122FEFBB20D59A9918A@xaqete>, proto=ESMTP, daemon=TLSMTA, relay=cdm-75-108-215-28.asbnva.dhcp.suddenlink.net [75.108.215.28] (may be forged)
Jun  2 07:34:48 tera sendmail[25527]: t52BYZBO025527: from=<condorito@uca.edu.py>, size=1773, class=0, nrcpts=1, msgid=<06FCB7FAA5715F9C40450CB2D642ECA5@urxrhbx>, proto=ESMTP, daemon=TLSMTA, relay=232-222.adsl.static.espeed.com.bn [61.6.222.232] (may be forged)
Jun  2 07:34:50 tera sendmail[26344]: t52BYkt5026161: to=<condorito@uca.edu.py>, delay=00:00:02, xdelay=00:00:00, mailer=local, pri=36009, dsn=2.0.0, stat=Sent
Jun  2 07:34:51 tera sendmail[26155]: AUTH=server, relay=46-121-81-205.static.012.net.il [46.121.81.205] (may be forged), authid=condorito@uca.edu.py, mech=LOGIN, bits=0
Jun  2 07:34:54 tera sendmail[26258]: AUTH=server, relay=[176.14.75.13], authid=condorito@uca.edu.py, mech=LOGIN, bits=0
Jun  2 07:34:57 tera sendmail[26155]: t52BYlF0026155: from=<condorito@uca.edu.py>, size=0, class=0, nrcpts=0, proto=ESMTP, daemon=TLSMTA, relay=46-121-81-205.static.012.net.il [46.121.81.205] (may be forged)
Jun  2 07:34:58 tera sendmail[26258]: t52BYmmb026258: from=<condorito@uca.edu.py>, size=1796, class=0, nrcpts=1, msgid=<CA307B4ACC1836C5191C55EABE972FB8@iebjc>, proto=ESMTP, daemon=TLSMTA, relay=[176.14.75.13]
Jun  2 07:35:00 tera sendmail[26741]: t52BYsSn026488: to=<condorito@uca.edu.py>, delay=00:00:03, xdelay=00:00:00, mailer=local, pri=34442, dsn=2.0.0, stat=Sent
Jun  2 07:35:01 tera sendmail[26273]: AUTH=server, relay=cpe-107-10-97-188.new.res.rr.com [107.10.97.188], authid=condorito@uca.edu.py, mech=LOGIN, bits=0
Jun  2 07:35:01 tera sendmail[26882]: t52BYw5x026538: to=<condorito@uca.edu.py>, delay=00:00:01, xdelay=00:00:00, mailer=local, pri=35003, dsn=2.0.0, stat=Sent
Jun  2 07:35:02 tera sendmail[26968]: t52BYwvT026581: to=<condorito@uca.edu.py>, delay=00:00:02, xdelay=00:00:00, mailer=local, pri=34501, dsn=2.0.0, stat=Sent
Jun  2 07:35:04 tera sendmail[26582]: AUTH=server, relay=[162.212.60.245], authid=condorito@uca.edu.py, mech=LOGIN, bits=0
Jun  2 07:35:04 tera sendmail[26644]: AUTH=server, relay=[212.231.58.145], authid=condorito@uca.edu.py, mech=LOGIN, bits=0
Jun  2 07:35:04 tera sendmail[26273]: t52BYoCd026273: from=<condorito@uca.edu.py>, size=2100, class=0, nrcpts=1, msgid=<7288C3F27EAA8477ABAEE7580C0A292F@fyepthb>, proto=ESMTP, daemon=TLSMTA, relay=cpe-107-10-97-188.new.res.rr.com [107.10.97.188]
Jun  2 07:35:05 tera sendmail[27117]: t52BZ3XK026983: to=<condorito@uca.edu.py>, delay=00:00:02, xdelay=00:00:00, mailer=local, pri=33135, dsn=2.0.0, stat=Sent
Jun  2 07:35:06 tera sendmail[26582]: t52BZ0mI026582: from=<condorito@uca.edu.py>, size=0, class=0, nrcpts=0, proto=ESMTP, daemon=TLSMTA, relay=[162.212.60.245]
Jun  2 07:35:06 tera sendmail[26743]: AUTH=server, relay=95-28-135-76.broadband.corbina.ru [95.28.135.76], authid=condorito@uca.edu.py, mech=LOGIN, bits=0
Jun  2 07:35:07 tera sendmail[26644]: t52BZ1AR026644: from=<condorito@uca.edu.py>, size=1945, class=0, nrcpts=1, msgid=<1BE1AB177CA88645999CD56B0F363302@lmxe>, proto=ESMTP, daemon=TLSMTA, relay=[212.231.58.145]
Jun  2 07:35:07 tera sendmail[27275]: t52BZ18X026638: to=<condorito@uca.edu.py>, delay=00:00:02, xdelay=00:00:00, mailer=local, pri=33961, dsn=2.0.0, stat=Sent
Jun  2 07:35:10 tera sendmail[27376]: t52BZ3nJ026972: to=<condorito@uca.edu.py>, delay=00:00:02, xdelay=00:00:00, mailer=local, pri=35771, dsn=2.0.0, stat=Sent
Jun  2 07:35:13 tera sendmail[26743]: t52BZ1OG026743: from=<condorito@uca.edu.py>, size=2108, class=0, nrcpts=1, msgid=<FF054E4A8A5E70835F5A13ACF88BF8EE@gzvcqy>, proto=ESMTP, daemon=TLSMTA, relay=95-28-135-76.broadband.corbina.ru [95.28.135.76]
Jun  2 07:35:19 tera sendmail[27777]: t52BZF5a027555: to=<condorito@uca.edu.py>, delay=00:00:03, xdelay=00:00:00, mailer=local, pri=36359, dsn=2.0.0, stat=Sent
Jun  2 07:35:22 tera sendmail[27978]: t52BZHab027675: to=<condorito@uca.edu.py>, delay=00:00:02, xdelay=00:00:00, mailer=local, pri=35327, dsn=2.0.0, stat=Sent
Jun  2 07:35:23 tera sendmail[27557]: AUTH=server, relay=ip-95-111-49-73.home.megalan.bg [95.111.49.73] (may be forged), authid=condorito@uca.edu.py, mech=LOGIN, bits=0
Jun  2 07:35:24 tera sendmail[28087]: t52BZLZv027910: to=<condorito@uca.edu.py>, delay=00:00:01, xdelay=00:00:00, mailer=local, pri=34599, dsn=2.0.0, stat=Sent
Jun  2 07:35:25 tera sendmail[27557]: t52BZHaa027557: from=<condorito@uca.edu.py>, size=2174, class=0, nrcpts=1, msgid=<649ED5CF07D3FD0ED2D79E2175DB38F6@xpgze>, proto=ESMTP, daemon=TLSMTA, relay=ip-95-111-49-73.home.megalan.bg [95.111.49.73] (may be forged)
Jun  2 07:35:26 tera sendmail[28168]: t52BZMD6027847: to=<condorito@uca.edu.py>, delay=00:00:03, xdelay=00:00:01, mailer=local, pri=34508, dsn=2.0.0, stat=Sent
Jun  2 07:35:31 tera sendmail[28460]: t52BZRiX028104: to=<condorito@uca.edu.py>, delay=00:00:03, xdelay=00:00:01, mailer=local, pri=34719, dsn=2.0.0, stat=Sent
Jun  2 07:35:35 tera sendmail[28324]: AUTH=server, relay=[162.212.60.245], authid=condorito@uca.edu.py, mech=LOGIN, bits=0
Jun  2 07:35:39 tera sendmail[28324]: t52BZUw0028324: from=<condorito@uca.edu.py>, size=2021, class=0, nrcpts=1, msgid=<22D892015D89A764B8BDF44A2E2FAD2E@gdrpovp>, proto=ESMTP, daemon=TLSMTA, relay=[162.212.60.245]
Jun  2 07:35:41 tera sendmail[28491]: AUTH=server, relay=ip-109-63-155-13.bb.netbynet.ru [109.63.155.13] (may be forged), authid=condorito@uca.edu.py, mech=LOGIN, bits=0
Jun  2 07:35:42 tera sendmail[28579]: AUTH=server, relay=[188.35.151.157], authid=condorito@uca.edu.py, mech=LOGIN, bits=0
Jun  2 07:35:44 tera sendmail[28491]: t52BZYl3028491: from=<condorito@uca.edu.py>, size=1948, class=0, nrcpts=1, msgid=<3EC48FE4895D73805C5910AFFB36E935@cupmt>, proto=ESMTP, daemon=TLSMTA, relay=ip-109-63-155-13.bb.netbynet.ru [109.63.155.13] (may be forged)
Jun  2 07:35:46 tera sendmail[28579]: t52BZYdI028579: from=<condorito@uca.edu.py>, size=1836, class=0, nrcpts=1, msgid=<AC561D7AE5311FEC30357CC3972FBA16@btnsxmz>, proto=ESMTP, daemon=TLSMTA, relay=[188.35.151.157]
Jun  2 07:35:47 tera sendmail[30451]: t52BZgVa028930: to=<condorito@uca.edu.py>, delay=00:00:03, xdelay=00:00:00, mailer=local, pri=35705, dsn=2.0.0, stat=Sent
Jun  2 07:35:50 tera sendmail[30592]: t52BZkK0030231: to=<condorito@uca.edu.py>, delay=00:00:02, xdelay=00:00:00, mailer=local, pri=35193, dsn=2.0.0, stat=Sent
Jun  2 07:35:52 tera sendmail[30748]: t52BZlxi030494: to=<condorito@uca.edu.py>, delay=00:00:03, xdelay=00:00:00, mailer=local, pri=34392, dsn=2.0.0, stat=Sent
Jun  2 07:35:53 tera sendmail[30511]: AUTH=server, relay=broadband-37.204-149-112.nationalcablenetworks.ru [37.204.149.112] (may be forged), authid=condorito@uca.edu.py, mech=LOGIN, bits=0
Jun  2 07:35:56 tera sendmail[30511]: t52BZnwJ030511: from=<condorito@uca.edu.py>, size=2099, class=0, nrcpts=1, msgid=<21DB90E7E5311FEC30357CC3973C373D@sghf>, proto=ESMTP, daemon=TLSMTA, relay=broadband-37.204-149-112.nationalcablenetworks.ru [37.204.149.112] (may be forged)
Jun  2 07:35:59 tera sendmail[31166]: t52BZrhH030725: to=<condorito@uca.edu.py>, delay=00:00:04, xdelay=00:00:00, mailer=local, pri=34529, dsn=2.0.0, stat=Sent
Jun  2 07:36:00 tera sendmail[30874]: AUTH=server, relay=shevtsova.tenet.odessa.ua [85.238.100.153], authid=condorito@uca.edu.py, mech=LOGIN, bits=0
Jun  2 07:36:04 tera sendmail[31050]: AUTH=server, relay=pool-31-207-193-151.is74.ru [31.207.193.151] (may be forged), authid=condorito@uca.edu.py, mech=LOGIN, bits=0
Jun  2 07:36:05 tera sendmail[30874]: t52BZsHa030874: from=<condorito@uca.edu.py>, size=1963, class=0, nrcpts=1, msgid=<44BEF43A2CF8D615C9CC853B5F020770@jbrn>, proto=ESMTP, daemon=TLSMTA, relay=shevtsova.tenet.odessa.ua [85.238.100.153]
