Jun  2 07:36:07 tera sendmail[31050]: t52BZwss031050: from=<condorito@uca.edu.py>, size=1931, class=0, nrcpts=1, msgid=<EF155E158B5F71825E5B12ADF9B69630@hmdij>, proto=ESMTP, daemon=TLSMTA, relay=pool-31-207-193-151.is74.ru [31.207.193.151] (may be forged)
Jun  2 07:36:07 tera sendmail[31073]: AUTH=server, relay=[89.169.200.73], authid=condorito@uca.edu.py, mech=LOGIN, bits=0
Jun  2 07:36:07 tera sendmail[31612]: t52Ba25t031286: to=<condorito@uca.edu.py>, delay=00:00:03, xdelay=00:00:00, mailer=local, pri=34939, dsn=2.0.0, stat=Sent
Jun  2 07:36:10 tera sendmail[31073]: t52Ba0dR031073: from=<condorito@uca.edu.py>, size=1950, class=0, nrcpts=1, msgid=<18E2A85F7DA98744989DD46A0E911A66@yanc>, proto=ESMTP, daemon=TLSMTA, relay=[89.169.200.73]
Jun  2 07:36:13 tera sendmail[32023]: t52Ba8jn031658: to=<condorito@uca.edu.py>, delay=00:00:03, xdelay=00:00:01, mailer=local, pri=34842, dsn=2.0.0, stat=Sent
Jun  2 07:36:15 tera sendmail[32197]: t52BaAEN031821: to=<condorito@uca.edu.py>, delay=00:00:02, xdelay=00:00:00, mailer=local, pri=35672, dsn=2.0.0, stat=Sent
Jun  2 07:36:15 tera sendmail[31725]: AUTH=server, relay=[95.139.83.64], authid=condorito@uca.edu.py, mech=LOGIN, bits=0
Jun  2 07:36:18 tera sendmail[31725]: t52Ba9iL031725: from=<condorito@uca.edu.py>, size=0, class=0, nrcpts=0, proto=ESMTP, daemon=TLSMTA, relay=[95.139.83.64]
Jun  2 07:36:22 tera sendmail[32565]: t52BaHeS032155: to=<condorito@uca.edu.py>, delay=00:00:03, xdelay=00:00:01, mailer=local, pri=35184, dsn=2.0.0, stat=Sent
Jun  2 07:36:24 tera sendmail[32701]: t52BaJXI032440: to=<condorito@uca.edu.py>, delay=00:00:03, xdelay=00:00:01, mailer=local, pri=34828, dsn=2.0.0, stat=Sent
Jun  2 07:36:24 tera sendmail[32762]: t52BaKlt032454: to=<condorito@uca.edu.py>, delay=00:00:02, xdelay=00:00:00, mailer=local, pri=34754, dsn=2.0.0, stat=Sent
Jun  2 07:36:25 tera sendmail[32289]: AUTH=server, relay=37.61.250.125.dyn.nubbitel.es [37.61.250.125] (may be forged), authid=condorito@uca.edu.py, mech=LOGIN, bits=0
Jun  2 07:36:29 tera sendmail[32289]: t52BaG2A032289: from=<condorito@uca.edu.py>, size=2159, class=0, nrcpts=1, msgid=<9B612A71BC6846B5696C259ACE34B248@jefhqk>, proto=ESMTP, daemon=TLSMTA, relay=37.61.250.125.dyn.nubbitel.es [37.61.250.125] (may be forged)
Jun  2 07:36:30 tera sendmail[503]: t52BaNiG032639: to=<condorito@uca.edu.py>, delay=00:00:06, xdelay=00:00:02, mailer=local, pri=33944, dsn=2.0.0, stat=Sent
Jun  2 07:36:30 tera sendmail[608]: t52BaQEX000410: to=<condorito@uca.edu.py>, delay=00:00:01, xdelay=00:00:00, mailer=local, pri=35417, dsn=2.0.0, stat=Sent
Jun  2 07:36:32 tera sendmail[32741]: AUTH=server, relay=31-43-23-124.dks.com.ua [31.43.23.124], authid=condorito@uca.edu.py, mech=LOGIN, bits=0
Jun  2 07:36:35 tera sendmail[32741]: t52BaRRM032741: from=<condorito@uca.edu.py>, size=2137, class=0, nrcpts=1, msgid=<48B2F853FC2806F5292C65DA8E963005@mziszd>, proto=ESMTP, daemon=TLSMTA, relay=31-43-23-124.dks.com.ua [31.43.23.124]
Jun  2 07:36:38 tera sendmail[567]: AUTH=server, relay=pppoe43.net109-120-9.se2.omkc.ru [109.120.9.43] (may be forged), authid=condorito@uca.edu.py, mech=LOGIN, bits=0
Jun  2 07:36:39 tera sendmail[607]: AUTH=server, relay=host-176-36-180-35.la.net.ua [176.36.180.35], authid=condorito@uca.edu.py, mech=LOGIN, bits=0
Jun  2 07:36:42 tera sendmail[1364]: t52BadoZ001132: to=<condorito@uca.edu.py>, delay=00:00:02, xdelay=00:00:00, mailer=local, pri=36134, dsn=2.0.0, stat=Sent
Jun  2 07:36:42 tera sendmail[567]: t52BaX3f000567: from=<condorito@uca.edu.py>, size=1775, class=0, nrcpts=1, msgid=<5FA5EFC4CA1E30F32F2A63DDB9E01B17@hpcinq>, proto=ESMTP, daemon=TLSMTA, relay=pppoe43.net109-120-9.se2.omkc.ru [109.120.9.43] (may be forged)
Jun  2 07:36:43 tera sendmail[607]: t52BaUw4000607: from=<condorito@uca.edu.py>, size=1934, class=0, nrcpts=1, msgid=<F60C46E1E7331DEE32377EC1950BB7CE@zcndd>, proto=ESMTP, daemon=TLSMTA, relay=host-176-36-180-35.la.net.ua [176.36.180.35]
Jun  2 07:36:46 tera sendmail[1136]: AUTH=server, relay=104-43.wireless.bentonrea.com [216.7.43.104] (may be forged), authid=condorito@uca.edu.py, mech=LOGIN, bits=0
Jun  2 07:36:47 tera sendmail[1539]: t52BafgD001242: to=<condorito@uca.edu.py>, delay=00:00:03, xdelay=00:00:00, mailer=local, pri=34538, dsn=2.0.0, stat=Sent
Jun  2 07:36:50 tera sendmail[1136]: t52Bae5X001136: from=<condorito@uca.edu.py>, size=2164, class=0, nrcpts=1, msgid=<33C9833DAB7F51A27E7B328DD94A7D98@qjrrdhc>, proto=ESMTP, daemon=TLSMTA, relay=104-43.wireless.bentonrea.com [216.7.43.104] (may be forged)
Jun  2 07:36:54 tera sendmail[1596]: AUTH=server, relay=541DD9C4.cm-5-6d.dynamic.ziggo.nl [84.29.217.196], authid=condorito@uca.edu.py, mech=LOGIN, bits=0
Jun  2 07:36:54 tera sendmail[2451]: t52BanQG001566: to=<condorito@uca.edu.py>, delay=00:00:03, xdelay=00:00:00, mailer=local, pri=34532, dsn=2.0.0, stat=Sent
Jun  2 07:36:56 tera sendmail[1596]: t52BanxG001596: from=<condorito@uca.edu.py>, size=0, class=0, nrcpts=0, proto=ESMTP, daemon=TLSMTA, relay=541DD9C4.cm-5-6d.dynamic.ziggo.nl [84.29.217.196]
Jun  2 07:37:00 tera sendmail[3537]: t52BatQJ002642: to=<condorito@uca.edu.py>, delay=00:00:03, xdelay=00:00:00, mailer=local, pri=34466, dsn=2.0.0, stat=Sent
Jun  2 07:37:03 tera sendmail[2799]: AUTH=server, relay=[89.31.111.203], authid=condorito@uca.edu.py, mech=LOGIN, bits=0
Jun  2 07:37:04 tera sendmail[3724]: t52BawWM003352: to=<condorito@uca.edu.py>, delay=00:00:03, xdelay=00:00:01, mailer=local, pri=36184, dsn=2.0.0, stat=Sent
Jun  2 07:37:06 tera sendmail[2657]: AUTH=server, relay=31.89.150.178.triolan.net [178.150.89.31] (may be forged), authid=condorito@uca.edu.py, mech=LOGIN, bits=0
Jun  2 07:37:07 tera sendmail[2799]: t52Bav6B002799: from=<condorito@uca.edu.py>, size=0, class=0, nrcpts=0, proto=ESMTP, daemon=TLSMTA, relay=[89.31.111.203]
Jun  2 07:37:10 tera sendmail[2657]: t52Bat3H002657: from=<condorito@uca.edu.py>, size=2009, class=0, nrcpts=1, msgid=<E81258D06ABE9063BFBAF34C1832941F@yqjmxu>, proto=ESMTP, daemon=TLSMTA, relay=31.89.150.178.triolan.net [178.150.89.31] (may be forged)
Jun  2 07:37:10 tera sendmail[3910]: t52Bb7dj003809: to=<condorito@uca.edu.py>, delay=00:00:02, xdelay=00:00:00, mailer=local, pri=35242, dsn=2.0.0, stat=Sent
Jun  2 07:37:12 tera sendmail[4042]: t52Bb7kV003799: to=<condorito@uca.edu.py>, delay=00:00:02, xdelay=00:00:00, mailer=local, pri=34561, dsn=2.0.0, stat=Sent
Jun  2 07:37:19 tera sendmail[3839]: AUTH=server, relay=cdm-75-108-93-176.asbnva.dhcp.suddenlink.net [75.108.93.176] (may be forged), authid=condorito@uca.edu.py, mech=LOGIN, bits=0
Jun  2 07:37:22 tera sendmail[4140]: AUTH=server, relay=cpe-74-67-208-211.twcny.res.rr.com [74.67.208.211], authid=condorito@uca.edu.py, mech=LOGIN, bits=0
Jun  2 07:37:22 tera sendmail[4075]: AUTH=server, relay=[176.15.148.152], authid=condorito@uca.edu.py, mech=LOGIN, bits=0
Jun  2 07:37:23 tera sendmail[4158]: AUTH=server, relay=c-76-118-29-16.hsd1.ma.comcast.net [76.118.29.16], authid=condorito@uca.edu.py, mech=LOGIN, bits=0
Jun  2 07:37:25 tera sendmail[3839]: t52BbBiX003839: from=<condorito@uca.edu.py>, size=1984, class=0, nrcpts=1, msgid=<6B91DB45BD6947B4686D249BCFAF84B4@tmqo>, proto=ESMTP, daemon=TLSMTA, relay=cdm-75-108-93-176.asbnva.dhcp.suddenlink.net [75.108.93.176] (may be forged)
Jun  2 07:37:25 tera sendmail[4158]: t52BbJ55004158: from=<condorito@uca.edu.py>, size=0, class=0, nrcpts=0, proto=ESMTP, daemon=TLSMTA, relay=c-76-118-29-16.hsd1.ma.comcast.net [76.118.29.16]
Jun  2 07:37:25 tera sendmail[4140]: t52BbH15004140: from=<condorito@uca.edu.py>, size=1911, class=0, nrcpts=1, msgid=<D52F651D22F6D81BC7C28B35518212EC@mihov>, proto=ESMTP, daemon=TLSMTA, relay=cpe-74-67-208-211.twcny.res.rr.com [74.67.208.211]
Jun  2 07:37:27 tera sendmail[4075]: t52BbEdv004075: from=<condorito@uca.edu.py>, size=2034, class=0, nrcpts=1, msgid=<B349039A6FBB9566BABFF6491D15B0EF@jgjip>, proto=ESMTP, daemon=TLSMTA, relay=[176.15.148.152]
Jun  2 07:37:36 tera sendmail[4483]: AUTH=server, relay=[181.193.102.82], authid=condorito@uca.edu.py, mech=LOGIN, bits=0
Jun  2 07:37:39 tera sendmail[4483]: t52BbThO004483: from=<condorito@uca.edu.py>, size=2115, class=0, nrcpts=1, msgid=<7C86CC213EEAC437EBEEA7184C4D976D@kwdvm>, proto=ESMTP, daemon=TLSMTA, relay=[181.193.102.82]
Jun  2 07:37:41 tera sendmail[5052]: t52Bbbda004831: to=<condorito@uca.edu.py>, delay=00:00:03, xdelay=00:00:00, mailer=local, pri=34641, dsn=2.0.0, stat=Sent
Jun  2 07:37:41 tera sendmail[5082]: t52BbcHp004795: to=<condorito@uca.edu.py>, delay=00:00:02, xdelay=00:00:00, mailer=local, pri=34600, dsn=2.0.0, stat=Sent
Jun  2 07:37:43 tera sendmail[5231]: t52BbbAf004817: to=<condorito@uca.edu.py>, delay=00:00:03, xdelay=00:00:00, mailer=local, pri=34380, dsn=2.0.0, stat=Sent
Jun  2 07:37:45 tera sendmail[4896]: AUTH=server, relay=189-111-82-80.dsl.telesp.net.br [189.111.82.80] (may be forged), authid=condorito@uca.edu.py, mech=LOGIN, bits=0
Jun  2 07:37:46 tera sendmail[5423]: t52BbhZs005236: to=<condorito@uca.edu.py>, delay=00:00:02, xdelay=00:00:00, mailer=local, pri=34623, dsn=2.0.0, stat=Sent
Jun  2 07:37:48 tera sendmail[4896]: t52Bbf7r004896: from=<condorito@uca.edu.py>, size=1740, class=0, nrcpts=1, msgid=<BB410B54F4200ECD11145DE387C4929A@kklfclf>, proto=ESMTP, daemon=TLSMTA, relay=189-111-82-80.dsl.telesp.net.br [189.111.82.80] (may be forged)
Jun  2 07:37:51 tera sendmail[5665]: t52BbmFc005388: to=<condorito@uca.edu.py>, delay=00:00:03, xdelay=00:00:00, mailer=local, pri=35567, dsn=2.0.0, stat=Sent
Jun  2 07:37:52 tera sendmail[5331]: AUTH=server, relay=ns.medisyn.ro [5.2.199.171], authid=condorito@uca.edu.py, mech=LOGIN, bits=0
Jun  2 07:37:53 tera sendmail[5337]: AUTH=server, relay=188.242.59.93.pool.sknt.ru [188.242.59.93] (may be forged), authid=condorito@uca.edu.py, mech=LOGIN, bits=0
Jun  2 07:37:55 tera sendmail[5331]: t52Bbl5r005331: from=<condorito@uca.edu.py>, size=1998, class=0, nrcpts=1, msgid=<7E84CE377BAF8172AEABE25D09A380DD@kukf>, proto=ESMTP, daemon=TLSMTA, relay=ns.medisyn.ro [5.2.199.171]
Jun  2 07:37:56 tera sendmail[5337]: t52Bblv2005337: from=<condorito@uca.edu.py>, size=1960, class=0, nrcpts=1, msgid=<AE541EE694406E9D41440DB2E629C03A@fvrthkg>, proto=ESMTP, daemon=TLSMTA, relay=188.242.59.93.pool.sknt.ru [188.242.59.93] (may be forged)
Jun  2 07:38:01 tera sendmail[6459]: t52BbuZs005893: to=<condorito@uca.edu.py>, delay=00:00:02, xdelay=00:00:00, mailer=local, pri=34975, dsn=2.0.0, stat=Sent
Jun  2 07:38:03 tera sendmail[6581]: t52BbwDC006164: to=<condorito@uca.edu.py>, delay=00:00:03, xdelay=00:00:00, mailer=local, pri=34615, dsn=2.0.0, stat=Sent
Jun  2 07:38:04 tera sendmail[6025]: AUTH=server, relay=58-7-192-180.dyn.iinet.net.au [58.7.192.180], authid=condorito@uca.edu.py, mech=LOGIN, bits=0
Jun  2 07:38:07 tera sendmail[6025]: t52BbwiF006025: from=<condorito@uca.edu.py>, size=0, class=0, nrcpts=0, proto=ESMTP, daemon=TLSMTA, relay=58-7-192-180.dyn.iinet.net.au [58.7.192.180]
Jun  2 07:38:09 tera sendmail[6520]: AUTH=server, relay=198-200-106-226.cpe.distributel.net [198.200.106.226], authid=condorito@uca.edu.py, mech=LOGIN, bits=0
Jun  2 07:38:13 tera sendmail[6614]: AUTH=server, relay=[110.77.217.128], authid=condorito@uca.edu.py, mech=LOGIN, bits=0
Jun  2 07:38:14 tera sendmail[6520]: t52Bc4M2006520: from=<condorito@uca.edu.py>, size=2003, class=0, nrcpts=1, msgid=<29D3995F71A58B78A4A1E85703702D53@luwmvxu>, proto=ESMTP, daemon=TLSMTA, relay=198-200-106-226.cpe.distributel.net [198.200.106.226]
Jun  2 07:38:18 tera sendmail[6614]: t52Bc52B006614: from=<condorito@uca.edu.py>, size=2110, class=0, nrcpts=1, msgid=<0DF7BD7DBA6E40B36F6A239CC85EAE9C@uentbg>, proto=ESMTP, daemon=TLSMTA, relay=[110.77.217.128]
Jun  2 07:38:29 tera sendmail[8659]: AUTH=server, relay=[188.126.36.40], authid=condorito@uca.edu.py, mech=LOGIN, bits=0
Jun  2 07:38:29 tera sendmail[8889]: t52BcOpp008654: to=<condorito@uca.edu.py>, delay=00:00:03, xdelay=00:00:00, mailer=local, pri=34644, dsn=2.0.0, stat=Sent
Jun  2 07:38:31 tera sendmail[8659]: t52BcONd008659: from=<condorito@uca.edu.py>, size=0, class=0, nrcpts=0, proto=ESMTP, daemon=TLSMTA, relay=[188.126.36.40]
Jun  2 07:38:35 tera sendmail[9173]: t52BcVt9009013: to=<condorito@uca.edu.py>, delay=00:00:03, xdelay=00:00:01, mailer=local, pri=35505, dsn=2.0.0, stat=Sent
Jun  2 07:38:35 tera sendmail[8905]: AUTH=server, relay=cpe-76-176-28-137.san.res.rr.com [76.176.28.137], authid=condorito@uca.edu.py, mech=LOGIN, bits=0
Jun  2 07:38:35 tera sendmail[8707]: AUTH=server, relay=wsip-98-189-219-198.oc.oc.cox.net [98.189.219.198], authid=condorito@uca.edu.py, mech=LOGIN, bits=0
Jun  2 07:38:37 tera sendmail[8692]: AUTH=server, relay=36-238-112-84.dynamic-ip.hinet.net [36.238.112.84], authid=condorito@uca.edu.py, mech=LOGIN, bits=0
Jun  2 07:38:38 tera sendmail[8905]: t52BcUL0008905: from=<condorito@uca.edu.py>, size=0, class=0, nrcpts=0, proto=ESMTP, daemon=TLSMTA, relay=cpe-76-176-28-137.san.res.rr.com [76.176.28.137]
Jun  2 07:38:39 tera sendmail[8707]: t52BcQVa008707: from=<condorito@uca.edu.py>, size=1876, class=0, nrcpts=1, msgid=<1CE6AC8064B09E6DB1B4FD4216002042@jgnxmid>, proto=ESMTP, daemon=TLSMTA, relay=wsip-98-189-219-198.oc.oc.cox.net [98.189.219.198]
Jun  2 07:38:45 tera sendmail[8692]: t52BcRwC008692: from=<condorito@uca.edu.py>, size=2059, class=0, nrcpts=1, msgid=<CC367CA233E7C93AE6E3AA1541CACBD8@xafnkr>, proto=ESMTP, daemon=TLSMTA, relay=36-238-112-84.dynamic-ip.hinet.net [36.238.112.84]
Jun  2 07:38:50 tera sendmail[9764]: t52Bchqc009415: to=<condorito@uca.edu.py>, delay=00:00:04, xdelay=00:00:00, mailer=local, pri=35327, dsn=2.0.0, stat=Sent
Jun  2 07:38:53 tera sendmail[9419]: AUTH=server, relay=host222-237-dynamic.17-79-r.retail.telecomitalia.it [79.17.237.222], authid=condorito@uca.edu.py, mech=LOGIN, bits=0
Jun  2 07:38:54 tera sendmail[9636]: AUTH=server, relay=76-14-123-17.rk.wavecable.com [76.14.123.17], authid=condorito@uca.edu.py, mech=LOGIN, bits=0
Jun  2 07:38:54 tera sendmail[9614]: AUTH=server, relay=S01065404a6d30d38.ed.shawcable.net [96.52.229.155], authid=condorito@uca.edu.py, mech=LOGIN, bits=0
Jun  2 07:38:57 tera sendmail[9636]: t52BcnHA009636: from=<condorito@uca.edu.py>, size=1839, class=0, nrcpts=1, msgid=<44BEF310B266488B57521BA5C1A052F4@jhnrkdi>, proto=ESMTP, daemon=TLSMTA, relay=76-14-123-17.rk.wavecable.com [76.14.123.17]
Jun  2 07:38:57 tera sendmail[9653]: AUTH=server, relay=88-149-240-170.v4.ngi.it [88.149.240.170], authid=condorito@uca.edu.py, mech=LOGIN, bits=0
Jun  2 07:38:57 tera sendmail[9614]: t52Bcmnd009614: from=<condorito@uca.edu.py>, size=1901, class=0, nrcpts=1, msgid=<B04A07E7F92D03C01C1950EE8A676F91@togjyk>, proto=ESMTP, daemon=TLSMTA, relay=S01065404a6d30d38.ed.shawcable.net [96.52.229.155]
Jun  2 07:38:58 tera sendmail[9419]: t52Bci1W009419: from=<condorito@uca.edu.py>, size=2126, class=0, nrcpts=1, msgid=<2BD19BA4DD0927D4080D44FBAF8BD5DB@qfvjorg>, proto=ESMTP, daemon=TLSMTA, relay=host222-237-dynamic.17-79-r.retail.telecomitalia.it [79.17.237.222]
Jun  2 07:39:01 tera sendmail[9653]: t52BcpBc009653: from=<condorito@uca.edu.py>, size=2015, class=0, nrcpts=1, msgid=<43B9F3C5C6123CCF13165FE0B4A0A61A@daxo>, proto=ESMTP, daemon=TLSMTA, relay=88-149-240-170.v4.ngi.it [88.149.240.170]
Jun  2 07:39:07 tera sendmail[10411]: t52Bd3tu010225: to=<condorito@uca.edu.py>, delay=00:00:03, xdelay=00:00:00, mailer=local, pri=35267, dsn=2.0.0, stat=Sent
Jun  2 07:39:08 tera sendmail[10080]: AUTH=server, relay=rrcs-97-79-234-30.sw.biz.rr.com [97.79.234.30], authid=condorito@uca.edu.py, mech=LOGIN, bits=0
Jun  2 07:39:11 tera sendmail[10218]: AUTH=server, relay=c-50-148-195-213.hsd1.mn.comcast.net [50.148.195.213], authid=condorito@uca.edu.py, mech=LOGIN, bits=0
Jun  2 07:39:11 tera sendmail[10080]: t52Bd1UL010080: from=<condorito@uca.edu.py>, size=0, class=0, nrcpts=0, proto=ESMTP, daemon=TLSMTA, relay=rrcs-97-79-234-30.sw.biz.rr.com [97.79.234.30]
Jun  2 07:39:12 tera sendmail[10385]: AUTH=server, relay=[104.220.38.216], authid=condorito@uca.edu.py, mech=LOGIN, bits=0
Jun  2 07:39:15 tera sendmail[10218]: t52Bd4dY010218: from=<condorito@uca.edu.py>, size=1781, class=0, nrcpts=1, msgid=<7C86CC3A28FCD221FDF8B10E5AED5583@ailob>, proto=ESMTP, daemon=TLSMTA, relay=c-50-148-195-213.hsd1.mn.comcast.net [50.148.195.213]
Jun  2 07:39:17 tera sendmail[10385]: t52Bd8WU010385: from=<condorito@uca.edu.py>, size=1928, class=0, nrcpts=1, msgid=<6A90DD1969BD93508C89C07E1A7FE6B8@srorgco>, proto=ESMTP, daemon=TLSMTA, relay=[104.220.38.216]
Jun  2 07:39:24 tera sendmail[10716]: AUTH=server, relay=host218-149-static.49-88-b.business.telecomitalia.it [88.49.149.218], authid=condorito@uca.edu.py, mech=LOGIN, bits=0
Jun  2 07:39:27 tera sendmail[10756]: AUTH=server, relay=[89.169.192.66], authid=condorito@uca.edu.py, mech=LOGIN, bits=0
Jun  2 07:39:28 tera sendmail[10834]: AUTH=server, relay=95-31-33-29.broadband.corbina.ru [95.31.33.29], authid=condorito@uca.edu.py, mech=LOGIN, bits=0
Jun  2 07:39:28 tera sendmail[10716]: t52BdIRc010716: from=<condorito@uca.edu.py>, size=1862, class=0, nrcpts=1, msgid=<10EAA76738ECC201DDD8912F4BF32E27@hwtcyno>, proto=ESMTP, daemon=TLSMTA, relay=host218-149-static.49-88-b.business.telecomitalia.it [88.49.149.218]
Jun  2 07:39:30 tera sendmail[10756]: t52BdIan010756: from=<condorito@uca.edu.py>, size=1919, class=0, nrcpts=1, msgid=<609AD0D7C31739CA16135AE5B158D336@zdtsuu>, proto=ESMTP, daemon=TLSMTA, relay=[89.169.192.66]
Jun  2 07:39:32 tera sendmail[10834]: t52BdMnq010834: from=<condorito@uca.edu.py>, size=2029, class=0, nrcpts=1, msgid=<CD377AAF67B39D5E8287CE701443ABFB@vqmca>, proto=ESMTP, daemon=TLSMTA, relay=95-31-33-29.broadband.corbina.ru [95.31.33.29]
Jun  2 07:39:42 tera sendmail[12112]: t52BddWm011879: to=<condorito@uca.edu.py>, delay=00:00:03, xdelay=00:00:01, mailer=local, pri=33524, dsn=2.0.0, stat=Sent
Jun  2 07:39:44 tera sendmail[11936]: AUTH=server, relay=24-217-231-55.dhcp.stls.mo.charter.com [24.217.231.55], authid=condorito@uca.edu.py, mech=LOGIN, bits=0
Jun  2 07:39:45 tera sendmail[11833]: AUTH=server, relay=IP242.demec.ufpr.br [200.17.228.242] (may be forged), authid=condorito@uca.edu.py, mech=LOGIN, bits=0
Jun  2 07:39:47 tera sendmail[11872]: AUTH=server, relay=118-171-190-96.dynamic.hinet.net [118.171.190.96], authid=condorito@uca.edu.py, mech=LOGIN, bits=0
Jun  2 07:39:48 tera sendmail[11833]: t52BdcYw011833: from=<condorito@uca.edu.py>, size=2002, class=0, nrcpts=1, msgid=<10EAA7867DA98744989DD46A0E8D36D5@ftsze>, proto=ESMTP, daemon=TLSMTA, relay=IP242.demec.ufpr.br [200.17.228.242] (may be forged)
Jun  2 07:39:48 tera sendmail[11936]: t52BddT3011936: from=<condorito@uca.edu.py>, size=2224, class=0, nrcpts=1, msgid=<D22862092EFAD427FBFEB7085CABE30F@nxllx>, proto=ESMTP, daemon=TLSMTA, relay=24-217-231-55.dhcp.stls.mo.charter.com [24.217.231.55]
Jun  2 07:39:49 tera sendmail[11960]: AUTH=server, relay=[110.232.82.54], authid=condorito@uca.edu.py, mech=LOGIN, bits=0
Jun  2 07:39:54 tera sendmail[11872]: t52Bddx7011872: from=<condorito@uca.edu.py>, size=2063, class=0, nrcpts=1, msgid=<A55F157CBF6B45B66A6F2699CDCD12B3@yckvis>, proto=ESMTP, daemon=TLSMTA, relay=118-171-190-96.dynamic.hinet.net [118.171.190.96]
Jun  2 07:39:55 tera sendmail[11960]: t52BdeN9011960: from=<condorito@uca.edu.py>, size=1763, class=0, nrcpts=1, msgid=<1EE4A98A7CA88645999CD56B0F77F9E9@gwxo>, proto=ESMTP, daemon=TLSMTA, relay=[110.232.82.54]
Jun  2 07:40:02 tera sendmail[12786]: AUTH=server, relay=[176.99.120.47], authid=condorito@uca.edu.py, mech=LOGIN, bits=0
Jun  2 07:40:04 tera sendmail[12786]: t52BdwqG012786: from=<condorito@uca.edu.py>, size=0, class=0, nrcpts=0, proto=ESMTP, daemon=TLSMTA, relay=[176.99.120.47]
Jun  2 07:40:05 tera sendmail[12771]: AUTH=server, relay=95-25-152-87.broadband.corbina.ru [95.25.152.87], authid=condorito@uca.edu.py, mech=LOGIN, bits=0
Jun  2 07:40:05 tera sendmail[12767]: AUTH=server, relay=c-73-151-29-90.hsd1.ca.comcast.net [73.151.29.90], authid=condorito@uca.edu.py, mech=LOGIN, bits=0
Jun  2 07:40:08 tera sendmail[12767]: t52Bdvrn012767: from=<condorito@uca.edu.py>, size=2320, class=0, nrcpts=1, msgid=<9C662C5DE23618EB37327BC490C21CD0@buvmvp>, proto=ESMTP, daemon=TLSMTA, relay=c-73-151-29-90.hsd1.ca.comcast.net [73.151.29.90]
Jun  2 07:40:08 tera sendmail[12771]: t52BdwA4012771: from=<condorito@uca.edu.py>, size=1922, class=0, nrcpts=1, msgid=<FC064B402EFAD417CBCE87395DCE2CC3@almp>, proto=ESMTP, daemon=TLSMTA, relay=95-25-152-87.broadband.corbina.ru [95.25.152.87]
Jun  2 07:40:09 tera sendmail[13041]: AUTH=server, relay=static-108-12-139-93.nycmny.east.verizon.net [108.12.139.93], authid=condorito@uca.edu.py, mech=LOGIN, bits=0
Jun  2 07:40:13 tera sendmail[13041]: t52Be63l013041: from=<condorito@uca.edu.py>, size=1894, class=0, nrcpts=1, msgid=<E3195455C4103EFD21246DD3B7050B1D@htqdng>, proto=ESMTP, daemon=TLSMTA, relay=static-108-12-139-93.nycmny.east.verizon.net [108.12.139.93]
Jun  2 07:40:14 tera sendmail[13179]: AUTH=server, relay=014198095113.ctinets.com [14.198.95.113], authid=condorito@uca.edu.py, mech=LOGIN, bits=0
Jun  2 07:40:17 tera sendmail[13179]: t52Be8Dw013179: from=<condorito@uca.edu.py>, size=2011, class=0, nrcpts=1, msgid=<7288C28694406E9D41440DB2E677A1EC@rwbpw>, proto=ESMTP, daemon=TLSMTA, relay=014198095113.ctinets.com [14.198.95.113]
Jun  2 07:40:25 tera sendmail[14111]: t52BeK5K013692: to=<condorito@uca.edu.py>, delay=00:00:03, xdelay=00:00:01, mailer=local, pri=34600, dsn=2.0.0, stat=Sent
Jun  2 07:40:30 tera sendmail[13707]: AUTH=server, relay=93-76-248-67.dynamic-FTTB.kharkov.volia.com [93.76.248.67] (may be forged), authid=condorito@uca.edu.py, mech=LOGIN, bits=0
Jun  2 07:40:30 tera sendmail[13753]: AUTH=server, relay=static.cmcti.vn [101.99.35.28] (may be forged), authid=condorito@uca.edu.py, mech=LOGIN, bits=0
Jun  2 07:40:33 tera sendmail[13707]: t52BeNnh013707: from=<condorito@uca.edu.py>, size=2015, class=0, nrcpts=1, msgid=<CF357866B6624C8F53561FA1C5ABDD75@rzrsk>, proto=ESMTP, daemon=TLSMTA, relay=93-76-248-67.dynamic-FTTB.kharkov.volia.com [93.76.248.67] (may be forged)
Jun  2 07:40:34 tera sendmail[13753]: t52BeOpC013753: from=<condorito@uca.edu.py>, size=0, class=0, nrcpts=0, proto=ESMTP, daemon=TLSMTA, relay=static.cmcti.vn [101.99.35.28] (may be forged)
Jun  2 07:40:36 tera sendmail[13962]: AUTH=server, relay=n119236149187.netvigator.com [119.236.149.187], authid=condorito@uca.edu.py, mech=LOGIN, bits=0
Jun  2 07:40:40 tera sendmail[14110]: AUTH=server, relay=v-74455-unlim.vpn.mgn.ru [46.167.104.16], authid=condorito@uca.edu.py, mech=LOGIN, bits=0
Jun  2 07:40:40 tera sendmail[13962]: t52BeP8M013962: from=<condorito@uca.edu.py>, size=1977, class=0, nrcpts=1, msgid=<1CE6ACF8B36749BA66632A95C1C9FE42@semgfm>, proto=ESMTP, daemon=TLSMTA, relay=n119236149187.netvigator.com [119.236.149.187]
Jun  2 07:40:43 tera sendmail[14110]: t52BeQlE014110: from=<condorito@uca.edu.py>, size=1982, class=0, nrcpts=1, msgid=<82783268BE6A44B76B6E2798CC3C6913@mpjiidx>, proto=ESMTP, daemon=TLSMTA, relay=v-74455-unlim.vpn.mgn.ru [46.167.104.16]
Jun  2 07:40:46 tera sendmail[16452]: t52BefGi015334: to=<condorito@uca.edu.py>, delay=00:00:04, xdelay=00:00:00, mailer=local, pri=35130, dsn=2.0.0, stat=Sent
Jun  2 07:40:47 tera sendmail[14934]: AUTH=server, relay=[175.136.245.13], authid=condorito@uca.edu.py, mech=LOGIN, bits=0
Jun  2 07:40:50 tera sendmail[14934]: t52BeesI014934: from=<condorito@uca.edu.py>, size=1915, class=0, nrcpts=1, msgid=<20DA97E5D20628EB37327BC5A162A578@zcxd>, proto=ESMTP, daemon=TLSMTA, relay=[175.136.245.13]
Jun  2 07:40:55 tera sendmail[16550]: AUTH=server, relay=c-98-229-206-159.hsd1.vt.comcast.net [98.229.206.159], authid=condorito@uca.edu.py, mech=LOGIN, bits=0
Jun  2 07:40:56 tera sendmail[16866]: t52Beo6X016567: to=<condorito@uca.edu.py>, delay=00:00:04, xdelay=00:00:00, mailer=local, pri=34485, dsn=2.0.0, stat=Sent
Jun  2 07:40:57 tera sendmail[16431]: AUTH=server, relay=[176.124.114.198], authid=condorito@uca.edu.py, mech=LOGIN, bits=0
Jun  2 07:40:57 tera sendmail[16550]: t52Beots016550: from=<condorito@uca.edu.py>, size=1806, class=0, nrcpts=1, msgid=<9C662B6CD4002EED31347DC3A74DEEF7@islsiix>, proto=ESMTP, daemon=TLSMTA, relay=c-98-229-206-159.hsd1.vt.comcast.net [98.229.206.159]
Jun  2 07:40:58 tera sendmail[17000]: t52BerSk016642: to=<condorito@uca.edu.py>, delay=00:00:03, xdelay=00:00:01, mailer=local, pri=34448, dsn=2.0.0, stat=Sent
Jun  2 07:41:00 tera sendmail[16624]: AUTH=server, relay=[128.0.170.48], authid=condorito@uca.edu.py, mech=LOGIN, bits=0
Jun  2 07:41:01 tera sendmail[16624]: t52Ber53016624: from=<condorito@uca.edu.py>, size=0, class=0, nrcpts=0, proto=ESMTP, daemon=TLSMTA, relay=[128.0.170.48]
Jun  2 07:41:02 tera sendmail[16431]: t52BelQE016431: from=<condorito@uca.edu.py>, size=2033, class=0, nrcpts=1, msgid=<C43E73CC78AC8271ADA8E15E0ADC3DA9@hjki>, proto=ESMTP, daemon=TLSMTA, relay=[176.124.114.198]
Jun  2 07:41:10 tera sendmail[17120]: AUTH=server, relay=[5.19.190.117], authid=condorito@uca.edu.py, mech=LOGIN, bits=0
Jun  2 07:41:13 tera sendmail[17120]: t52Bf1Ct017120: from=<condorito@uca.edu.py>, size=2039, class=0, nrcpts=1, msgid=<D32964E9E83C12E13D3871CE9A449B8B@ueatk>, proto=ESMTP, daemon=TLSMTA, relay=[5.19.190.117]
Jun  2 07:41:13 tera sendmail[17354]: AUTH=server, relay=78-134-4-249.v4.ngi.it [78.134.4.249], authid=condorito@uca.edu.py, mech=LOGIN, bits=0
Jun  2 07:41:14 tera sendmail[17650]: t52Bf9OD017362: to=<condorito@uca.edu.py>, delay=00:00:03, xdelay=00:00:00, mailer=local, pri=36262, dsn=2.0.0, stat=Sent
Jun  2 07:41:14 tera sendmail[17694]: t52BfBW3017439: to=<condorito@uca.edu.py>, delay=00:00:02, xdelay=00:00:00, mailer=local, pri=34004, dsn=2.0.0, stat=Sent
Jun  2 07:41:17 tera sendmail[17354]: t52Bf8cE017354: from=<condorito@uca.edu.py>, size=1902, class=0, nrcpts=1, msgid=<D02A66CB22F6D81BC7C28B35517FE154@viudn>, proto=ESMTP, daemon=TLSMTA, relay=78-134-4-249.v4.ngi.it [78.134.4.249]
Jun  2 07:41:22 tera sendmail[17699]: AUTH=server, relay=ip-95-221-226-84.bb.netbynet.ru [95.221.226.84], authid=condorito@uca.edu.py, mech=LOGIN, bits=0
Jun  2 07:41:26 tera sendmail[18175]: t52BfLbC017853: to=<condorito@uca.edu.py>, delay=00:00:03, xdelay=00:00:00, mailer=local, pri=34533, dsn=2.0.0, stat=Sent
Jun  2 07:41:26 tera sendmail[17699]: t52BfFre017699: from=<condorito@uca.edu.py>, size=2153, class=0, nrcpts=1, msgid=<0BF1BC3C09DDF300DCD9902F7B2A5D21@vbwhmvy>, proto=ESMTP, daemon=TLSMTA, relay=ip-95-221-226-84.bb.netbynet.ru [95.221.226.84]
Jun  2 07:41:27 tera sendmail[17878]: AUTH=server, relay=0897864514.static.corbina.ru [89.179.242.0], authid=condorito@uca.edu.py, mech=LOGIN, bits=0
Jun  2 07:41:30 tera sendmail[17878]: t52BfLKF017878: from=<condorito@uca.edu.py>, size=0, class=0, nrcpts=0, proto=ESMTP, daemon=TLSMTA, relay=0897864514.static.corbina.ru [89.179.242.0]
Jun  2 07:41:32 tera sendmail[18110]: AUTH=server, relay=c-98-236-187-249.hsd1.pa.comcast.net [98.236.187.249], authid=condorito@uca.edu.py, mech=LOGIN, bits=0
Jun  2 07:41:34 tera sendmail[17933]: AUTH=server, relay=unknown.maxonline.com.sg [116.88.119.29] (may be forged), authid=condorito@uca.edu.py, mech=LOGIN, bits=0
Jun  2 07:41:36 tera sendmail[18110]: t52BfQTp018110: from=<condorito@uca.edu.py>, size=2075, class=0, nrcpts=1, msgid=<03F9B4201CC8E615C9CC853A6EE8A379@ojfr>, proto=ESMTP, daemon=TLSMTA, relay=c-98-236-187-249.hsd1.pa.comcast.net [98.236.187.249]
Jun  2 07:41:38 tera sendmail[18374]: AUTH=server, relay=bzq-84-108-90-242.cablep.bezeqint.net [84.108.90.242], authid=condorito@uca.edu.py, mech=LOGIN, bits=0
Jun  2 07:41:41 tera sendmail[17933]: t52BfPI8017933: from=<condorito@uca.edu.py>, size=1864, class=0, nrcpts=1, msgid=<D9236FD6FB2F01C21E1B52EC884C35BB@hjrj>, proto=ESMTP, daemon=TLSMTA, relay=unknown.maxonline.com.sg [116.88.119.29] (may be forged)
Jun  2 07:41:43 tera sendmail[18374]: t52BfX4N018374: from=<condorito@uca.edu.py>, size=1792, class=0, nrcpts=1, msgid=<619BD77E09DDF330ECE9A01E7A048B95@dqoz>, proto=ESMTP, daemon=TLSMTA, relay=bzq-84-108-90-242.cablep.bezeqint.net [84.108.90.242]
Jun  2 07:41:43 tera sendmail[18502]: AUTH=server, relay=cpe-23-240-146-38.socal.res.rr.com [23.240.146.38], authid=condorito@uca.edu.py, mech=LOGIN, bits=0
Jun  2 07:41:49 tera sendmail[18502]: t52BfbqT018502: from=<condorito@uca.edu.py>, size=1964, class=0, nrcpts=1, msgid=<02F8B55B08DCF201DDD8912E7AEB98AB@ouyaopz>, proto=ESMTP, daemon=TLSMTA, relay=cpe-23-240-146-38.socal.res.rr.com [23.240.146.38]
Jun  2 07:41:52 tera sendmail[19168]: t52BflfG018880: to=<condorito@uca.edu.py>, delay=00:00:03, xdelay=00:00:00, mailer=local, pri=35226, dsn=2.0.0, stat=Sent
Jun  2 07:41:55 tera sendmail[18768]: AUTH=server, relay=CPE-58-166-19-215.lnse2.win.bigpond.net.au [58.166.19.215], authid=condorito@uca.edu.py, mech=LOGIN, bits=0
Jun  2 07:42:00 tera sendmail[18950]: AUTH=server, relay=197.254.46.114.acesskenya.net [197.254.46.114] (may be forged), authid=condorito@uca.edu.py, mech=LOGIN, bits=0
Jun  2 07:42:00 tera sendmail[18768]: t52BfihJ018768: from=<condorito@uca.edu.py>, size=1980, class=0, nrcpts=1, msgid=<6298D45FAF7B55964A4F06B8DCC164B6@hxdb>, proto=ESMTP, daemon=TLSMTA, relay=CPE-58-166-19-215.lnse2.win.bigpond.net.au [58.166.19.215]
Jun  2 07:42:01 tera sendmail[19402]: AUTH=server, relay=ool-18be64ec.dyn.optonline.net [24.190.100.236], authid=condorito@uca.edu.py, mech=LOGIN, bits=0
Jun  2 07:42:04 tera sendmail[19530]: AUTH=server, relay=80.143.104.27.unknown.m1.com.sg [27.104.143.80] (may be forged), authid=condorito@uca.edu.py, mech=LOGIN, bits=0
Jun  2 07:42:06 tera sendmail[19402]: t52Bfrvi019402: from=<condorito@uca.edu.py>, size=1967, class=0, nrcpts=1, msgid=<4BB1FC030CD8F605D9DC952A7E2640F1@tuuyni>, proto=ESMTP, daemon=TLSMTA, relay=ool-18be64ec.dyn.optonline.net [24.190.100.236]
Jun  2 07:42:07 tera sendmail[18950]: t52BfoEv018950: from=<condorito@uca.edu.py>, size=1879, class=0, nrcpts=1, msgid=<AF55199905D1FF3CE0E5AC127626C019@smxhimm>, proto=ESMTP, daemon=TLSMTA, relay=197.254.46.114.acesskenya.net [197.254.46.114] (may be forged)
Jun  2 07:42:12 tera sendmail[19530]: t52Bft8F019530: from=<condorito@uca.edu.py>, size=1856, class=0, nrcpts=1, msgid=<C43E738C27F3DD2EF2F7BE015531168F@hwpnksq>, proto=ESMTP, daemon=TLSMTA, relay=80.143.104.27.unknown.m1.com.sg [27.104.143.80] (may be forged)
Jun  2 07:42:13 tera sendmail[20524]: t52Bg979020329: to=<condorito@uca.edu.py>, delay=00:00:02, xdelay=00:00:00, mailer=local, pri=35988, dsn=2.0.0, stat=Sent
Jun  2 07:42:14 tera sendmail[20334]: AUTH=server, relay=h-168-236.a259.priv.bahnhof.se [81.170.168.236], authid=condorito@uca.edu.py, mech=LOGIN, bits=0
Jun  2 07:42:16 tera sendmail[20331]: AUTH=server, relay=86-42-136-44-dynamic.b-ras1.bbh.dublin.eircom.net [86.42.136.44], authid=condorito@uca.edu.py, mech=LOGIN, bits=0
Jun  2 07:42:16 tera sendmail[20334]: t52BgCLA020334: from=<condorito@uca.edu.py>, size=0, class=0, nrcpts=0, proto=ESMTP, daemon=TLSMTA, relay=h-168-236.a259.priv.bahnhof.se [81.170.168.236]
Jun  2 07:42:20 tera sendmail[20331]: t52BgBYT020331: from=<condorito@uca.edu.py>, size=1948, class=0, nrcpts=1, msgid=<7E84C83428FCD211CDC8813F5BA00DCF@lazzyzm>, proto=ESMTP, daemon=TLSMTA, relay=86-42-136-44-dynamic.b-ras1.bbh.dublin.eircom.net [86.42.136.44]
Jun  2 07:42:23 tera sendmail[20541]: AUTH=server, relay=cpe-172-254-56-127.nyc.res.rr.com [172.254.56.127], authid=condorito@uca.edu.py, mech=LOGIN, bits=0
Jun  2 07:42:27 tera sendmail[20541]: t52BgFjN020541: from=<condorito@uca.edu.py>, size=2020, class=0, nrcpts=1, msgid=<A35914D0E1351BE8343178C79302119B@iruo>, proto=ESMTP, daemon=TLSMTA, relay=cpe-172-254-56-127.nyc.res.rr.com [172.254.56.127]
Jun  2 07:42:28 tera sendmail[20779]: AUTH=server, relay=5.34.132.194.dinamic.user.wimaxonline.es [5.34.132.194] (may be forged), authid=condorito@uca.edu.py, mech=LOGIN, bits=0
Jun  2 07:42:31 tera sendmail[20779]: t52BgLwf020779: from=<condorito@uca.edu.py>, size=2054, class=0, nrcpts=1, msgid=<9F6529DAF6220CCF13165FE1857B165F@mtgtom>, proto=ESMTP, daemon=TLSMTA, relay=5.34.132.194.dinamic.user.wimaxonline.es [5.34.132.194] (may be forged)
Jun  2 07:42:32 tera sendmail[21313]: t52BgTZr021112: to=<condorito@uca.edu.py>, delay=00:00:03, xdelay=00:00:00, mailer=local, pri=34838, dsn=2.0.0, stat=Sent
Jun  2 07:42:33 tera sendmail[21025]: AUTH=server, relay=8-206-88-64-available.sc2000.net [64.88.206.8] (may be forged), authid=condorito@uca.edu.py, mech=LOGIN, bits=0
Jun  2 07:42:36 tera sendmail[21187]: AUTH=server, relay=[95.106.231.55], authid=condorito@uca.edu.py, mech=LOGIN, bits=0
Jun  2 07:42:38 tera sendmail[21254]: AUTH=server, relay=[91.196.230.62], authid=condorito@uca.edu.py, mech=LOGIN, bits=0
Jun  2 07:42:38 tera sendmail[21025]: t52BgSOt021025: from=<condorito@uca.edu.py>, size=1996, class=0, nrcpts=1, msgid=<50AAE7218B5F71825E5B12ADF910B7EE@olylxxh>, proto=ESMTP, daemon=TLSMTA, relay=8-206-88-64-available.sc2000.net [64.88.206.8] (may be forged)
Jun  2 07:42:39 tera sendmail[21254]: t52BgXh3021254: from=<condorito@uca.edu.py>, size=0, class=0, nrcpts=0, proto=ESMTP, daemon=TLSMTA, relay=[91.196.230.62]
Jun  2 07:42:40 tera sendmail[21187]: t52BgVxL021187: from=<condorito@uca.edu.py>, size=1887, class=0, nrcpts=1, msgid=<01FBB66317C3ED1EC2C78E3165C33C42@bafujym>, proto=ESMTP, daemon=TLSMTA, relay=[95.106.231.55]
Jun  2 07:42:51 tera sendmail[22138]: t52Bgj3m021859: to=<condorito@uca.edu.py>, delay=00:00:04, xdelay=00:00:01, mailer=local, pri=34602, dsn=2.0.0, stat=Sent
Jun  2 07:42:52 tera sendmail[21704]: AUTH=server, relay=[212.248.87.118], authid=condorito@uca.edu.py, mech=LOGIN, bits=0
Jun  2 07:42:53 tera sendmail[21889]: AUTH=server, relay=190-36-107-95.dyn.dsl.cantv.net [190.36.107.95] (may be forged), authid=condorito@uca.edu.py, mech=LOGIN, bits=0
Jun  2 07:42:55 tera sendmail[21889]: t52BglTu021889: from=<condorito@uca.edu.py>, size=0, class=0, nrcpts=0, proto=ESMTP, daemon=TLSMTA, relay=190-36-107-95.dyn.dsl.cantv.net [190.36.107.95] (may be forged)
Jun  2 07:42:56 tera sendmail[21704]: t52Bgjna021704: from=<condorito@uca.edu.py>, size=1850, class=0, nrcpts=1, msgid=<CA307CB9B6624C8F53561FA1C5704C81@gniixu>, proto=ESMTP, daemon=TLSMTA, relay=[212.248.87.118]
Jun  2 07:42:56 tera sendmail[22013]: AUTH=server, relay=ip-176-193-232-21.bb.netbynet.ru [176.193.232.21] (may be forged), authid=condorito@uca.edu.py, mech=LOGIN, bits=0
Jun  2 07:43:02 tera sendmail[22013]: t52BgpWt022013: from=<condorito@uca.edu.py>, size=1896, class=0, nrcpts=1, msgid=<659FD2FB5A8EA0538F8AC37C289B3664@ysger>, proto=ESMTP, daemon=TLSMTA, relay=ip-176-193-232-21.bb.netbynet.ru [176.193.232.21] (may be forged)
Jun  2 07:43:02 tera sendmail[22314]: AUTH=server, relay=host-147-196.inlacsl.clients.pavlovmedia.com [68.234.147.196], authid=condorito@uca.edu.py, mech=LOGIN, bits=0
Jun  2 07:43:04 tera sendmail[22314]: t52Bgwgb022314: from=<condorito@uca.edu.py>, size=1697, class=0, nrcpts=1, msgid=<8A703C004C98B675A9ACE55B3F941F14@wqqffhi>, proto=ESMTP, daemon=TLSMTA, relay=host-147-196.inlacsl.clients.pavlovmedia.com [68.234.147.196]
Jun  2 07:43:06 tera sendmail[22412]: AUTH=server, relay=[151.8.133.141], authid=condorito@uca.edu.py, mech=LOGIN, bits=0
Jun  2 07:43:08 tera sendmail[22412]: t52Bh1Nr022412: from=<condorito@uca.edu.py>, size=0, class=0, nrcpts=0, proto=ESMTP, daemon=TLSMTA, relay=[151.8.133.141]
Jun  2 07:43:11 tera sendmail[22640]: AUTH=server, relay=dhclient-212-35-22-59.flashcable.ch [212.35.22.59], authid=condorito@uca.edu.py, mech=LOGIN, bits=0
Jun  2 07:43:14 tera sendmail[22598]: AUTH=server, relay=109-167-132-108.westcall.net [109.167.132.108] (may be forged), authid=condorito@uca.edu.py, mech=LOGIN, bits=0
Jun  2 07:43:14 tera sendmail[22952]: AUTH=server, relay=Dynamic-IP-1815403870.cable.net.co [181.54.38.70] (may be forged), authid=condorito@uca.edu.py, mech=LOGIN, bits=0
Jun  2 07:43:14 tera sendmail[22640]: t52Bh5qi022640: from=<condorito@uca.edu.py>, size=2146, class=0, nrcpts=1, msgid=<D12B665706D2FC0FD3D69F20741191D9@zhuu>, proto=ESMTP, daemon=TLSMTA, relay=dhclient-212-35-22-59.flashcable.ch [212.35.22.59]
Jun  2 07:43:17 tera sendmail[22598]: t52Bh4av022598: from=<condorito@uca.edu.py>, size=1966, class=0, nrcpts=1, msgid=<C43E7359D20628DB07024BF4A08FA9B6@zkwqklk>, proto=ESMTP, daemon=TLSMTA, relay=109-167-132-108.westcall.net [109.167.132.108] (may be forged)
Jun  2 07:43:18 tera sendmail[22952]: t52Bh99o022952: from=<condorito@uca.edu.py>, size=1807, class=0, nrcpts=1, msgid=<E01A5664AC785695494C05BBDF912138@eiceyki>, proto=ESMTP, daemon=TLSMTA, relay=Dynamic-IP-1815403870.cable.net.co [181.54.38.70] (may be forged)
Jun  2 07:43:19 tera sendmail[23439]: AUTH=server, relay=[113.255.111.20], authid=condorito@uca.edu.py, mech=LOGIN, bits=0
Jun  2 07:43:24 tera sendmail[23439]: t52BhBrm023439: from=<condorito@uca.edu.py>, size=1742, class=0, nrcpts=1, msgid=<D62C606F835779BA66632A94F058E816@lhjgov>, proto=ESMTP, daemon=TLSMTA, relay=[113.255.111.20]
Jun  2 07:43:27 tera sendmail[24676]: AUTH=server, relay=99-117-198-137.uvs.miamfl.sbcglobal.net [99.117.198.137], authid=condorito@uca.edu.py, mech=LOGIN, bits=0
Jun  2 07:43:32 tera sendmail[24676]: t52BhLUn024676: from=<condorito@uca.edu.py>, size=1811, class=0, nrcpts=1, msgid=<6399D4D1D7032DDE02074EF1A56ED35D@iqlt>, proto=ESMTP, daemon=TLSMTA, relay=99-117-198-137.uvs.miamfl.sbcglobal.net [99.117.198.137]
Jun  2 07:43:34 tera sendmail[24900]: AUTH=server, relay=[87.255.242.175], authid=condorito@uca.edu.py, mech=LOGIN, bits=0
Jun  2 07:43:37 tera sendmail[24900]: t52BhQXD024900: from=<condorito@uca.edu.py>, size=1756, class=0, nrcpts=1, msgid=<20DA968D3BEFC102DEDB922C4874FD62@fsthy>, proto=ESMTP, daemon=TLSMTA, relay=[87.255.242.175]
Jun  2 07:43:38 tera sendmail[25415]: t52BhWXt025120: to=<condorito@uca.edu.py>, delay=00:00:04, xdelay=00:00:02, mailer=local, pri=34606, dsn=2.0.0, stat=Sent
Jun  2 07:43:48 tera sendmail[25526]: AUTH=server, relay=cnq20-236.cablevision.qc.ca [24.212.20.236], authid=condorito@uca.edu.py, mech=LOGIN, bits=0
Jun  2 07:43:50 tera sendmail[25526]: t52Bhghj025526: from=<condorito@uca.edu.py>, size=0, class=0, nrcpts=0, proto=ESMTP, daemon=TLSMTA, relay=cnq20-236.cablevision.qc.ca [24.212.20.236]
Jun  2 07:43:51 tera sendmail[25687]: AUTH=server, relay=host213-231-dynamic.5-87-r.retail.telecomitalia.it [87.5.231.213], authid=condorito@uca.edu.py, mech=LOGIN, bits=0
Jun  2 07:43:52 tera sendmail[25658]: AUTH=server, relay=24-183-172-237.dhcp.oxfr.ma.charter.com [24.183.172.237] (may be forged), authid=condorito@uca.edu.py, mech=LOGIN, bits=0
Jun  2 07:43:54 tera sendmail[26160]: t52BhjS6025702: to=<condorito@uca.edu.py>, delay=00:00:05, xdelay=00:00:01, mailer=local, pri=34203, dsn=2.0.0, stat=Sent
Jun  2 07:43:55 tera sendmail[25658]: t52BhgdB025658: from=<condorito@uca.edu.py>, size=2074, class=0, nrcpts=1, msgid=<48B2FFED31E5CB38E4E1A8174393AFBE@kcugzc>, proto=ESMTP, daemon=TLSMTA, relay=24-183-172-237.dhcp.oxfr.ma.charter.com [24.183.172.237] (may be forged)
Jun  2 07:43:57 tera sendmail[25687]: t52Bhhfp025687: from=<condorito@uca.edu.py>, size=1891, class=0, nrcpts=1, msgid=<1AE0ADBE12C6E81BC7C28B3460C51B66@haox>, proto=ESMTP, daemon=TLSMTA, relay=host213-231-dynamic.5-87-r.retail.telecomitalia.it [87.5.231.213]
Jun  2 07:44:00 tera sendmail[26655]: t52Bhs58026121: to=<condorito@uca.edu.py>, delay=00:00:04, xdelay=00:00:00, mailer=local, pri=34303, dsn=2.0.0, stat=Sent
Jun  2 07:44:02 tera sendmail[26244]: t52BhnsY026002: to=<condorito@uca.edu.py>, delay=00:00:10, xdelay=00:00:08, mailer=local, pri=35638, dsn=2.0.0, stat=Sent
Jun  2 07:44:04 tera sendmail[26335]: AUTH=server, relay=host-70-186-129-32.vyvebroadband.net [70.186.129.32], authid=condorito@uca.edu.py, mech=LOGIN, bits=0
Jun  2 07:44:05 tera sendmail[26542]: AUTH=server, relay=71-83-165-28.dhcp.lnbh.ca.charter.com [71.83.165.28], authid=condorito@uca.edu.py, mech=LOGIN, bits=0
Jun  2 07:44:06 tera sendmail[26508]: AUTH=server, relay=24-158-204-108.dhcp.kgpt.tn.charter.com [24.158.204.108], authid=condorito@uca.edu.py, mech=LOGIN, bits=0
Jun  2 07:44:06 tera sendmail[26696]: AUTH=server, relay=[95.139.83.64], authid=condorito@uca.edu.py, mech=LOGIN, bits=0
Jun  2 07:44:07 tera sendmail[26542]: t52BhxFq026542: from=<condorito@uca.edu.py>, size=0, class=0, nrcpts=0, proto=ESMTP, daemon=TLSMTA, relay=71-83-165-28.dhcp.lnbh.ca.charter.com [71.83.165.28]
Jun  2 07:44:07 tera sendmail[26335]: t52Bhwn0026335: from=<condorito@uca.edu.py>, size=2006, class=0, nrcpts=1, msgid=<E51F532587537DBE62672E90F443676F@mvjyji>, proto=ESMTP, daemon=TLSMTA, relay=host-70-186-129-32.vyvebroadband.net [70.186.129.32]
Jun  2 07:44:11 tera sendmail[26508]: t52BhwdA026508: from=<condorito@uca.edu.py>, size=2153, class=0, nrcpts=1, msgid=<22D895F612C6E81BC7C28B34601D6F0D@obsnbd>, proto=ESMTP, daemon=TLSMTA, relay=24-158-204-108.dhcp.kgpt.tn.charter.com [24.158.204.108]
Jun  2 07:44:12 tera sendmail[26696]: t52Bi0g9026696: from=<condorito@uca.edu.py>, size=2116, class=0, nrcpts=1, msgid=<6B91DCA133E7C93AE6E3AA154180F4F8@jpitiin>, proto=ESMTP, daemon=TLSMTA, relay=[95.139.83.64]
Jun  2 07:44:15 tera sendmail[27112]: AUTH=server, relay=[190.144.16.138], authid=condorito@uca.edu.py, mech=LOGIN, bits=0
Jun  2 07:44:21 tera sendmail[27112]: t52Bi9vv027112: from=<condorito@uca.edu.py>, size=1711, class=0, nrcpts=1, msgid=<9C662A6A34E0CE0DD1D49D234771E7C7@eflxe>, proto=ESMTP, daemon=TLSMTA, relay=[190.144.16.138]
Jun  2 07:44:24 tera sendmail[27325]: AUTH=server, relay=c-53b270d5.020-32-73746f37.cust.bredbandsbolaget.se [213.112.178.83], authid=condorito@uca.edu.py, mech=LOGIN, bits=0
Jun  2 07:44:27 tera sendmail[27325]: t52BiGYm027325: from=<condorito@uca.edu.py>, size=2127, class=0, nrcpts=1, msgid=<D52F622E4793BD4E9297DE6135BA46FF@xpbd>, proto=ESMTP, daemon=TLSMTA, relay=c-53b270d5.020-32-73746f37.cust.bredbandsbolaget.se [213.112.178.83]
Jun  2 07:44:33 tera sendmail[28424]: AUTH=server, relay=cpc8-enfi15-2-0-cust76.hari.cable.virginm.net [77.101.174.77], authid=condorito@uca.edu.py, mech=LOGIN, bits=0
Jun  2 07:44:37 tera sendmail[30011]: t52BiZQD029642: to=<condorito@uca.edu.py>, delay=00:00:02, xdelay=00:00:00, mailer=local, pri=34404, dsn=2.0.0, stat=Sent
Jun  2 07:44:37 tera sendmail[29954]: t52BiXIl029544: to=<condorito@uca.edu.py>, delay=00:00:03, xdelay=00:00:01, mailer=local, pri=35242, dsn=2.0.0, stat=Sent
Jun  2 07:44:38 tera sendmail[28424]: t52BiQMn028424: from=<condorito@uca.edu.py>, size=2251, class=0, nrcpts=1, msgid=<89733E78D90D23D00C0940FFABC34D89@wziv>, proto=ESMTP, daemon=TLSMTA, relay=cpc8-enfi15-2-0-cust76.hari.cable.virginm.net [77.101.174.77]
Jun  2 07:44:40 tera sendmail[29649]: AUTH=server, relay=a199-96-92-88.netago.ca [199.96.92.88] (may be forged), authid=condorito@uca.edu.py, mech=LOGIN, bits=0
Jun  2 07:44:43 tera sendmail[29649]: t52BiYQ5029649: from=<condorito@uca.edu.py>, size=1973, class=0, nrcpts=1, msgid=<BB410D5472A6884B9792DB6501590FAE@wwqrhzb>, proto=ESMTP, daemon=TLSMTA, relay=a199-96-92-88.netago.ca [199.96.92.88] (may be forged)
Jun  2 07:44:45 tera sendmail[30042]: AUTH=server, relay=190-207-62-24.dyn.dsl.cantv.net [190.207.62.24] (may be forged), authid=condorito@uca.edu.py, mech=LOGIN, bits=0
Jun  2 07:44:48 tera sendmail[30042]: t52BidLb030042: from=<condorito@uca.edu.py>, size=1926, class=0, nrcpts=1, msgid=<31CB843E62B6985B8782CB75115421C5@yqgqgw>, proto=ESMTP, daemon=TLSMTA, relay=190-207-62-24.dyn.dsl.cantv.net [190.207.62.24] (may be forged)
Jun  2 07:44:50 tera sendmail[30161]: AUTH=server, relay=S010608606eeac5c8.no.shawcable.net [70.66.73.79], authid=condorito@uca.edu.py, mech=LOGIN, bits=0
Jun  2 07:44:51 tera sendmail[30587]: t52BimgU030390: to=<condorito@uca.edu.py>, delay=00:00:02, xdelay=00:00:01, mailer=local, pri=33246, dsn=2.0.0, stat=Sent
Jun  2 07:44:55 tera sendmail[30161]: t52Bihvs030161: from=<condorito@uca.edu.py>, size=2189, class=0, nrcpts=1, msgid=<2AD09DCB5387A95A8683CA75219EFB2A@bzzyln>, proto=ESMTP, daemon=TLSMTA, relay=S010608606eeac5c8.no.shawcable.net [70.66.73.79]
Jun  2 07:44:56 tera sendmail[30516]: AUTH=server, relay=[78.90.5.68], authid=condorito@uca.edu.py, mech=LOGIN, bits=0
Jun  2 07:44:57 tera sendmail[30890]: t52BitWT030685: to=<condorito@uca.edu.py>, delay=00:00:02, xdelay=00:00:00, mailer=local, pri=36284, dsn=2.0.0, stat=Sent
Jun  2 07:44:57 tera sendmail[30655]: AUTH=server, relay=c-24-0-0-81.hsd1.nj.comcast.net [24.0.0.81], authid=condorito@uca.edu.py, mech=LOGIN, bits=0
Jun  2 07:45:00 tera sendmail[30516]: t52BioX2030516: from=<condorito@uca.edu.py>, size=1784, class=0, nrcpts=1, msgid=<857F30B912C6E82BF7F2BB056146D8B0@zcau>, proto=ESMTP, daemon=TLSMTA, relay=[78.90.5.68]
Jun  2 07:45:00 tera sendmail[30655]: t52Bisdo030655: from=<condorito@uca.edu.py>, size=1943, class=0, nrcpts=1, msgid=<18E2AD2A3FEBC506DADF96284C331327@skimmb>, proto=ESMTP, daemon=TLSMTA, relay=c-24-0-0-81.hsd1.nj.comcast.net [24.0.0.81]
Jun  2 07:45:05 tera sendmail[30924]: AUTH=server, relay=cm-84.208.137.68.getinternet.no [84.208.137.68], authid=condorito@uca.edu.py, mech=LOGIN, bits=0
Jun  2 07:45:08 tera sendmail[31097]: AUTH=server, relay=CPEbcee7bec7c88-CM00159a65cb58.cpe.net.cable.rogers.com [173.34.103.242], authid=condorito@uca.edu.py, mech=LOGIN, bits=0
Jun  2 07:45:08 tera sendmail[31470]: t52Bj5ax031332: to=<condorito@uca.edu.py>, delay=00:00:01, xdelay=00:00:00, mailer=local, pri=33135, dsn=2.0.0, stat=Sent
Jun  2 07:45:10 tera sendmail[31097]: t52Bj3tf031097: from=<condorito@uca.edu.py>, size=0, class=0, nrcpts=0, proto=ESMTP, daemon=TLSMTA, relay=CPEbcee7bec7c88-CM00159a65cb58.cpe.net.cable.rogers.com [173.34.103.242]
Jun  2 07:45:11 tera sendmail[30924]: t52Biwio030924: from=<condorito@uca.edu.py>, size=2062, class=0, nrcpts=1, msgid=<9A602C8D64B09E6DB1B4FD42167FEF08@qtjb>, proto=ESMTP, daemon=TLSMTA, relay=cm-84.208.137.68.getinternet.no [84.208.137.68]
Jun  2 07:45:13 tera sendmail[31771]: t52Bj8EA031451: to=<condorito@uca.edu.py>, delay=00:00:03, xdelay=00:00:00, mailer=local, pri=34403, dsn=2.0.0, stat=Sent
Jun  2 07:45:13 tera sendmail[31317]: AUTH=server, relay=[95.46.87.163], authid=condorito@uca.edu.py, mech=LOGIN, bits=0
Jun  2 07:45:16 tera sendmail[31317]: t52Bj5aE031317: from=<condorito@uca.edu.py>, size=2122, class=0, nrcpts=1, msgid=<3CC68A2D71A58B78A4A1E857032B1AEA@yqzlsl>, proto=ESMTP, daemon=TLSMTA, relay=[95.46.87.163]
Jun  2 07:45:18 tera sendmail[31495]: AUTH=server, relay=114-198-7-101.dyn.iinet.net.au [114.198.7.101], authid=condorito@uca.edu.py, mech=LOGIN, bits=0
Jun  2 07:45:20 tera sendmail[31772]: AUTH=server, relay=ip68-102-123-232.ks.ok.cox.net [68.102.123.232], authid=condorito@uca.edu.py, mech=LOGIN, bits=0
Jun  2 07:45:22 tera sendmail[31815]: AUTH=server, relay=cpe-74-73-240-8.nyc.res.rr.com [74.73.240.8], authid=condorito@uca.edu.py, mech=LOGIN, bits=0
Jun  2 07:45:23 tera sendmail[31815]: t52BjF2I031815: from=<condorito@uca.edu.py>, size=0, class=0, nrcpts=0, proto=ESMTP, daemon=TLSMTA, relay=cpe-74-73-240-8.nyc.res.rr.com [74.73.240.8]
Jun  2 07:45:25 tera sendmail[31772]: t52BjEBg031772: from=<condorito@uca.edu.py>, size=2419, class=0, nrcpts=1, msgid=<89733F8F4C98B645999CD56A3EC9B6DD@lkbzcp>, proto=ESMTP, daemon=TLSMTA, relay=ip68-102-123-232.ks.ok.cox.net [68.102.123.232]
Jun  2 07:45:26 tera sendmail[31495]: t52Bj9x3031495: from=<condorito@uca.edu.py>, size=1776, class=0, nrcpts=1, msgid=<9C6629B4C21638FB27226BD5B1FC718C@vksfn>, proto=ESMTP, daemon=TLSMTA, relay=114-198-7-101.dyn.iinet.net.au [114.198.7.101]
Jun  2 07:45:26 tera sendmail[32518]: t52BjMB3032134: to=<condorito@uca.edu.py>, delay=00:00:02, xdelay=00:00:00, mailer=local, pri=34947, dsn=2.0.0, stat=Sent
Jun  2 07:45:27 tera sendmail[32007]: AUTH=server, relay=62-16-22-200.broadband.tenet.odessa.ua [62.16.22.200] (may be forged), authid=condorito@uca.edu.py, mech=LOGIN, bits=0
Jun  2 07:45:34 tera sendmail[32007]: t52BjKKM032007: from=<condorito@uca.edu.py>, size=2085, class=0, nrcpts=1, msgid=<A05A169BC4103ECD11145DE2B662BD54@huwgg>, proto=ESMTP, daemon=TLSMTA, relay=62-16-22-200.broadband.tenet.odessa.ua [62.16.22.200] (may be forged)
Jun  2 07:45:39 tera sendmail[758]: t52BjZ46000429: to=<condorito@uca.edu.py>, delay=00:00:03, xdelay=00:00:00, mailer=local, pri=34610, dsn=2.0.0, stat=Sent
Jun  2 07:45:46 tera sendmail[2054]: t52BjhTN001356: to=<condorito@uca.edu.py>, delay=00:00:02, xdelay=00:00:00, mailer=local, pri=34115, dsn=2.0.0, stat=Sent
Jun  2 07:45:47 tera sendmail[2087]: t52BjeAq001042: to=<condorito@uca.edu.py>, delay=00:00:04, xdelay=00:00:01, mailer=local, pri=33982, dsn=2.0.0, stat=Sent
Jun  2 07:45:57 tera sendmail[1665]: AUTH=server, relay=[202.159.28.170], authid=condorito@uca.edu.py, mech=LOGIN, bits=0
Jun  2 07:46:03 tera sendmail[1665]: t52BjkX7001665: from=<condorito@uca.edu.py>, size=1720, class=0, nrcpts=1, msgid=<7E84CB0E5387A96AB6B3FA4420DC63E1@pwlacyn>, proto=ESMTP, daemon=TLSMTA, relay=[202.159.28.170]
Jun  2 07:46:10 tera sendmail[2605]: AUTH=server, relay=S010600226866a78c.cg.shawcable.net [70.75.19.104], authid=condorito@uca.edu.py, mech=LOGIN, bits=0
Jun  2 07:46:12 tera sendmail[2676]: AUTH=server, relay=ip68-7-120-251.sd.sd.cox.net [68.7.120.251], authid=condorito@uca.edu.py, mech=LOGIN, bits=0
Jun  2 07:46:14 tera sendmail[2605]: t52Bk3Al002605: from=<condorito@uca.edu.py>, size=1859, class=0, nrcpts=1, msgid=<778DC15FE1351BE8343178C7932214A6@aztllz>, proto=ESMTP, daemon=TLSMTA, relay=S010600226866a78c.cg.shawcable.net [70.75.19.104]
Jun  2 07:46:16 tera sendmail[2798]: AUTH=server, relay=124-149-168-143.dyn.iinet.net.au [124.149.168.143], authid=condorito@uca.edu.py, mech=LOGIN, bits=0
Jun  2 07:46:17 tera sendmail[2890]: AUTH=server, relay=[31.135.64.15], authid=condorito@uca.edu.py, mech=LOGIN, bits=0
Jun  2 07:46:18 tera sendmail[2676]: t52Bk4U1002676: from=<condorito@uca.edu.py>, size=1944, class=0, nrcpts=1, msgid=<37CD816702D6F80BD7D29B247076435E@sepngpm>, proto=ESMTP, daemon=TLSMTA, relay=ip68-7-120-251.sd.sd.cox.net [68.7.120.251]
Jun  2 07:46:21 tera sendmail[2798]: t52Bk5RP002798: from=<condorito@uca.edu.py>, size=1866, class=0, nrcpts=1, msgid=<906A25E00CD8F635E9ECA51B7FF2DEA0@nnmwxl>, proto=ESMTP, daemon=TLSMTA, relay=124-149-168-143.dyn.iinet.net.au [124.149.168.143]
